Component: ARM Compiler 5.06 update 6 (build 750) Tool: armlink [4d35ed]

==============================================================================

Section Cross References

    startup_stm32f103xb.o(STACK) refers (Special) to heapauxi.o(.text) for __use_two_region_memory
    startup_stm32f103xb.o(HEAP) refers (Special) to heapauxi.o(.text) for __use_two_region_memory
    startup_stm32f103xb.o(RESET) refers (Special) to heapauxi.o(.text) for __use_two_region_memory
    startup_stm32f103xb.o(RESET) refers to startup_stm32f103xb.o(STACK) for __initial_sp
    startup_stm32f103xb.o(RESET) refers to startup_stm32f103xb.o(.text) for Reset_Handler
    startup_stm32f103xb.o(RESET) refers to stm32f1xx_it.o(i.NMI_Handler) for NMI_Handler
    startup_stm32f103xb.o(RESET) refers to stm32f1xx_it.o(i.HardFault_Handler) for HardFault_Handler
    startup_stm32f103xb.o(RESET) refers to stm32f1xx_it.o(i.MemManage_Handler) for MemManage_Handler
    startup_stm32f103xb.o(RESET) refers to stm32f1xx_it.o(i.BusFault_Handler) for BusFault_Handler
    startup_stm32f103xb.o(RESET) refers to stm32f1xx_it.o(i.UsageFault_Handler) for UsageFault_Handler
    startup_stm32f103xb.o(RESET) refers to port.o(.emb_text) for SVC_Handler
    startup_stm32f103xb.o(RESET) refers to stm32f1xx_it.o(i.DebugMon_Handler) for DebugMon_Handler
    startup_stm32f103xb.o(RESET) refers to cmsis_os2.o(i.SysTick_Handler) for SysTick_Handler
    startup_stm32f103xb.o(RESET) refers to stm32f1xx_it.o(i.USB_LP_CAN1_RX0_IRQHandler) for USB_LP_CAN1_RX0_IRQHandler
    startup_stm32f103xb.o(RESET) refers to stm32f1xx_it.o(i.TIM2_IRQHandler) for TIM2_IRQHandler
    startup_stm32f103xb.o(.text) refers (Special) to heapauxi.o(.text) for __use_two_region_memory
    startup_stm32f103xb.o(.text) refers to system_stm32f1xx.o(i.SystemInit) for SystemInit
    startup_stm32f103xb.o(.text) refers to __main.o(!!!main) for __main
    startup_stm32f103xb.o(.text) refers to startup_stm32f103xb.o(HEAP) for Heap_Mem
    startup_stm32f103xb.o(.text) refers to startup_stm32f103xb.o(STACK) for Stack_Mem
    main.o(i.AutoBalanceOnStartup) refers to fflt_clz.o(x$fpl$fflt) for __aeabi_i2f
    main.o(i.AutoBalanceOnStartup) refers to pid.o(i.PID_Compute) for PID_Compute
    main.o(i.AutoBalanceOnStartup) refers to main.o(i.readHallStateDebounced) for readHallStateDebounced
    main.o(i.AutoBalanceOnStartup) refers to main.o(i.getDirection) for getDirection
    main.o(i.AutoBalanceOnStartup) refers to f2d.o(x$fpl$f2d) for __aeabi_f2d
    main.o(i.AutoBalanceOnStartup) refers to dmul.o(x$fpl$dmul) for __aeabi_dmul
    main.o(i.AutoBalanceOnStartup) refers to daddsub_clz.o(x$fpl$dadd) for __aeabi_dadd
    main.o(i.AutoBalanceOnStartup) refers to d2f.o(x$fpl$d2f) for __aeabi_d2f
    main.o(i.AutoBalanceOnStartup) refers to fmul.o(x$fpl$fmul) for __aeabi_fmul
    main.o(i.AutoBalanceOnStartup) refers to main.o(i.updateMotors) for updateMotors
    main.o(i.AutoBalanceOnStartup) refers to main.o(i.getMotorAngle) for getMotorAngle
    main.o(i.AutoBalanceOnStartup) refers to stm32f1xx_hal.o(i.HAL_Delay) for HAL_Delay
    main.o(i.AutoBalanceOnStartup) refers to main.o(.data) for .data
    main.o(i.AutoBalanceOnStartup) refers to main.o(.bss) for .bss
    main.o(i.HAL_CAN_RxFifo0MsgPendingCallback) refers to stm32f1xx_hal_can.o(i.HAL_CAN_GetRxMessage) for HAL_CAN_GetRxMessage
    main.o(i.HAL_CAN_RxFifo0MsgPendingCallback) refers to main.o(.data) for .data
    main.o(i.HAL_CAN_RxFifo0MsgPendingCallback) refers to main.o(.bss) for .bss
    main.o(i.HAL_TIM_PeriodElapsedCallback) refers to stm32f1xx_hal.o(i.HAL_IncTick) for HAL_IncTick
    main.o(i.MX_CAN_Init) refers to stm32f1xx_hal_can.o(i.HAL_CAN_Init) for HAL_CAN_Init
    main.o(i.MX_CAN_Init) refers to stm32f1xx_hal_can.o(i.HAL_CAN_ConfigFilter) for HAL_CAN_ConfigFilter
    main.o(i.MX_CAN_Init) refers to stm32f1xx_hal_cortex.o(i.HAL_NVIC_SetPriority) for HAL_NVIC_SetPriority
    main.o(i.MX_CAN_Init) refers to stm32f1xx_hal_cortex.o(i.HAL_NVIC_EnableIRQ) for HAL_NVIC_EnableIRQ
    main.o(i.MX_CAN_Init) refers to main.o(.bss) for .bss
    main.o(i.MX_GPIO_Init) refers to stm32f1xx_hal_gpio.o(i.HAL_GPIO_WritePin) for HAL_GPIO_WritePin
    main.o(i.MX_GPIO_Init) refers to stm32f1xx_hal_gpio.o(i.HAL_GPIO_Init) for HAL_GPIO_Init
    main.o(i.MX_TIM1_Init) refers to rt_memclr_w.o(.text) for __aeabi_memclr4
    main.o(i.MX_TIM1_Init) refers to stm32f1xx_hal_tim.o(i.HAL_TIM_Base_Init) for HAL_TIM_Base_Init
    main.o(i.MX_TIM1_Init) refers to stm32f1xx_hal_tim.o(i.HAL_TIM_ConfigClockSource) for HAL_TIM_ConfigClockSource
    main.o(i.MX_TIM1_Init) refers to stm32f1xx_hal_tim.o(i.HAL_TIM_PWM_Init) for HAL_TIM_PWM_Init
    main.o(i.MX_TIM1_Init) refers to stm32f1xx_hal_tim_ex.o(i.HAL_TIMEx_MasterConfigSynchronization) for HAL_TIMEx_MasterConfigSynchronization
    main.o(i.MX_TIM1_Init) refers to stm32f1xx_hal_tim.o(i.HAL_TIM_PWM_ConfigChannel) for HAL_TIM_PWM_ConfigChannel
[...]
    prvResetNextTaskUnblockTime              0x08002bbd   Thumb Code    26  tasks.o(i.prvResetNextTaskUnblockTime)
    i.prvSampleTimeNow                       0x08002bdc   Section        0  timers.o(i.prvSampleTimeNow)
    prvSampleTimeNow                         0x08002bdd   Thumb Code    36  timers.o(i.prvSampleTimeNow)
    i.prvSwitchTimerLists                    0x08002c04   Section        0  timers.o(i.prvSwitchTimerLists)
    prvSwitchTimerLists                      0x08002c05   Thumb Code   104  timers.o(i.prvSwitchTimerLists)
    i.prvTaskExitError                       0x08002c70   Section        0  port.o(i.prvTaskExitError)
    prvTaskExitError                         0x08002c71   Thumb Code    36  port.o(i.prvTaskExitError)
    i.prvTimerTask                           0x08002c98   Section        0  timers.o(i.prvTimerTask)
    prvTimerTask                             0x08002c99   Thumb Code    32  timers.o(i.prvTimerTask)
    i.prvUnlockQueue                         0x08002cbc   Section        0  queue.o(i.prvUnlockQueue)
    prvUnlockQueue                           0x08002cbd   Thumb Code   106  queue.o(i.prvUnlockQueue)
    i.pvPortMalloc                           0x08002d28   Section        0  heap_4.o(i.pvPortMalloc)
    i.pxPortInitialiseStack                  0x08002e04   Section        0  port.o(i.pxPortInitialiseStack)
    i.readHallState                          0x08002e28   Section        0  main.o(i.readHallState)
    i.readHallStateDebounced                 0x08002e5c   Section        0  main.o(i.readHallStateDebounced)
    i.updateMotors                           0x08002e6c   Section        0  main.o(i.updateMotors)
    i.uxListRemove                           0x08002eec   Section        0  list.o(i.uxListRemove)
    i.vApplicationGetIdleTaskMemory          0x08002f14   Section        0  cmsis_os2.o(i.vApplicationGetIdleTaskMemory)
    i.vApplicationGetTimerTaskMemory         0x08002f28   Section        0  cmsis_os2.o(i.vApplicationGetTimerTaskMemory)
    i.vListInitialise                        0x08002f40   Section        0  list.o(i.vListInitialise)
    i.vListInitialiseItem                    0x08002f56   Section        0  list.o(i.vListInitialiseItem)
    i.vListInsert                            0x08002f5c   Section        0  list.o(i.vListInsert)
    i.vListInsertEnd                         0x08002f8c   Section        0  list.o(i.vListInsertEnd)
    i.vPortEnterCritical                     0x08002fa4   Section        0  port.o(i.vPortEnterCritical)
    i.vPortExitCritical                      0x08002fe4   Section        0  port.o(i.vPortExitCritical)
    i.vPortFree                              0x0800300c   Section        0  heap_4.o(i.vPortFree)
    i.vPortSetupTimerInterrupt               0x08003070   Section        0  port.o(i.vPortSetupTimerInterrupt)
    i.vPortValidateInterruptPriority         0x08003094   Section        0  port.o(i.vPortValidateInterruptPriority)
    i.vQueueAddToRegistry                    0x080030e8   Section        0  queue.o(i.vQueueAddToRegistry)
    i.vQueueWaitForMessageRestricted         0x08003110   Section        0  queue.o(i.vQueueWaitForMessageRestricted)
    i.vTaskDelay                             0x08003154   Section        0  tasks.o(i.vTaskDelay)
    i.vTaskInternalSetTimeOutState           0x080031a0   Section        0  tasks.o(i.vTaskInternalSetTimeOutState)
    i.vTaskMissedYield                       0x080031b0   Section        0  tasks.o(i.vTaskMissedYield)
    i.vTaskPlaceOnEventList                  0x080031bc   Section        0  tasks.o(i.vTaskPlaceOnEventList)
    i.vTaskPlaceOnEventListRestricted        0x080031ec   Section        0  tasks.o(i.vTaskPlaceOnEventListRestricted)
    i.vTaskStartScheduler                    0x08003224   Section        0  tasks.o(i.vTaskStartScheduler)
    i.vTaskSuspendAll                        0x080032ac   Section        0  tasks.o(i.vTaskSuspendAll)
    i.vTaskSwitchContext                     0x080032bc   Section        0  tasks.o(i.vTaskSwitchContext)
    i.xPortStartScheduler                    0x08003320   Section        0  port.o(i.xPortStartScheduler)
    i.xPortSysTickHandler                    0x080033c8   Section        0  port.o(i.xPortSysTickHandler)
    i.xQueueGenericCreateStatic              0x080033f4   Section        0  queue.o(i.xQueueGenericCreateStatic)
    i.xQueueGenericReset                     0x0800345c   Section        0  queue.o(i.xQueueGenericReset)
    i.xQueueGenericSend                      0x080034e4   Section        0  queue.o(i.xQueueGenericSend)
    i.xQueueGenericSendFromISR               0x08003644   Section        0  queue.o(i.xQueueGenericSendFromISR)
    i.xQueueReceive                          0x08003704   Section        0  queue.o(i.xQueueReceive)
    i.xTaskCheckForTimeOut                   0x0800383c   Section        0  tasks.o(i.xTaskCheckForTimeOut)
    i.xTaskCreate                            0x080038b0   Section        0  tasks.o(i.xTaskCreate)
    i.xTaskCreateStatic                      0x0800390a   Section        0  tasks.o(i.xTaskCreateStatic)
    i.xTaskGetSchedulerState                 0x08003960   Section        0  tasks.o(i.xTaskGetSchedulerState)
    i.xTaskGetTickCount                      0x0800397c   Section        0  tasks.o(i.xTaskGetTickCount)
    i.xTaskIncrementTick                     0x08003988   Section        0  tasks.o(i.xTaskIncrementTick)
    i.xTaskPriorityDisinherit                0x08003a50   Section        0  tasks.o(i.xTaskPriorityDisinherit)
    i.xTaskRemoveFromEventList               0x08003ad0   Section        0  tasks.o(i.xTaskRemoveFromEventList)
    i.xTaskResumeAll                         0x08003b40   Section        0  tasks.o(i.xTaskResumeAll)
    i.xTimerCreateTimerTask                  0x08003c04   Section        0  timers.o(i.xTimerCreateTimerTask)
    i.xTimerGenericCommand                   0x08003c64   Section        0  timers.o(i.xTimerGenericCommand)
    x$fpl$d2f                                0x08003ccc   Section       98  d2f.o(x$fpl$d2f)
    x$fpl$dadd                               0x08003d30   Section      336  daddsub_clz.o(x$fpl$dadd)
    _dadd1                                   0x08003d41   Thumb Code     0  daddsub_clz.o(x$fpl$dadd)
    x$fpl$dmul                               0x08003e80   Section      340  dmul.o(x$fpl$dmul)
    x$fpl$dnaninf                            0x08003fd4   Section      156  dnaninf.o(x$fpl$dnaninf)
    x$fpl$dretinf                            0x08004070   Section       12  dretinf.o(x$fpl$dretinf)
    x$fpl$dsub                               0x0800407c   Section      468  daddsub_clz.o(x$fpl$dsub)
    _dsub1                                   0x0800408d   Thumb Code     0  daddsub_clz.o(x$fpl$dsub)
    x$fpl$f2d                                0x08004250   Section       86  f2d.o(x$fpl$f2d)
    x$fpl$fadd                               0x080042a8   Section      196  faddsub_clz.o(x$fpl$fadd)
    _fadd1                                   0x080042b7   Thumb Code     0  faddsub_clz.o(x$fpl$fadd)
    x$fpl$fcheck1                            0x0800436c   Section       12  fcheck1.o(x$fpl$fcheck1)
    x$fpl$fcmp4                              0x08004378   Section      142  fcmp4.o(x$fpl$fcmp4)
    x$fpl$fcmpinf                            0x08004406   Section       24  fcmpi.o(x$fpl$fcmpinf)
    x$fpl$fdiv                               0x08004420   Section      388  fdiv.o(x$fpl$fdiv)
    _fdiv1                                   0x08004421   Thumb Code     0  fdiv.o(x$fpl$fdiv)
    x$fpl$ffixu                              0x080045a4   Section       62  ffixu.o(x$fpl$ffixu)
    x$fpl$fflt                               0x080045e4   Section       48  fflt_clz.o(x$fpl$fflt)
    x$fpl$ffltu                              0x08004614   Section       38  fflt_clz.o(x$fpl$ffltu)
    x$fpl$fmul                               0x0800463c   Section      258  fmul.o(x$fpl$fmul)
    x$fpl$fnaninf                            0x0800473e   Section      140  fnaninf.o(x$fpl$fnaninf)
    x$fpl$fretinf                            0x080047ca   Section       10  fretinf.o(x$fpl$fretinf)
    x$fpl$fsub                               0x080047d4   Section      234  faddsub_clz.o(x$fpl$fsub)
    _fsub1                                   0x080047e3   Thumb Code     0  faddsub_clz.o(x$fpl$fsub)
    x$fpl$retnan                             0x080048be   Section      100  retnan.o(x$fpl$retnan)
    x$fpl$scalbnf                            0x08004922   Section       76  scalbnf.o(x$fpl$scalbnf)
    x$fpl$trapveneer                         0x0800496e   Section       48  trapv.o(x$fpl$trapveneer)
    x$fpl$usenofp                            0x0800499e   Section        0  usenofp.o(x$fpl$usenofp)
    .constdata                               0x080049a0   Section      168  main.o(.constdata)
    .constdata                               0x08004a48   Section       18  stm32f1xx_hal_rcc.o(.constdata)
    aPredivFactorTable                       0x08004a48   Data           2  stm32f1xx_hal_rcc.o(.constdata)
    aPLLMULFactorTable                       0x08004a4a   Data          16  stm32f1xx_hal_rcc.o(.constdata)
    .constdata                               0x08004a5a   Section       16  system_stm32f1xx.o(.constdata)
    .constdata                               0x08004a6a   Section        8  system_stm32f1xx.o(.constdata)
    .conststring                             0x08004a74   Section       57  main.o(.conststring)
    .data                                    0x20000000   Section       76  main.o(.data)
    lastPWM                                  0x20000010   Data           4  main.o(.data)
    lastHallCounter                          0x20000030   Data           4  main.o(.data)
    lastTick                                 0x20000034   Data           4  main.o(.data)
    speedLeft                                0x20000038   Data           4  main.o(.data)
    .data                                    0x2000004c   Section       12  stm32f1xx_hal.o(.data)
    .data                                    0x20000058   Section        4  system_stm32f1xx.o(.data)
    .data                                    0x2000005c   Section       60  tasks.o(.data)
    uxDeletedTasksWaitingCleanUp             0x20000060   Data           4  tasks.o(.data)
    uxCurrentNumberOfTasks                   0x20000064   Data           4  tasks.o(.data)
    xTickCount                               0x20000068   Data           4  tasks.o(.data)
    uxTopReadyPriority                       0x2000006c   Data           4  tasks.o(.data)
    xSchedulerRunning                        0x20000070   Data           4  tasks.o(.data)
    xPendedTicks                             0x20000074   Data           4  tasks.o(.data)
    xYieldPending                            0x20000078   Data           4  tasks.o(.data)
    xNumOfOverflows                          0x2000007c   Data           4  tasks.o(.data)
    uxTaskNumber                             0x20000080   Data           4  tasks.o(.data)
    xNextTaskUnblockTime                     0x20000084   Data           4  tasks.o(.data)
    xIdleTaskHandle                          0x20000088   Data           4  tasks.o(.data)
    uxSchedulerSuspended                     0x2000008c   Data           4  tasks.o(.data)
    pxDelayedTaskList                        0x20000090   Data           4  tasks.o(.data)
    pxOverflowDelayedTaskList                0x20000094   Data           4  tasks.o(.data)
    .data                                    0x20000098   Section       20  timers.o(.data)
    xTimerQueue                              0x20000098   Data           4  timers.o(.data)
    xTimerTaskHandle                         0x2000009c   Data           4  timers.o(.data)
    xLastTime                                0x200000a0   Data           4  timers.o(.data)
    pxCurrentTimerList                       0x200000a4   Data           4  timers.o(.data)
    pxOverflowTimerList                      0x200000a8   Data           4  timers.o(.data)
    .data                                    0x200000ac   Section        4  cmsis_os2.o(.data)
    KernelState                              0x200000ac   Data           4  cmsis_os2.o(.data)
    .data                                    0x200000b0   Section       32  heap_4.o(.data)
    pxEnd                                    0x200000b0   Data           4  heap_4.o(.data)
    xFreeBytesRemaining                      0x200000b4   Data           4  heap_4.o(.data)
    xMinimumEverFreeBytesRemaining           0x200000b8   Data           4  heap_4.o(.data)
    xNumberOfSuccessfulAllocations           0x200000bc   Data           4  heap_4.o(.data)
    xNumberOfSuccessfulFrees                 0x200000c0   Data           4  heap_4.o(.data)
    xBlockAllocatedBit                       0x200000c4   Data           4  heap_4.o(.data)
    xStart                                   0x200000c8   Data           8  heap_4.o(.data)
    .data                                    0x200000d0   Section       12  port.o(.data)
    ucMaxSysCallPriority                     0x200000d0   Data           1  port.o(.data)
    uxCriticalNesting                        0x200000d4   Data           4  port.o(.data)
    ulMaxPRIGROUPValue                       0x200000d8   Data           4  port.o(.data)
    .bss                                     0x200000dc   Section      260  main.o(.bss)
    .bss                                     0x200001e0   Section       72  stm32f1xx_hal_timebase_tim.o(.bss)
    .bss                                     0x20000228   Section       64  queue.o(.bss)
    .bss                                     0x20000268   Section     1220  tasks.o(.bss)
    pxReadyTasksLists                        0x20000268   Data        1120  tasks.o(.bss)
    xDelayedTaskList1                        0x200006c8   Data          20  tasks.o(.bss)
    xDelayedTaskList2                        0x200006dc   Data          20  tasks.o(.bss)
    xPendingReadyList                        0x200006f0   Data          20  tasks.o(.bss)
    xTasksWaitingTermination                 0x20000704   Data          20  tasks.o(.bss)
    xSuspendedTaskList                       0x20000718   Data          20  tasks.o(.bss)
    .bss                                     0x2000072c   Section      280  timers.o(.bss)
    xStaticTimerQueue                        0x2000072c   Data          80  timers.o(.bss)
    ucStaticTimerQueueStorage                0x2000077c   Data         160  timers.o(.bss)
    xActiveTimerList1                        0x2000081c   Data          20  timers.o(.bss)
    xActiveTimerList2                        0x20000830   Data          20  timers.o(.bss)
    .bss                                     0x20000844   Section     1720  cmsis_os2.o(.bss)
    Idle_TCB                                 0x20000844   Data          92  cmsis_os2.o(.bss)
    Idle_Stack                               0x200008a0   Data         512  cmsis_os2.o(.bss)
    Timer_TCB                                0x20000aa0   Data          92  cmsis_os2.o(.bss)
    Timer_Stack                              0x20000afc   Data        1024  cmsis_os2.o(.bss)
    .bss                                     0x20000efc   Section     3072  heap_4.o(.bss)
    ucHeap                                   0x20000efc   Data        3072  heap_4.o(.bss)
    .bss                                     0x20001afc   Section       96  libspace.o(.bss)
    HEAP                                     0x20001b60   Section      512  startup_stm32f103xb.o(HEAP)
    Heap_Mem                                 0x20001b60   Data         512  startup_stm32f103xb.o(HEAP)
    STACK                                    0x20001d60   Section     1024  startup_stm32f103xb.o(STACK)
    Stack_Mem                                0x20001d60   Data        1024  startup_stm32f103xb.o(STACK)
    __initial_sp                             0x20002160   Data           0  startup_stm32f103xb.o(STACK)

    Global Symbols

    Symbol Name                              Value     Ov Type        Size  Object(Section)

    BuildAttributes$$THM_ISAv4$P$D$K$B$S$PE$A:L22UL41UL21$X:L11$S22US41US21$IEEE1$IW$USESV6$~STKCKD$USESV7$~SHL$OTIME$ROPI$IEEEJ$EBA8$UX$STANDARDLIB$REQ8$PRES8$EABIv2 0x00000000   Number         0  anon$$obj.o ABSOLUTE
    __ARM_use_no_argv                        0x00000000   Number         0  main.o ABSOLUTE
    __ARM_exceptions_init                     - Undefined Weak Reference
    __alloca_initialize                       - Undefined Weak Reference
    __arm_preinit_                            - Undefined Weak Reference
    __cpp_initialize__aeabi_                  - Undefined Weak Reference
    __cxa_finalize                            - Undefined Weak Reference
    __rt_locale                               - Undefined Weak Reference
    __sigvec_lookup                           - Undefined Weak Reference
    _atexit_init                              - Undefined Weak Reference
    _call_atexit_fns                          - Undefined Weak Reference
    _clock_init                               - Undefined Weak Reference
    _fp_trap_init                             - Undefined Weak Reference
    _fp_trap_shutdown                         - Undefined Weak Reference
    _get_lc_collate                           - Undefined Weak Reference
    _get_lc_ctype                             - Undefined Weak Reference
    _get_lc_monetary                          - Undefined Weak Reference
    _get_lc_numeric                           - Undefined Weak Reference
    _get_lc_time                              - Undefined Weak Reference
    _getenv_init                              - Undefined Weak Reference
    _handle_redirection                       - Undefined Weak Reference
    _init_alloc                               - Undefined Weak Reference
    _init_user_alloc                          - Undefined Weak Reference
    _initio                                   - Undefined Weak Reference
    _rand_init                                - Undefined Weak Reference
    _signal_finish                            - Undefined Weak Reference
    _signal_init                              - Undefined Weak Reference
    _terminate_alloc                          - Undefined Weak Reference
    _terminate_user_alloc                     - Undefined Weak Reference
    _terminateio                              - Undefined Weak Reference
    __Vectors_Size                           0x000000ec   Number         0  startup_stm32f103xb.o ABSOLUTE
    __Vectors                                0x08000000   Data           4  startup_stm32f103xb.o(RESET)
    __Vectors_End                            0x080000ec   Data           0  startup_stm32f103xb.o(RESET)
    __main                                   0x080000ed   Thumb Code     8  __main.o(!!!main)
    __scatterload                            0x080000f5   Thumb Code     0  __scatter.o(!!!scatter)
    __scatterload_rt2                        0x080000f5   Thumb Code    44  __scatter.o(!!!scatter)
    __scatterload_rt2_thumb_only             0x080000f5   Thumb Code     0  __scatter.o(!!!scatter)
    __scatterload_null                       0x08000103   Thumb Code     0  __scatter.o(!!!scatter)
    __scatterload_copy                       0x08000129   Thumb Code    26  __scatter_copy.o(!!handler_copy)
    __scatterload_zeroinit                   0x08000145   Thumb Code    28  __scatter_zi.o(!!handler_zi)
    __rt_lib_init                            0x08000161   Thumb Code     0  libinit.o(.ARM.Collect$$libinit$$00000000)
    __rt_lib_init_alloca_1                   0x08000163   Thumb Code     0  libinit2.o(.ARM.Collect$$libinit$$0000002E)
    __rt_lib_init_argv_1                     0x08000163   Thumb Code     0  libinit2.o(.ARM.Collect$$libinit$$0000002C)
    __rt_lib_init_atexit_1                   0x08000163   Thumb Code     0  libinit2.o(.ARM.Collect$$libinit$$0000001B)
    __rt_lib_init_clock_1                    0x08000163   Thumb Code     0  libinit2.o(.ARM.Collect$$libinit$$00000021)
    __rt_lib_init_cpp_1                      0x08000163   Thumb Code     0  libinit2.o(.ARM.Collect$$libinit$$00000032)
    __rt_lib_init_exceptions_1               0x08000163   Thumb Code     0  libinit2.o(.ARM.Collect$$libinit$$00000030)
    __rt_lib_init_fp_1                       0x08000163   Thumb Code     0  libinit2.o(.ARM.Collect$$libinit$$00000002)
    __rt_lib_init_fp_trap_1                  0x08000163   Thumb Code     0  libinit2.o(.ARM.Collect$$libinit$$0000001F)
    __rt_lib_init_getenv_1                   0x08000163   Thumb Code     0  libinit2.o(.ARM.Collect$$libinit$$00000023)
    __rt_lib_init_heap_1                     0x08000163   Thumb Code     0  libinit2.o(.ARM.Collect$$libinit$$0000000A)
    __rt_lib_init_lc_collate_1               0x08000163   Thumb Code     0  libinit2.o(.ARM.Collect$$libinit$$00000011)
    __rt_lib_init_lc_ctype_1                 0x08000163   Thumb Code     0  libinit2.o(.ARM.Collect$$libinit$$00000013)
    __rt_lib_init_lc_monetary_1              0x08000163   Thumb Code     0  libinit2.o(.ARM.Collect$$libinit$$00000015)
    __rt_lib_init_lc_numeric_1               0x08000163   Thumb Code     0  libinit2.o(.ARM.Collect$$libinit$$00000017)
    __rt_lib_init_lc_time_1                  0x08000163   Thumb Code     0  libinit2.o(.ARM.Collect$$libinit$$00000019)
    __rt_lib_init_preinit_1                  0x08000163   Thumb Code     0  libinit2.o(.ARM.Collect$$libinit$$00000004)
    __rt_lib_init_rand_1                     0x08000163   Thumb Code     0  libinit2.o(.ARM.Collect$$libinit$$0000000E)
    __rt_lib_init_return                     0x08000163   Thumb Code     0  libinit2.o(.ARM.Collect$$libinit$$00000033)
    __rt_lib_init_signal_1                   0x08000163   Thumb Code     0  libinit2.o(.ARM.Collect$$libinit$$0000001D)
    __rt_lib_init_stdio_1                    0x08000163   Thumb Code     0  libinit2.o(.ARM.Collect$$libinit$$00000025)
    __rt_lib_init_user_alloc_1               0x08000163   Thumb Code     0  libinit2.o(.ARM.Collect$$libinit$$0000000C)
    __rt_lib_shutdown                        0x08000165   Thumb Code     0  libshutdown.o(.ARM.Collect$$libshutdown$$00000000)
    __rt_lib_shutdown_cpp_1                  0x08000167   Thumb Code     0  libshutdown2.o(.ARM.Collect$$libshutdown$$00000002)
    __rt_lib_shutdown_fp_trap_1              0x08000167   Thumb Code     0  libshutdown2.o(.ARM.Collect$$libshutdown$$00000007)
    __rt_lib_shutdown_heap_1                 0x08000167   Thumb Code     0  libshutdown2.o(.ARM.Collect$$libshutdown$$0000000F)
    __rt_lib_shutdown_return                 0x08000167   Thumb Code     0  libshutdown2.o(.ARM.Collect$$libshutdown$$00000010)
    __rt_lib_shutdown_signal_1               0x08000167   Thumb Code     0  libshutdown2.o(.ARM.Collect$$libshutdown$$0000000A)
    __rt_lib_shutdown_stdio_1                0x08000167   Thumb Code     0  libshutdown2.o(.ARM.Collect$$libshutdown$$00000004)
    __rt_lib_shutdown_user_alloc_1           0x08000167   Thumb Code     0  libshutdown2.o(.ARM.Collect$$libshutdown$$0000000C)
    __rt_entry                               0x08000169   Thumb Code     0  __rtentry.o(.ARM.Collect$$rtentry$$00000000)
    __rt_entry_presh_1                       0x08000169   Thumb Code     0  __rtentry2.o(.ARM.Collect$$rtentry$$00000002)
    __rt_entry_sh                            0x08000169   Thumb Code     0  __rtentry4.o(.ARM.Collect$$rtentry$$00000004)
    __rt_entry_li                            0x0800016f   Thumb Code     0  __rtentry2.o(.ARM.Collect$$rtentry$$0000000A)
    __rt_entry_postsh_1                      0x0800016f   Thumb Code     0  __rtentry2.o(.ARM.Collect$$rtentry$$00000009)
    __rt_entry_main                          0x08000173   Thumb Code     0  __rtentry2.o(.ARM.Collect$$rtentry$$0000000D)
    __rt_entry_postli_1                      0x08000173   Thumb Code     0  __rtentry2.o(.ARM.Collect$$rtentry$$0000000C)
    __rt_exit                                0x0800017b   Thumb Code     0  rtexit.o(.ARM.Collect$$rtexit$$00000000)
    __rt_exit_ls                             0x0800017d   Thumb Code     0  rtexit2.o(.ARM.Collect$$rtexit$$00000003)
    __rt_exit_prels_1                        0x0800017d   Thumb Code     0  rtexit2.o(.ARM.Collect$$rtexit$$00000002)
    __rt_exit_exit                           0x08000181   Thumb Code     0  rtexit2.o(.ARM.Collect$$rtexit$$00000004)
    SVC_Handler                              0x08000189   Thumb Code    32  port.o(.emb_text)
    __asm___6_port_c_39a90d8d__prvStartFirstTask 0x080001ad   Thumb Code    28  port.o(.emb_text)
    PendSV_Handler                           0x080001cd   Thumb Code    72  port.o(.emb_text)
    vPortGetIPSR                             0x08000219   Thumb Code     6  port.o(.emb_text)
    Reset_Handler                            0x08000221   Thumb Code     8  startup_stm32f103xb.o(.text)
    ADC1_2_IRQHandler                        0x0800023b   Thumb Code     0  startup_stm32f103xb.o(.text)
    CAN1_RX1_IRQHandler                      0x0800023b   Thumb Code     0  startup_stm32f103xb.o(.text)
    CAN1_SCE_IRQHandler                      0x0800023b   Thumb Code     0  startup_stm32f103xb.o(.text)
    DMA1_Channel1_IRQHandler                 0x0800023b   Thumb Code     0  startup_stm32f103xb.o(.text)
    DMA1_Channel2_IRQHandler                 0x0800023b   Thumb Code     0  startup_stm32f103xb.o(.text)
    DMA1_Channel3_IRQHandler                 0x0800023b   Thumb Code     0  startup_stm32f103xb.o(.text)
    DMA1_Channel4_IRQHandler                 0x0800023b   Thumb Code     0  startup_stm32f103xb.o(.text)
    DMA1_Channel5_IRQHandler                 0x0800023b   Thumb Code     0  startup_stm32f103xb.o(.text)
    DMA1_Channel6_IRQHandler                 0x0800023b   Thumb Code     0  startup_stm32f103xb.o(.text)
    DMA1_Channel7_IRQHandler                 0x0800023b   Thumb Code     0  startup_stm32f103xb.o(.text)
    EXTI0_IRQHandler                         0x0800023b   Thumb Code     0  startup_stm32f103xb.o(.text)
    EXTI15_10_IRQHandler                     0x0800023b   Thumb Code     0  startup_stm32f103xb.o(.text)
    EXTI1_IRQHandler                         0x0800023b   Thumb Code     0  startup_stm32f103xb.o(.text)
    EXTI2_IRQHandler                         0x0800023b   Thumb Code     0  startup_stm32f103xb.o(.text)
    EXTI3_IRQHandler                         0x0800023b   Thumb Code     0  startup_stm32f103xb.o(.text)
    EXTI4_IRQHandler                         0x0800023b   Thumb Code     0  startup_stm32f103xb.o(.text)
    EXTI9_5_IRQHandler                       0x0800023b   Thumb Code     0  startup_stm32f103xb.o(.text)
    FLASH_IRQHandler                         0x0800023b   Thumb Code     0  startup_stm32f103xb.o(.text)
    I2C1_ER_IRQHandler                       0x0800023b   Thumb Code     0  startup_stm32f103xb.o(.text)
    I2C1_EV_IRQHandler                       0x0800023b   Thumb Code     0  startup_stm32f103xb.o(.text)
    I2C2_ER_IRQHandler                       0x0800023b   Thumb Code     0  startup_stm32f103xb.o(.text)
    I2C2_EV_IRQHandler                       0x0800023b   Thumb Code     0  startup_stm32f103xb.o(.text)
    PVD_IRQHandler                           0x0800023b   Thumb Code     0  startup_stm32f103xb.o(.text)
    RCC_IRQHandler                           0x0800023b   Thumb Code     0  startup_stm32f103xb.o(.text)
    RTC_Alarm_IRQHandler                     0x0800023b   Thumb Code     0  startup_stm32f103xb.o(.text)
    RTC_IRQHandler                           0x0800023b   Thumb Code     0  startup_stm32f103xb.o(.text)
    SPI1_IRQHandler                          0x0800023b   Thumb Code     0  startup_stm32f103xb.o(.text)
    SPI2_IRQHandler                          0x0800023b   Thumb Code     0  startup_stm32f103xb.o(.text)
    TAMPER_IRQHandler                        0x0800023b   Thumb Code     0  startup_stm32f103xb.o(.text)
    TIM1_BRK_IRQHandler                      0x0800023b   Thumb Code     0  startup_stm32f103xb.o(.text)
    TIM1_CC_IRQHandler                       0x0800023b   Thumb Code     0  startup_stm32f103xb.o(.text)
    TIM1_TRG_COM_IRQHandler                  0x0800023b   Thumb Code     0  startup_stm32f103xb.o(.text)
    TIM1_UP_IRQHandler                       0x0800023b   Thumb Code     0  startup_stm32f103xb.o(.text)
    TIM3_IRQHandler                          0x0800023b   Thumb Code     0  startup_stm32f103xb.o(.text)
    TIM4_IRQHandler                          0x0800023b   Thumb Code     0  startup_stm32f103xb.o(.text)
    USART1_IRQHandler                        0x0800023b   Thumb Code     0  startup_stm32f103xb.o(.text)
    USART2_IRQHandler                        0x0800023b   Thumb Code     0  startup_stm32f103xb.o(.text)
    USART3_IRQHandler                        0x0800023b   Thumb Code     0  startup_stm32f103xb.o(.text)
    USBWakeUp_IRQHandler                     0x0800023b   Thumb Code     0  startup_stm32f103xb.o(.text)
    USB_HP_CAN1_TX_IRQHandler                0x0800023b   Thumb Code     0  startup_stm32f103xb.o(.text)
    WWDG_IRQHandler                          0x0800023b   Thumb Code     0  startup_stm32f103xb.o(.text)
    __user_initial_stackheap                 0x0800023d   Thumb Code     0  startup_stm32f103xb.o(.text)
    __aeabi_memcpy                           0x08000261   Thumb Code     0  rt_memcpy_v6.o(.text)
    __rt_memcpy                              0x08000261   Thumb Code   138  rt_memcpy_v6.o(.text)
    _memcpy_lastbytes                        0x080002c7   Thumb Code     0  rt_memcpy_v6.o(.text)
    __aeabi_memcpy4                          0x080002eb   Thumb Code     0  rt_memcpy_w.o(.text)
    __aeabi_memcpy8                          0x080002eb   Thumb Code     0  rt_memcpy_w.o(.text)
    __rt_memcpy_w                            0x080002eb   Thumb Code   100  rt_memcpy_w.o(.text)
    _memcpy_lastbytes_aligned                0x08000333   Thumb Code     0  rt_memcpy_w.o(.text)
    __aeabi_memset                           0x0800034f   Thumb Code    16  aeabi_memset.o(.text)
    __aeabi_memclr4                          0x0800035f   Thumb Code     0  rt_memclr_w.o(.text)
    __aeabi_memclr8                          0x0800035f   Thumb Code     0  rt_memclr_w.o(.text)
    __rt_memclr_w                            0x0800035f   Thumb Code    78  rt_memclr_w.o(.text)
    _memset_w                                0x08000363   Thumb Code     0  rt_memclr_w.o(.text)
    __use_two_region_memory                  0x080003ad   Thumb Code     2  heapauxi.o(.text)
    __rt_heap_escrow$2region                 0x080003af   Thumb Code     2  heapauxi.o(.text)
    __rt_heap_expand$2region                 0x080003b1   Thumb Code     2  heapauxi.o(.text)
    __aeabi_memclr                           0x080003b3   Thumb Code     0  rt_memclr.o(.text)
    __rt_memclr                              0x080003b3   Thumb Code    68  rt_memclr.o(.text)
    _memset                                  0x080003b7   Thumb Code     0  rt_memclr.o(.text)
    __user_setup_stackheap                   0x080003f7   Thumb Code    74  sys_stackheap_outer.o(.text)
    exit                                     0x08000441   Thumb Code    18  exit.o(.text)
    __user_libspace                          0x08000455   Thumb Code     8  libspace.o(.text)
    __user_perproc_libspace                  0x08000455   Thumb Code     0  libspace.o(.text)
    __user_perthread_libspace                0x08000455   Thumb Code     0  libspace.o(.text)
    _sys_exit                                0x0800045d   Thumb Code     8  sys_exit.o(.text)
    __I$use$semihosting                      0x08000469   Thumb Code     0  use_no_semi.o(.text)
    __use_no_semihosting_swi                 0x08000469   Thumb Code     2  use_no_semi.o(.text)
    __semihosting_library_function           0x0800046b   Thumb Code     0  indicate_semi.o(.text)
    AutoBalanceOnStartup                     0x0800046d   Thumb Code   148  main.o(i.AutoBalanceOnStartup)
    BusFault_Handler                         0x08000515   Thumb Code     2  stm32f1xx_it.o(i.BusFault_Handler)
    DebugMon_Handler                         0x08000517   Thumb Code     2  stm32f1xx_it.o(i.DebugMon_Handler)
    HAL_CAN_ActivateNotification             0x08000519   Thumb Code    36  stm32f1xx_hal_can.o(i.HAL_CAN_ActivateNotification)
    HAL_CAN_ConfigFilter                     0x0800053d   Thumb Code   238  stm32f1xx_hal_can.o(i.HAL_CAN_ConfigFilter)
    HAL_CAN_ErrorCallback                    0x0800062b   Thumb Code     2  stm32f1xx_hal_can.o(i.HAL_CAN_ErrorCallback)
    HAL_CAN_GetRxMessage                     0x0800062d   Thumb Code   244  stm32f1xx_hal_can.o(i.HAL_CAN_GetRxMessage)
    HAL_CAN_IRQHandler                       0x08000721   Thumb Code   508  stm32f1xx_hal_can.o(i.HAL_CAN_IRQHandler)
    HAL_CAN_Init                             0x0800091d   Thumb Code   282  stm32f1xx_hal_can.o(i.HAL_CAN_Init)
    HAL_CAN_MspInit                          0x08000a39   Thumb Code   116  stm32f1xx_hal_msp.o(i.HAL_CAN_MspInit)
    HAL_CAN_RxFifo0FullCallback              0x08000ab9   Thumb Code     2  stm32f1xx_hal_can.o(i.HAL_CAN_RxFifo0FullCallback)
    HAL_CAN_RxFifo0MsgPendingCallback        0x08000abd   Thumb Code   108  main.o(i.HAL_CAN_RxFifo0MsgPendingCallback)
    HAL_CAN_RxFifo1FullCallback              0x08000b31   Thumb Code     2  stm32f1xx_hal_can.o(i.HAL_CAN_RxFifo1FullCallback)
    HAL_CAN_RxFifo1MsgPendingCallback        0x08000b33   Thumb Code     2  stm32f1xx_hal_can.o(i.HAL_CAN_RxFifo1MsgPendingCallback)
    HAL_CAN_SleepCallback                    0x08000b35   Thumb Code     2  stm32f1xx_hal_can.o(i.HAL_CAN_SleepCallback)
    HAL_CAN_Start                            0x08000b39   Thumb Code    88  stm32f1xx_hal_can.o(i.HAL_CAN_Start)
    HAL_CAN_TxMailbox0AbortCallback          0x08000b91   Thumb Code     2  stm32f1xx_hal_can.o(i.HAL_CAN_TxMailbox0AbortCallback)
    HAL_CAN_TxMailbox0CompleteCallback       0x08000b93   Thumb Code     2  stm32f1xx_hal_can.o(i.HAL_CAN_TxMailbox0CompleteCallback)
    HAL_CAN_TxMailbox1AbortCallback          0x08000b95   Thumb Code     2  stm32f1xx_hal_can.o(i.HAL_CAN_TxMailbox1AbortCallback)
    HAL_CAN_TxMailbox1CompleteCallback       0x08000b97   Thumb Code     2  stm32f1xx_hal_can.o(i.HAL_CAN_TxMailbox1CompleteCallback)
    HAL_CAN_TxMailbox2AbortCallback          0x08000b99   Thumb Code     2  stm32f1xx_hal_can.o(i.HAL_CAN_TxMailbox2AbortCallback)
    HAL_CAN_TxMailbox2CompleteCallback       0x08000b9b   Thumb Code     2  stm32f1xx_hal_can.o(i.HAL_CAN_TxMailbox2CompleteCallback)
    HAL_CAN_WakeUpFromRxMsgCallback          0x08000b9d   Thumb Code     2  stm32f1xx_hal_can.o(i.HAL_CAN_WakeUpFromRxMsgCallback)
    HAL_Delay                                0x08000ba1   Thumb Code    32  stm32f1xx_hal.o(i.HAL_Delay)
    HAL_GPIO_Init                            0x08000bc5   Thumb Code   446  stm32f1xx_hal_gpio.o(i.HAL_GPIO_Init)
    HAL_GPIO_ReadPin                         0x08000da5   Thumb Code    10  stm32f1xx_hal_gpio.o(i.HAL_GPIO_ReadPin)
    HAL_GPIO_WritePin                        0x08000daf   Thumb Code    10  stm32f1xx_hal_gpio.o(i.HAL_GPIO_WritePin)
    HAL_GetTick                              0x08000db9   Thumb Code     6  stm32f1xx_hal.o(i.HAL_GetTick)
    HAL_IncTick                              0x08000dc5   Thumb Code    12  stm32f1xx_hal.o(i.HAL_IncTick)
    HAL_Init                                 0x08000dd5   Thumb Code    32  stm32f1xx_hal.o(i.HAL_Init)
    HAL_InitTick                             0x08000df9   Thumb Code   134  stm32f1xx_hal_timebase_tim.o(i.HAL_InitTick)
    HAL_MspInit                              0x08000e91   Thumb Code    62  stm32f1xx_hal_msp.o(i.HAL_MspInit)
    HAL_NVIC_EnableIRQ                       0x08000ed9   Thumb Code    26  stm32f1xx_hal_cortex.o(i.HAL_NVIC_EnableIRQ)
    HAL_NVIC_SetPriority                     0x08000ef5   Thumb Code    60  stm32f1xx_hal_cortex.o(i.HAL_NVIC_SetPriority)
    HAL_NVIC_SetPriorityGrouping             0x08000f35   Thumb Code    26  stm32f1xx_hal_cortex.o(i.HAL_NVIC_SetPriorityGrouping)
    HAL_RCC_ClockConfig                      0x08000f59   Thumb Code   280  stm32f1xx_hal_rcc.o(i.HAL_RCC_ClockConfig)
    HAL_RCC_GetClockConfig                   0x08001085   Thumb Code    54  stm32f1xx_hal_rcc.o(i.HAL_RCC_GetClockConfig)
    HAL_RCC_GetPCLK1Freq                     0x080010c5   Thumb Code    20  stm32f1xx_hal_rcc.o(i.HAL_RCC_GetPCLK1Freq)
    HAL_RCC_GetSysClockFreq                  0x080010e5   Thumb Code    58  stm32f1xx_hal_rcc.o(i.HAL_RCC_GetSysClockFreq)
    HAL_RCC_OscConfig                        0x08001131   Thumb Code   778  stm32f1xx_hal_rcc.o(i.HAL_RCC_OscConfig)
    HAL_TIMEx_BreakCallback                  0x08001451   Thumb Code     2  stm32f1xx_hal_tim_ex.o(i.HAL_TIMEx_BreakCallback)
    HAL_TIMEx_CommutCallback                 0x08001453   Thumb Code     2  stm32f1xx_hal_tim_ex.o(i.HAL_TIMEx_CommutCallback)
    HAL_TIMEx_ConfigBreakDeadTime            0x08001455   Thumb Code    84  stm32f1xx_hal_tim_ex.o(i.HAL_TIMEx_ConfigBreakDeadTime)
    HAL_TIMEx_MasterConfigSynchronization    0x080014a9   Thumb Code    92  stm32f1xx_hal_tim_ex.o(i.HAL_TIMEx_MasterConfigSynchronization)
    HAL_TIM_Base_Init                        0x08001511   Thumb Code    90  stm32f1xx_hal_tim.o(i.HAL_TIM_Base_Init)
    HAL_TIM_Base_MspInit                     0x0800156d   Thumb Code    30  stm32f1xx_hal_msp.o(i.HAL_TIM_Base_MspInit)
    HAL_TIM_Base_Start_IT                    0x08001595   Thumb Code    76  stm32f1xx_hal_tim.o(i.HAL_TIM_Base_Start_IT)
    HAL_TIM_ConfigClockSource                0x080015ed   Thumb Code   220  stm32f1xx_hal_tim.o(i.HAL_TIM_ConfigClockSource)
    HAL_TIM_IC_CaptureCallback               0x080016c9   Thumb Code     2  stm32f1xx_hal_tim.o(i.HAL_TIM_IC_CaptureCallback)
    HAL_TIM_IRQHandler                       0x080016cb   Thumb Code   304  stm32f1xx_hal_tim.o(i.HAL_TIM_IRQHandler)
    HAL_TIM_MspPostInit                      0x080017fd   Thumb Code    64  stm32f1xx_hal_msp.o(i.HAL_TIM_MspPostInit)
    HAL_TIM_OC_DelayElapsedCallback          0x08001849   Thumb Code     2  stm32f1xx_hal_tim.o(i.HAL_TIM_OC_DelayElapsedCallback)
    HAL_TIM_PWM_ConfigChannel                0x0800184b   Thumb Code   204  stm32f1xx_hal_tim.o(i.HAL_TIM_PWM_ConfigChannel)
    HAL_TIM_PWM_Init                         0x08001917   Thumb Code    90  stm32f1xx_hal_tim.o(i.HAL_TIM_PWM_Init)
    HAL_TIM_PWM_MspInit                      0x08001971   Thumb Code     2  stm32f1xx_hal_tim.o(i.HAL_TIM_PWM_MspInit)
    HAL_TIM_PWM_PulseFinishedCallback        0x08001973   Thumb Code     2  stm32f1xx_hal_tim.o(i.HAL_TIM_PWM_PulseFinishedCallback)
    HAL_TIM_PWM_Start                        0x08001975   Thumb Code   144  stm32f1xx_hal_tim.o(i.HAL_TIM_PWM_Start)
    HAL_TIM_PeriodElapsedCallback            0x08001a11   Thumb Code    14  main.o(i.HAL_TIM_PeriodElapsedCallback)
    HAL_TIM_TriggerCallback                  0x08001a1f   Thumb Code     2  stm32f1xx_hal_tim.o(i.HAL_TIM_TriggerCallback)
    HardFault_Handler                        0x08001a21   Thumb Code     2  stm32f1xx_it.o(i.HardFault_Handler)
    MemManage_Handler                        0x08001c29   Thumb Code     2  stm32f1xx_it.o(i.MemManage_Handler)
    MotorControl                             0x08001c2d   Thumb Code    24  main.o(i.MotorControl)
    NMI_Handler                              0x08001c49   Thumb Code     2  stm32f1xx_it.o(i.NMI_Handler)
    PID_Compute                              0x08001c4d   Thumb Code   124  pid.o(i.PID_Compute)
    PID_Reset                                0x08001cd9   Thumb Code    10  main.o(i.PID_Reset)
    ReadHall                                 0x08001ce5   Thumb Code    52  main.o(i.ReadHall)
    ReceiveCAN                               0x08001d1d   Thumb Code    20  main.o(i.ReceiveCAN)
    StartDefaultTask                         0x08001d35   Thumb Code     8  main.o(i.StartDefaultTask)
    SysTick_Handler                          0x08001d3d   Thumb Code    26  cmsis_os2.o(i.SysTick_Handler)
    SystemClock_Config                       0x08001d57   Thumb Code    94  main.o(i.SystemClock_Config)
    SystemInit                               0x08001db5   Thumb Code     2  system_stm32f1xx.o(i.SystemInit)
    TIM2_IRQHandler                          0x08001db9   Thumb Code     6  stm32f1xx_it.o(i.TIM2_IRQHandler)
    TIM_Base_SetConfig                       0x08001dc5   Thumb Code   108  stm32f1xx_hal_tim.o(i.TIM_Base_SetConfig)
    TIM_CCxChannelCmd                        0x08001e3d   Thumb Code    26  stm32f1xx_hal_tim.o(i.TIM_CCxChannelCmd)
    TIM_ETR_SetConfig                        0x08001e57   Thumb Code    20  stm32f1xx_hal_tim.o(i.TIM_ETR_SetConfig)
    TIM_OC2_SetConfig                        0x08001ecd   Thumb Code    84  stm32f1xx_hal_tim.o(i.TIM_OC2_SetConfig)
    USB_LP_CAN1_RX0_IRQHandler               0x08002009   Thumb Code     6  stm32f1xx_it.o(i.USB_LP_CAN1_RX0_IRQHandler)
    UsageFault_Handler                       0x08002015   Thumb Code     2  stm32f1xx_it.o(i.UsageFault_Handler)
    checkSafetyStop                          0x08002039   Thumb Code   196  main.o(i.checkSafetyStop)
    controlLoop                              0x0800210d   Thumb Code   354  main.o(i.controlLoop)
    fmaxf                                    0x0800228d   Thumb Code    40  fmaxf.o(i.fmaxf)
    fminf                                    0x080022b5   Thumb Code    40  fminf.o(i.fminf)
    getDirection                             0x080022dd   Thumb Code    68  main.o(i.getDirection)
    getMotorAngle                            0x08002325   Thumb Code    26  main.o(i.getMotorAngle)
    getMotorSpeed                            0x0800234d   Thumb Code    72  main.o(i.getMotorSpeed)
    main                                     0x080023a1   Thumb Code   192  main.o(i.main)
    osDelay                                  0x08002491   Thumb Code    26  cmsis_os2.o(i.osDelay)
    osKernelInitialize                       0x080024ad   Thumb Code    32  cmsis_os2.o(i.osKernelInitialize)
    osKernelStart                            0x080024d1   Thumb Code    48  cmsis_os2.o(i.osKernelStart)
    osThreadNew                              0x08002509   Thumb Code   138  cmsis_os2.o(i.osThreadNew)
    pvPortMalloc                             0x08002d29   Thumb Code   216  heap_4.o(i.pvPortMalloc)
    pxPortInitialiseStack                    0x08002e05   Thumb Code    32  port.o(i.pxPortInitialiseStack)
    readHallState                            0x08002e29   Thumb Code    44  main.o(i.readHallState)
    readHallStateDebounced                   0x08002e5d   Thumb Code    12  main.o(i.readHallStateDebounced)
    updateMotors                             0x08002e6d   Thumb Code   112  main.o(i.updateMotors)
    uxListRemove                             0x08002eed   Thumb Code    38  list.o(i.uxListRemove)
    vApplicationGetIdleTaskMemory            0x08002f15   Thumb Code    16  cmsis_os2.o(i.vApplicationGetIdleTaskMemory)
    vApplicationGetTimerTaskMemory           0x08002f29   Thumb Code    18  cmsis_os2.o(i.vApplicationGetTimerTaskMemory)
    vListInitialise                          0x08002f41   Thumb Code    22  list.o(i.vListInitialise)
    vListInitialiseItem                      0x08002f57   Thumb Code     6  list.o(i.vListInitialiseItem)
    vListInsert                              0x08002f5d   Thumb Code    48  list.o(i.vListInsert)
    vListInsertEnd                           0x08002f8d   Thumb Code    24  list.o(i.vListInsertEnd)
    vPortEnterCritical                       0x08002fa5   Thumb Code    54  port.o(i.vPortEnterCritical)
    vPortExitCritical                        0x08002fe5   Thumb Code    34  port.o(i.vPortExitCritical)
    vPortFree                                0x0800300d   Thumb Code    94  heap_4.o(i.vPortFree)
    vPortSetupTimerInterrupt                 0x08003071   Thumb Code    32  port.o(i.vPortSetupTimerInterrupt)
    vPortValidateInterruptPriority           0x08003095   Thumb Code    74  port.o(i.vPortValidateInterruptPriority)
    vQueueAddToRegistry                      0x080030e9   Thumb Code    34  queue.o(i.vQueueAddToRegistry)
    vQueueWaitForMessageRestricted           0x08003111   Thumb Code    68  queue.o(i.vQueueWaitForMessageRestricted)
    vTaskDelay                               0x08003155   Thumb Code    66  tasks.o(i.vTaskDelay)
    vTaskInternalSetTimeOutState             0x080031a1   Thumb Code    12  tasks.o(i.vTaskInternalSetTimeOutState)
    vTaskMissedYield                         0x080031b1   Thumb Code     8  tasks.o(i.vTaskMissedYield)
    vTaskPlaceOnEventList                    0x080031bd   Thumb Code    44  tasks.o(i.vTaskPlaceOnEventList)
    vTaskPlaceOnEventListRestricted          0x080031ed   Thumb Code    52  tasks.o(i.vTaskPlaceOnEventListRestricted)
    vTaskStartScheduler                      0x08003225   Thumb Code   118  tasks.o(i.vTaskStartScheduler)
    vTaskSuspendAll                          0x080032ad   Thumb Code    10  tasks.o(i.vTaskSuspendAll)
    vTaskSwitchContext                       0x080032bd   Thumb Code    90  tasks.o(i.vTaskSwitchContext)
    xPortStartScheduler                      0x08003321   Thumb Code   154  port.o(i.xPortStartScheduler)
    xPortSysTickHandler                      0x080033c9   Thumb Code    38  port.o(i.xPortSysTickHandler)
    xQueueGenericCreateStatic                0x080033f5   Thumb Code   102  queue.o(i.xQueueGenericCreateStatic)
    xQueueGenericReset                       0x0800345d   Thumb Code   132  queue.o(i.xQueueGenericReset)
    xQueueGenericSend                        0x080034e5   Thumb Code   346  queue.o(i.xQueueGenericSend)
    xQueueGenericSendFromISR                 0x08003645   Thumb Code   190  queue.o(i.xQueueGenericSendFromISR)
    xQueueReceive                            0x08003705   Thumb Code   308  queue.o(i.xQueueReceive)
    xTaskCheckForTimeOut                     0x0800383d   Thumb Code   112  tasks.o(i.xTaskCheckForTimeOut)
    xTaskCreate                              0x080038b1   Thumb Code    90  tasks.o(i.xTaskCreate)
    xTaskCreateStatic                        0x0800390b   Thumb Code    86  tasks.o(i.xTaskCreateStatic)
    xTaskGetSchedulerState                   0x08003961   Thumb Code    22  tasks.o(i.xTaskGetSchedulerState)
    xTaskGetTickCount                        0x0800397d   Thumb Code     6  tasks.o(i.xTaskGetTickCount)
    xTaskIncrementTick                       0x08003989   Thumb Code   192  tasks.o(i.xTaskIncrementTick)
    xTaskPriorityDisinherit                  0x08003a51   Thumb Code   118  tasks.o(i.xTaskPriorityDisinherit)
    xTaskRemoveFromEventList                 0x08003ad1   Thumb Code    98  tasks.o(i.xTaskRemoveFromEventList)
    xTaskResumeAll                           0x08003b41   Thumb Code   182  tasks.o(i.xTaskResumeAll)
    xTimerCreateTimerTask                    0x08003c05   Thumb Code    78  timers.o(i.xTimerCreateTimerTask)
    xTimerGenericCommand                     0x08003c65   Thumb Code    98  timers.o(i.xTimerGenericCommand)
    __aeabi_d2f                              0x08003ccd   Thumb Code     0  d2f.o(x$fpl$d2f)
    _d2f                                     0x08003ccd   Thumb Code    98  d2f.o(x$fpl$d2f)
    __aeabi_dadd                             0x08003d31   Thumb Code     0  daddsub_clz.o(x$fpl$dadd)
    _dadd                                    0x08003d31   Thumb Code   332  daddsub_clz.o(x$fpl$dadd)
    __aeabi_dmul                             0x08003e81   Thumb Code     0  dmul.o(x$fpl$dmul)
    _dmul                                    0x08003e81   Thumb Code   332  dmul.o(x$fpl$dmul)
    __fpl_dnaninf                            0x08003fd5   Thumb Code   156  dnaninf.o(x$fpl$dnaninf)
    __fpl_dretinf                            0x08004071   Thumb Code    12  dretinf.o(x$fpl$dretinf)
    __aeabi_dsub                             0x0800407d   Thumb Code     0  daddsub_clz.o(x$fpl$dsub)
    _dsub                                    0x0800407d   Thumb Code   464  daddsub_clz.o(x$fpl$dsub)
    __aeabi_f2d                              0x08004251   Thumb Code     0  f2d.o(x$fpl$f2d)
    _f2d                                     0x08004251   Thumb Code    86  f2d.o(x$fpl$f2d)
    __aeabi_fadd                             0x080042a9   Thumb Code     0  faddsub_clz.o(x$fpl$fadd)
    _fadd                                    0x080042a9   Thumb Code   196  faddsub_clz.o(x$fpl$fadd)
    __fpl_fcheck_NaN1                        0x0800436d   Thumb Code     6  fcheck1.o(x$fpl$fcheck1)
    __fcmp4                                  0x08004379   Thumb Code    82  fcmp4.o(x$fpl$fcmp4)
    __ARM_fcmp4                              0x080043cb   Thumb Code     0  fcmp4.o(x$fpl$fcmp4)
    _fcmp4                                   0x080043cb   Thumb Code    60  fcmp4.o(x$fpl$fcmp4)
    __fpl_fcmp_Inf                           0x08004407   Thumb Code    24  fcmpi.o(x$fpl$fcmpinf)
    __aeabi_fdiv                             0x08004421   Thumb Code     0  fdiv.o(x$fpl$fdiv)
    _fdiv                                    0x08004421   Thumb Code   384  fdiv.o(x$fpl$fdiv)
    __aeabi_f2uiz                            0x080045a5   Thumb Code     0  ffixu.o(x$fpl$ffixu)
    _ffixu                                   0x080045a5   Thumb Code    62  ffixu.o(x$fpl$ffixu)
    __aeabi_i2f                              0x080045e5   Thumb Code     0  fflt_clz.o(x$fpl$fflt)
    _fflt                                    0x080045e5   Thumb Code    48  fflt_clz.o(x$fpl$fflt)
    __aeabi_ui2f                             0x08004615   Thumb Code     0  fflt_clz.o(x$fpl$ffltu)
    _ffltu                                   0x08004615   Thumb Code    38  fflt_clz.o(x$fpl$ffltu)
    __aeabi_fmul                             0x0800463d   Thumb Code     0  fmul.o(x$fpl$fmul)
    _fmul                                    0x0800463d   Thumb Code   258  fmul.o(x$fpl$fmul)
    __fpl_fnaninf                            0x0800473f   Thumb Code   140  fnaninf.o(x$fpl$fnaninf)
    __fpl_fretinf                            0x080047cb   Thumb Code    10  fretinf.o(x$fpl$fretinf)
    __aeabi_fsub                             0x080047d5   Thumb Code     0  faddsub_clz.o(x$fpl$fsub)
    _fsub                                    0x080047d5   Thumb Code   234  faddsub_clz.o(x$fpl$fsub)
    __fpl_return_NaN                         0x080048bf   Thumb Code   100  retnan.o(x$fpl$retnan)
    __ARM_scalbnf                            0x08004923   Thumb Code    76  scalbnf.o(x$fpl$scalbnf)
    __fpl_cmpreturn                          0x0800496f   Thumb Code    48  trapv.o(x$fpl$trapveneer)
    __I$use$fp                               0x0800499e   Number         0  usenofp.o(x$fpl$usenofp)
    defaultTask_attributes                   0x080049a0   Data          36  main.o(.constdata)
    TaskReceiveCAN_attributes                0x080049c4   Data          36  main.o(.constdata)
    TaskMControl_attributes                  0x080049e8   Data          36  main.o(.constdata)
    TaskReadHall_attributes                  0x08004a0c   Data          36  main.o(.constdata)
    AHBPrescTable                            0x08004a5a   Data          16  system_stm32f1xx.o(.constdata)
    APBPrescTable                            0x08004a6a   Data           8  system_stm32f1xx.o(.constdata)
    Region$$Table$$Base                      0x08004ab0   Number         0  anon$$obj.o(Region$$Table)
    Region$$Table$$Limit                     0x08004ad0   Number         0  anon$$obj.o(Region$$Table)
    isBalanced                               0x20000000   Data           1  main.o(.data)
    currentState                             0x20000001   Data           1  main.o(.data)
    direction                                0x20000002   Data           1  main.o(.data)
    lastHallState                            0x20000003   Data           1  main.o(.data)
    lastState                                0x20000004   Data           1  main.o(.data)
    angleY                                   0x20000006   Data           2  main.o(.data)
    stuckTimer                               0x20000008   Data           4  main.o(.data)
    dt                                       0x2000000c   Data           4  main.o(.data)
    alpha                                    0x20000014   Data           4  main.o(.data)
    positionOffset                           0x20000018   Data           4  main.o(.data)
    hallCounter                              0x2000001c   Data           4  main.o(.data)
    homePosition                             0x20000020   Data           4  main.o(.data)
    RxData                                   0x20000024   Data           4  main.o(.data)
    joyStickX                                0x20000028   Data           4  main.o(.data)
    joyStickY                                0x2000002c   Data           4  main.o(.data)
    defaultTaskHandle                        0x2000003c   Data           4  main.o(.data)
    TaskReceiveCANHandle                     0x20000040   Data           4  main.o(.data)
    TaskMControlHandle                       0x20000044   Data           4  main.o(.data)
    TaskReadHallHandle                       0x20000048   Data           4  main.o(.data)
    uwTickFreq                               0x2000004c   Data           1  stm32f1xx_hal.o(.data)
    uwTickPrio                               0x20000050   Data           4  stm32f1xx_hal.o(.data)
    uwTick                                   0x20000054   Data           4  stm32f1xx_hal.o(.data)
    SystemCoreClock                          0x20000058   Data           4  system_stm32f1xx.o(.data)
    pxCurrentTCB                             0x2000005c   Data           4  tasks.o(.data)
    robotStatus                              0x200000dc   Data          24  main.o(.bss)
    hcan                                     0x200000f4   Data          40  main.o(.bss)
    htim1                                    0x2000011c   Data          72  main.o(.bss)
    PID_Position                             0x20000164   Data          24  main.o(.bss)
    PID_Pitch                                0x2000017c   Data          24  main.o(.bss)
    PID_SpeedLeft                            0x20000194   Data          24  main.o(.bss)
    PID_Startup                              0x200001ac   Data          24  main.o(.bss)
    RxHeader                                 0x200001c4   Data          28  main.o(.bss)
    htim2                                    0x200001e0   Data          72  stm32f1xx_hal_timebase_tim.o(.bss)
    xQueueRegistry                           0x20000228   Data          64  queue.o(.bss)
    __libspace_start                         0x20001afc   Data          96  libspace.o(.bss)
    __temporary_stack_top$libspace           0x20001b5c   Data           0  libspace.o(.bss)



==============================================================================

Memory Map of the image

  Image Entry point : 0x080000ed

  Load Region LR_IROM1 (Base: 0x08000000, Size: 0x00004bac, Max: 0x00010000, ABSOLUTE)

    Execution Region ER_IROM1 (Exec base: 0x08000000, Load base: 0x08000000, Size: 0x00004ad0, Max: 0x00010000, ABSOLUTE)

    Exec Addr    Load Addr    Size         Type   Attr      Idx    E Section Name        Object

    0x08000000   0x08000000   0x000000ec   Data   RO            3    RESET               startup_stm32f103xb.o
    0x080000ec   0x080000ec   0x00000008   Code   RO         4537  * !!!main             c_w.l(__main.o)
    0x080000f4   0x080000f4   0x00000034   Code   RO         4757    !!!scatter          c_w.l(__scatter.o)
    0x08000128   0x08000128   0x0000001a   Code   RO         4759    !!handler_copy      c_w.l(__scatter_copy.o)
    0x08000142   0x08000142   0x00000002   PAD
    0x08000144   0x08000144   0x0000001c   Code   RO         4761    !!handler_zi        c_w.l(__scatter_zi.o)
    0x08000160   0x08000160   0x00000002   Code   RO         4625    .ARM.Collect$$libinit$$00000000  c_w.l(libinit.o)
    0x08000162   0x08000162   0x00000000   Code   RO         4634    .ARM.Collect$$libinit$$00000002  c_w.l(libinit2.o)
    0x08000162   0x08000162   0x00000000   Code   RO         4636    .ARM.Collect$$libinit$$00000004  c_w.l(libinit2.o)
    0x08000162   0x08000162   0x00000000   Code   RO         4639    .ARM.Collect$$libinit$$0000000A  c_w.l(libinit2.o)
    0x08000162   0x08000162   0x00000000   Code   RO         4641    .ARM.Collect$$libinit$$0000000C  c_w.l(libinit2.o)
    0x08000162   0x08000162   0x00000000   Code   RO         4643    .ARM.Collect$$libinit$$0000000E  c_w.l(libinit2.o)
    0x08000162   0x08000162   0x00000000   Code   RO         4646    .ARM.Collect$$libinit$$00000011  c_w.l(libinit2.o)
    0x08000162   0x08000162   0x00000000   Code   RO         4648    .ARM.Collect$$libinit$$00000013  c_w.l(libinit2.o)
    0x08000162   0x08000162   0x00000000   Code   RO         4650    .ARM.Collect$$libinit$$00000015  c_w.l(libinit2.o)
    0x08000162   0x08000162   0x00000000   Code   RO         4652    .ARM.Collect$$libinit$$00000017  c_w.l(libinit2.o)
    0x08000162   0x08000162   0x00000000   Code   RO         4654    .ARM.Collect$$libinit$$00000019  c_w.l(libinit2.o)
    0x08000162   0x08000162   0x00000000   Code   RO         4656    .ARM.Collect$$libinit$$0000001B  c_w.l(libinit2.o)
    0x08000162   0x08000162   0x00000000   Code   RO         4658    .ARM.Collect$$libinit$$0000001D  c_w.l(libinit2.o)
    0x08000162   0x08000162   0x00000000   Code   RO         4660    .ARM.Collect$$libinit$$0000001F  c_w.l(libinit2.o)
    0x08000162   0x08000162   0x00000000   Code   RO         4662    .ARM.Collect$$libinit$$00000021  c_w.l(libinit2.o)
    0x08000162   0x08000162   0x00000000   Code   RO         4664    .ARM.Collect$$libinit$$00000023  c_w.l(libinit2.o)
    0x08000162   0x08000162   0x00000000   Code   RO         4666    .ARM.Collect$$libinit$$00000025  c_w.l(libinit2.o)
    0x08000162   0x08000162   0x00000000   Code   RO         4670    .ARM.Collect$$libinit$$0000002C  c_w.l(libinit2.o)
    0x08000162   0x08000162   0x00000000   Code   RO         4672    .ARM.Collect$$libinit$$0000002E  c_w.l(libinit2.o)
    0x08000162   0x08000162   0x00000000   Code   RO         4674    .ARM.Collect$$libinit$$00000030  c_w.l(libinit2.o)
    0x08000162   0x08000162   0x00000000   Code   RO         4676    .ARM.Collect$$libinit$$00000032  c_w.l(libinit2.o)
    0x08000162   0x08000162   0x00000002   Code   RO         4677    .ARM.Collect$$libinit$$00000033  c_w.l(libinit2.o)
    0x08000164   0x08000164   0x00000002   Code   RO         4697    .ARM.Collect$$libshutdown$$00000000  c_w.l(libshutdown.o)
    0x08000166   0x08000166   0x00000000   Code   RO         4710    .ARM.Collect$$libshutdown$$00000002  c_w.l(libshutdown2.o)
    0x08000166   0x08000166   0x00000000   Code   RO         4712    .ARM.Collect$$libshutdown$$00000004  c_w.l(libshutdown2.o)
    0x08000166   0x08000166   0x00000000   Code   RO         4715    .ARM.Collect$$libshutdown$$00000007  c_w.l(libshutdown2.o)
    0x08000166   0x08000166   0x00000000   Code   RO         4718    .ARM.Collect$$libshutdown$$0000000A  c_w.l(libshutdown2.o)
    0x08000166   0x08000166   0x00000000   Code   RO         4720    .ARM.Collect$$libshutdown$$0000000C  c_w.l(libshutdown2.o)
    0x08000166   0x08000166   0x00000000   Code   RO         4723    .ARM.Collect$$libshutdown$$0000000F  c_w.l(libshutdown2.o)
    0x08000166   0x08000166   0x00000002   Code   RO         4724    .ARM.Collect$$libshutdown$$00000010  c_w.l(libshutdown2.o)
    0x08000168   0x08000168   0x00000000   Code   RO         4579    .ARM.Collect$$rtentry$$00000000  c_w.l(__rtentry.o)
    0x08000168   0x08000168   0x00000000   Code   RO         4598    .ARM.Collect$$rtentry$$00000002  c_w.l(__rtentry2.o)
    0x08000168   0x08000168   0x00000006   Code   RO         4610    .ARM.Collect$$rtentry$$00000004  c_w.l(__rtentry4.o)
    0x0800016e   0x0800016e   0x00000000   Code   RO         4600    .ARM.Collect$$rtentry$$00000009  c_w.l(__rtentry2.o)
    0x0800016e   0x0800016e   0x00000004   Code   RO         4601    .ARM.Collect$$rtentry$$0000000A  c_w.l(__rtentry2.o)
    0x08000172   0x08000172   0x00000000   Code   RO         4603    .ARM.Collect$$rtentry$$0000000C  c_w.l(__rtentry2.o)
    0x08000172   0x08000172   0x00000008   Code   RO         4604    .ARM.Collect$$rtentry$$0000000D  c_w.l(__rtentry2.o)
    0x0800017a   0x0800017a   0x00000002   Code   RO         4631    .ARM.Collect$$rtexit$$00000000  c_w.l(rtexit.o)
    0x0800017c   0x0800017c   0x00000000   Code   RO         4679    .ARM.Collect$$rtexit$$00000002  c_w.l(rtexit2.o)
    0x0800017c   0x0800017c   0x00000004   Code   RO         4680    .ARM.Collect$$rtexit$$00000003  c_w.l(rtexit2.o)
    0x08000180   0x08000180   0x00000006   Code   RO         4681    .ARM.Collect$$rtexit$$00000004  c_w.l(rtexit2.o)
    0x08000186   0x08000186   0x00000002   PAD
    0x08000188   0x08000188   0x00000096   Code   RO         4425    .emb_text           port.o
    0x0800021e   0x0800021e   0x00000002   PAD
    0x08000220   0x08000220   0x00000040   Code   RO            4    .text               startup_stm32f103xb.o
    0x08000260   0x08000260   0x0000008a   Code   RO         4525    .text               c_w.l(rt_memcpy_v6.o)
    0x080002ea   0x080002ea   0x00000064   Code   RO         4527    .text               c_w.l(rt_memcpy_w.o)
    0x0800034e   0x0800034e   0x00000010   Code   RO         4531    .text               c_w.l(aeabi_memset.o)
    0x0800035e   0x0800035e   0x0000004e   Code   RO         4533    .text               c_w.l(rt_memclr_w.o)
    0x080003ac   0x080003ac   0x00000006   Code   RO         4535    .text               c_w.l(heapauxi.o)
    0x080003b2   0x080003b2   0x00000044   Code   RO         4580    .text               c_w.l(rt_memclr.o)
    0x080003f6   0x080003f6   0x0000004a   Code   RO         4616    .text               c_w.l(sys_stackheap_outer.o)
    0x08000440   0x08000440   0x00000012   Code   RO         4618    .text               c_w.l(exit.o)
    0x08000452   0x08000452   0x00000002   PAD
    0x08000454   0x08000454   0x00000008   Code   RO         4628    .text               c_w.l(libspace.o)
    0x0800045c   0x0800045c   0x0000000c   Code   RO         4689    .text               c_w.l(sys_exit.o)
    0x08000468   0x08000468   0x00000002   Code   RO         4700    .text               c_w.l(use_no_semi.o)
    0x0800046a   0x0800046a   0x00000000   Code   RO         4702    .text               c_w.l(indicate_semi.o)
    0x0800046a   0x0800046a   0x00000002   PAD
    0x0800046c   0x0800046c   0x000000a8   Code   RO           13    i.AutoBalanceOnStartup  main.o
    0x08000514   0x08000514   0x00000002   Code   RO          326    i.BusFault_Handler  stm32f1xx_it.o
    0x08000516   0x08000516   0x00000002   Code   RO          327    i.DebugMon_Handler  stm32f1xx_it.o
    0x08000518   0x08000518   0x00000024   Code   RO         1499    i.HAL_CAN_ActivateNotification  stm32f1xx_hal_can.o
    0x0800053c   0x0800053c   0x000000ee   Code   RO         1501    i.HAL_CAN_ConfigFilter  stm32f1xx_hal_can.o
    0x0800062a   0x0800062a   0x00000002   Code   RO         1504    i.HAL_CAN_ErrorCallback  stm32f1xx_hal_can.o
    0x0800062c   0x0800062c   0x000000f4   Code   RO         1507    i.HAL_CAN_GetRxMessage  stm32f1xx_hal_can.o
    0x08000720   0x08000720   0x000001fc   Code   RO         1511    i.HAL_CAN_IRQHandler  stm32f1xx_hal_can.o
    0x0800091c   0x0800091c   0x0000011a   Code   RO         1512    i.HAL_CAN_Init      stm32f1xx_hal_can.o
    0x08000a36   0x08000a36   0x00000002   PAD
    0x08000a38   0x08000a38   0x00000080   Code   RO          397    i.HAL_CAN_MspInit   stm32f1xx_hal_msp.o
    0x08000ab8   0x08000ab8   0x00000002   Code   RO         1519    i.HAL_CAN_RxFifo0FullCallback  stm32f1xx_hal_can.o
    0x08000aba   0x08000aba   0x00000002   PAD
    0x08000abc   0x08000abc   0x00000074   Code   RO           15    i.HAL_CAN_RxFifo0MsgPendingCallback  main.o
    0x08000b30   0x08000b30   0x00000002   Code   RO         1521    i.HAL_CAN_RxFifo1FullCallback  stm32f1xx_hal_can.o
    0x08000b32   0x08000b32   0x00000002   Code   RO         1522    i.HAL_CAN_RxFifo1MsgPendingCallback  stm32f1xx_hal_can.o
    0x08000b34   0x08000b34   0x00000002   Code   RO         1523    i.HAL_CAN_SleepCallback  stm32f1xx_hal_can.o
    0x08000b36   0x08000b36   0x00000002   PAD
    0x08000b38   0x08000b38   0x00000058   Code   RO         1524    i.HAL_CAN_Start     stm32f1xx_hal_can.o
    0x08000b90   0x08000b90   0x00000002   Code   RO         1526    i.HAL_CAN_TxMailbox0AbortCallback  stm32f1xx_hal_can.o
    0x08000b92   0x08000b92   0x00000002   Code   RO         1527    i.HAL_CAN_TxMailbox0CompleteCallback  stm32f1xx_hal_can.o
    0x08000b94   0x08000b94   0x00000002   Code   RO         1528    i.HAL_CAN_TxMailbox1AbortCallback  stm32f1xx_hal_can.o
    0x08000b96   0x08000b96   0x00000002   Code   RO         1529    i.HAL_CAN_TxMailbox1CompleteCallback  stm32f1xx_hal_can.o
    0x08000b98   0x08000b98   0x00000002   Code   RO         1530    i.HAL_CAN_TxMailbox2AbortCallback  stm32f1xx_hal_can.o
    0x08000b9a   0x08000b9a   0x00000002   Code   RO         1531    i.HAL_CAN_TxMailbox2CompleteCallback  stm32f1xx_hal_can.o
    0x08000b9c   0x08000b9c   0x00000002   Code   RO         1533    i.HAL_CAN_WakeUpFromRxMsgCallback  stm32f1xx_hal_can.o
    0x08000b9e   0x08000b9e   0x00000002   PAD
    0x08000ba0   0x08000ba0   0x00000024   Code   RO         1739    i.HAL_Delay         stm32f1xx_hal.o
    0x08000bc4   0x08000bc4   0x000001e0   Code   RO         2049    i.HAL_GPIO_Init     stm32f1xx_hal_gpio.o
    0x08000da4   0x08000da4   0x0000000a   Code   RO         2051    i.HAL_GPIO_ReadPin  stm32f1xx_hal_gpio.o
    0x08000dae   0x08000dae   0x0000000a   Code   RO         2053    i.HAL_GPIO_WritePin  stm32f1xx_hal_gpio.o
    0x08000db8   0x08000db8   0x0000000c   Code   RO         1743    i.HAL_GetTick       stm32f1xx_hal.o
    0x08000dc4   0x08000dc4   0x00000010   Code   RO         1749    i.HAL_IncTick       stm32f1xx_hal.o
    0x08000dd4   0x08000dd4   0x00000024   Code   RO         1750    i.HAL_Init          stm32f1xx_hal.o
    0x08000df8   0x08000df8   0x00000098   Code   RO          450    i.HAL_InitTick      stm32f1xx_hal_timebase_tim.o
    0x08000e90   0x08000e90   0x00000048   Code   RO          398    i.HAL_MspInit       stm32f1xx_hal_msp.o
    0x08000ed8   0x08000ed8   0x0000001a   Code   RO         2209    i.HAL_NVIC_EnableIRQ  stm32f1xx_hal_cortex.o
    0x08000ef2   0x08000ef2   0x00000002   PAD
    0x08000ef4   0x08000ef4   0x00000040   Code   RO         2215    i.HAL_NVIC_SetPriority  stm32f1xx_hal_cortex.o
    0x08000f34   0x08000f34   0x00000024   Code   RO         2216    i.HAL_NVIC_SetPriorityGrouping  stm32f1xx_hal_cortex.o
    0x08000f58   0x08000f58   0x0000012c   Code   RO         1907    i.HAL_RCC_ClockConfig  stm32f1xx_hal_rcc.o
    0x08001084   0x08001084   0x00000040   Code   RO         1911    i.HAL_RCC_GetClockConfig  stm32f1xx_hal_rcc.o
    0x080010c4   0x080010c4   0x00000020   Code   RO         1914    i.HAL_RCC_GetPCLK1Freq  stm32f1xx_hal_rcc.o
    0x080010e4   0x080010e4   0x0000004c   Code   RO         1916    i.HAL_RCC_GetSysClockFreq  stm32f1xx_hal_rcc.o
    0x08001130   0x08001130   0x00000320   Code   RO         1919    i.HAL_RCC_OscConfig  stm32f1xx_hal_rcc.o
    0x08001450   0x08001450   0x00000002   Code   RO         1231    i.HAL_TIMEx_BreakCallback  stm32f1xx_hal_tim_ex.o
    0x08001452   0x08001452   0x00000002   Code   RO         1232    i.HAL_TIMEx_CommutCallback  stm32f1xx_hal_tim_ex.o
    0x08001454   0x08001454   0x00000054   Code   RO         1234    i.HAL_TIMEx_ConfigBreakDeadTime  stm32f1xx_hal_tim_ex.o
    0x080014a8   0x080014a8   0x00000068   Code   RO         1250    i.HAL_TIMEx_MasterConfigSynchronization  stm32f1xx_hal_tim_ex.o
    0x08001510   0x08001510   0x0000005a   Code   RO          527    i.HAL_TIM_Base_Init  stm32f1xx_hal_tim.o
    0x0800156a   0x0800156a   0x00000002   PAD
    0x0800156c   0x0800156c   0x00000028   Code   RO          400    i.HAL_TIM_Base_MspInit  stm32f1xx_hal_msp.o
    0x08001594   0x08001594   0x00000058   Code   RO          532    i.HAL_TIM_Base_Start_IT  stm32f1xx_hal_tim.o
    0x080015ec   0x080015ec   0x000000dc   Code   RO          536    i.HAL_TIM_ConfigClockSource  stm32f1xx_hal_tim.o
    0x080016c8   0x080016c8   0x00000002   Code   RO          561    i.HAL_TIM_IC_CaptureCallback  stm32f1xx_hal_tim.o
    0x080016ca   0x080016ca   0x00000130   Code   RO          575    i.HAL_TIM_IRQHandler  stm32f1xx_hal_tim.o
    0x080017fa   0x080017fa   0x00000002   PAD
    0x080017fc   0x080017fc   0x0000004c   Code   RO          401    i.HAL_TIM_MspPostInit  stm32f1xx_hal_msp.o
    0x08001848   0x08001848   0x00000002   Code   RO          578    i.HAL_TIM_OC_DelayElapsedCallback  stm32f1xx_hal_tim.o
    0x0800184a   0x0800184a   0x000000cc   Code   RO          599    i.HAL_TIM_PWM_ConfigChannel  stm32f1xx_hal_tim.o
    0x08001916   0x08001916   0x0000005a   Code   RO          602    i.HAL_TIM_PWM_Init  stm32f1xx_hal_tim.o
    0x08001970   0x08001970   0x00000002   Code   RO          604    i.HAL_TIM_PWM_MspInit  stm32f1xx_hal_tim.o
    0x08001972   0x08001972   0x00000002   Code   RO          605    i.HAL_TIM_PWM_PulseFinishedCallback  stm32f1xx_hal_tim.o
    0x08001974   0x08001974   0x0000009c   Code   RO          607    i.HAL_TIM_PWM_Start  stm32f1xx_hal_tim.o
    0x08001a10   0x08001a10   0x0000000e   Code   RO           16    i.HAL_TIM_PeriodElapsedCallback  main.o
    0x08001a1e   0x08001a1e   0x00000002   Code   RO          618    i.HAL_TIM_TriggerCallback  stm32f1xx_hal_tim.o
    0x08001a20   0x08001a20   0x00000002   Code   RO          328    i.HardFault_Handler  stm32f1xx_it.o
    0x08001a22   0x08001a22   0x00000002   PAD
    0x08001a24   0x08001a24   0x0000006c   Code   RO           17    i.MX_CAN_Init       main.o
    0x08001a90   0x08001a90   0x000000cc   Code   RO           18    i.MX_GPIO_Init      main.o
    0x08001b5c   0x08001b5c   0x000000cc   Code   RO           19    i.MX_TIM1_Init      main.o
    0x08001c28   0x08001c28   0x00000002   Code   RO          329    i.MemManage_Handler  stm32f1xx_it.o
    0x08001c2a   0x08001c2a   0x00000002   PAD
    0x08001c2c   0x08001c2c   0x0000001c   Code   RO           20    i.MotorControl      main.o
    0x08001c48   0x08001c48   0x00000002   Code   RO          330    i.NMI_Handler       stm32f1xx_it.o
    0x08001c4a   0x08001c4a   0x00000002   PAD
    0x08001c4c   0x08001c4c   0x0000008c   Code   RO         4502    i.PID_Compute       pid.o
    0x08001cd8   0x08001cd8   0x0000000a   Code   RO           21    i.PID_Reset         main.o
    0x08001ce2   0x08001ce2   0x00000002   PAD
    0x08001ce4   0x08001ce4   0x00000038   Code   RO           22    i.ReadHall          main.o
    0x08001d1c   0x08001d1c   0x00000018   Code   RO           23    i.ReceiveCAN        main.o
    0x08001d34   0x08001d34   0x00000008   Code   RO           24    i.StartDefaultTask  main.o
    0x08001d3c   0x08001d3c   0x0000001a   Code   RO         3857    i.SysTick_Handler   cmsis_os2.o
    0x08001d56   0x08001d56   0x0000005e   Code   RO           25    i.SystemClock_Config  main.o
    0x08001db4   0x08001db4   0x00000002   Code   RO         2710    i.SystemInit        system_stm32f1xx.o
    0x08001db6   0x08001db6   0x00000002   PAD
    0x08001db8   0x08001db8   0x0000000c   Code   RO          331    i.TIM2_IRQHandler   stm32f1xx_it.o
    0x08001dc4   0x08001dc4   0x00000078   Code   RO          620    i.TIM_Base_SetConfig  stm32f1xx_hal_tim.o
    0x08001e3c   0x08001e3c   0x0000001a   Code   RO          621    i.TIM_CCxChannelCmd  stm32f1xx_hal_tim.o
    0x08001e56   0x08001e56   0x00000014   Code   RO          631    i.TIM_ETR_SetConfig  stm32f1xx_hal_tim.o
    0x08001e6a   0x08001e6a   0x00000010   Code   RO          632    i.TIM_ITRx_SetConfig  stm32f1xx_hal_tim.o
    0x08001e7a   0x08001e7a   0x00000002   PAD
    0x08001e7c   0x08001e7c   0x00000050   Code   RO          633    i.TIM_OC1_SetConfig  stm32f1xx_hal_tim.o
    0x08001ecc   0x08001ecc   0x00000058   Code   RO          634    i.TIM_OC2_SetConfig  stm32f1xx_hal_tim.o
    0x08001f24   0x08001f24   0x00000058   Code   RO          635    i.TIM_OC3_SetConfig  stm32f1xx_hal_tim.o
    0x08001f7c   0x08001f7c   0x00000044   Code   RO          636    i.TIM_OC4_SetConfig  stm32f1xx_hal_tim.o
    0x08001fc0   0x08001fc0   0x00000022   Code   RO          638    i.TIM_TI1_ConfigInputStage  stm32f1xx_hal_tim.o
    0x08001fe2   0x08001fe2   0x00000024   Code   RO          640    i.TIM_TI2_ConfigInputStage  stm32f1xx_hal_tim.o
    0x08002006   0x08002006   0x00000002   PAD
    0x08002008   0x08002008   0x0000000c   Code   RO          332    i.USB_LP_CAN1_RX0_IRQHandler  stm32f1xx_it.o
    0x08002014   0x08002014   0x00000002   Code   RO          333    i.UsageFault_Handler  stm32f1xx_it.o
    0x08002016   0x08002016   0x00000020   Code   RO         2222    i.__NVIC_SetPriority  stm32f1xx_hal_cortex.o
    0x08002036   0x08002036   0x00000002   PAD
    0x08002038   0x08002038   0x000000d4   Code   RO           26    i.checkSafetyStop   main.o
    0x0800210c   0x0800210c   0x00000180   Code   RO           27    i.controlLoop       main.o
    0x0800228c   0x0800228c   0x00000028   Code   RO         4575    i.fmaxf             m_ws.l(fmaxf.o)
    0x080022b4   0x080022b4   0x00000028   Code   RO         4577    i.fminf             m_ws.l(fminf.o)
    0x080022dc   0x080022dc   0x00000048   Code   RO           28    i.getDirection      main.o
    0x08002324   0x08002324   0x00000028   Code   RO           29    i.getMotorAngle     main.o
    0x0800234c   0x0800234c   0x00000054   Code   RO           30    i.getMotorSpeed     main.o
    0x080023a0   0x080023a0   0x000000f0   Code   RO           31    i.main              main.o
    0x08002490   0x08002490   0x0000001a   Code   RO         3859    i.osDelay           cmsis_os2.o
    0x080024aa   0x080024aa   0x00000002   PAD
    0x080024ac   0x080024ac   0x00000024   Code   RO         3873    i.osKernelInitialize  cmsis_os2.o
    0x080024d0   0x080024d0   0x00000038   Code   RO         3876    i.osKernelStart     cmsis_os2.o
    0x08002508   0x08002508   0x0000008a   Code   RO         3918    i.osThreadNew       cmsis_os2.o
    0x08002592   0x08002592   0x00000002   PAD
    0x08002594   0x08002594   0x0000005c   Code   RO         3318    i.prvAddCurrentTaskToDelayedList  tasks.o
    0x080025f0   0x080025f0   0x000000d0   Code   RO         3319    i.prvAddNewTaskToReadyList  tasks.o
    0x080026c0   0x080026c0   0x00000058   Code   RO         3683    i.prvCheckForValidListAndQueue  timers.o
    0x08002718   0x08002718   0x00000026   Code   RO         2915    i.prvCopyDataFromQueue  queue.o
    0x0800273e   0x0800273e   0x0000006c   Code   RO         2916    i.prvCopyDataToQueue  queue.o
    0x080027aa   0x080027aa   0x00000034   Code   RO         3320    i.prvDeleteTCB      tasks.o
    0x080027de   0x080027de   0x00000002   PAD
    0x080027e0   0x080027e0   0x0000004c   Code   RO         4370    i.prvHeapInit       heap_4.o
    0x0800282c   0x0800282c   0x00000060   Code   RO         3321    i.prvIdleTask       tasks.o
    0x0800288c   0x0800288c   0x00000022   Code   RO         2918    i.prvInitialiseNewQueue  queue.o
    0x080028ae   0x080028ae   0x00000002   PAD
    0x080028b0   0x080028b0   0x000000b0   Code   RO         3322    i.prvInitialiseNewTask  tasks.o
    0x08002960   0x08002960   0x0000004c   Code   RO         4371    i.prvInsertBlockIntoFreeList  heap_4.o
    0x080029ac   0x080029ac   0x00000038   Code   RO         3685    i.prvInsertTimerInActiveList  timers.o
    0x080029e4   0x080029e4   0x0000001c   Code   RO         2919    i.prvIsQueueEmpty   queue.o
    0x08002a00   0x08002a00   0x000000fc   Code   RO         3686    i.prvProcessReceivedCommands  timers.o
    0x08002afc   0x08002afc   0x000000c0   Code   RO         3687    i.prvProcessTimerOrBlockTask  timers.o
    0x08002bbc   0x08002bbc   0x00000020   Code   RO         3324    i.prvResetNextTaskUnblockTime  tasks.o
    0x08002bdc   0x08002bdc   0x00000028   Code   RO         3688    i.prvSampleTimeNow  timers.o
    0x08002c04   0x08002c04   0x0000006c   Code   RO         3689    i.prvSwitchTimerLists  timers.o
    0x08002c70   0x08002c70   0x00000028   Code   RO         4426    i.prvTaskExitError  port.o
    0x08002c98   0x08002c98   0x00000024   Code   RO         3690    i.prvTimerTask      timers.o
    0x08002cbc   0x08002cbc   0x0000006a   Code   RO         2920    i.prvUnlockQueue    queue.o
    0x08002d26   0x08002d26   0x00000002   PAD
    0x08002d28   0x08002d28   0x000000dc   Code   RO         4372    i.pvPortMalloc      heap_4.o
    0x08002e04   0x08002e04   0x00000024   Code   RO         4427    i.pxPortInitialiseStack  port.o
    0x08002e28   0x08002e28   0x00000034   Code   RO           32    i.readHallState     main.o
    0x08002e5c   0x08002e5c   0x00000010   Code   RO           33    i.readHallStateDebounced  main.o
    0x08002e6c   0x08002e6c   0x00000080   Code   RO           34    i.updateMotors      main.o
    0x08002eec   0x08002eec   0x00000026   Code   RO         2875    i.uxListRemove      list.o
    0x08002f12   0x08002f12   0x00000002   PAD
    0x08002f14   0x08002f14   0x00000014   Code   RO         3930    i.vApplicationGetIdleTaskMemory  cmsis_os2.o
    0x08002f28   0x08002f28   0x00000018   Code   RO         3931    i.vApplicationGetTimerTaskMemory  cmsis_os2.o
    0x08002f40   0x08002f40   0x00000016   Code   RO         2876    i.vListInitialise   list.o
    0x08002f56   0x08002f56   0x00000006   Code   RO         2877    i.vListInitialiseItem  list.o
    0x08002f5c   0x08002f5c   0x00000030   Code   RO         2878    i.vListInsert       list.o
    0x08002f8c   0x08002f8c   0x00000018   Code   RO         2879    i.vListInsertEnd    list.o
    0x08002fa4   0x08002fa4   0x00000040   Code   RO         4429    i.vPortEnterCritical  port.o
    0x08002fe4   0x08002fe4   0x00000028   Code   RO         4430    i.vPortExitCritical  port.o
    0x0800300c   0x0800300c   0x00000064   Code   RO         4373    i.vPortFree         heap_4.o
    0x08003070   0x08003070   0x00000024   Code   RO         4431    i.vPortSetupTimerInterrupt  port.o
    0x08003094   0x08003094   0x00000054   Code   RO         4432    i.vPortValidateInterruptPriority  port.o
    0x080030e8   0x080030e8   0x00000028   Code   RO         2926    i.vQueueAddToRegistry  queue.o
    0x08003110   0x08003110   0x00000044   Code   RO         2930    i.vQueueWaitForMessageRestricted  queue.o
    0x08003154   0x08003154   0x0000004c   Code   RO         3337    i.vTaskDelay        tasks.o
    0x080031a0   0x080031a0   0x00000010   Code   RO         3342    i.vTaskInternalSetTimeOutState  tasks.o
    0x080031b0   0x080031b0   0x0000000c   Code   RO         3343    i.vTaskMissedYield  tasks.o
    0x080031bc   0x080031bc   0x00000030   Code   RO         3345    i.vTaskPlaceOnEventList  tasks.o
    0x080031ec   0x080031ec   0x00000038   Code   RO         3346    i.vTaskPlaceOnEventListRestricted  tasks.o
    0x08003224   0x08003224   0x00000088   Code   RO         3354    i.vTaskStartScheduler  tasks.o
    0x080032ac   0x080032ac   0x00000010   Code   RO         3356    i.vTaskSuspendAll   tasks.o
    0x080032bc   0x080032bc   0x00000064   Code   RO         3357    i.vTaskSwitchContext  tasks.o
    0x08003320   0x08003320   0x000000a8   Code   RO         4433    i.xPortStartScheduler  port.o
    0x080033c8   0x080033c8   0x0000002c   Code   RO         4434    i.xPortSysTickHandler  port.o
    0x080033f4   0x080033f4   0x00000066   Code   RO         2936    i.xQueueGenericCreateStatic  queue.o
    0x0800345a   0x0800345a   0x00000002   PAD
    0x0800345c   0x0800345c   0x00000088   Code   RO         2937    i.xQueueGenericReset  queue.o
    0x080034e4   0x080034e4   0x00000160   Code   RO         2938    i.xQueueGenericSend  queue.o
    0x08003644   0x08003644   0x000000be   Code   RO         2939    i.xQueueGenericSendFromISR  queue.o
    0x08003702   0x08003702   0x00000002   PAD
    0x08003704   0x08003704   0x00000138   Code   RO         2948    i.xQueueReceive     queue.o
    0x0800383c   0x0800383c   0x00000074   Code   RO         3359    i.xTaskCheckForTimeOut  tasks.o
    0x080038b0   0x080038b0   0x0000005a   Code   RO         3360    i.xTaskCreate       tasks.o
    0x0800390a   0x0800390a   0x00000056   Code   RO         3361    i.xTaskCreateStatic  tasks.o
    0x08003960   0x08003960   0x0000001c   Code   RO         3365    i.xTaskGetSchedulerState  tasks.o
    0x0800397c   0x0800397c   0x0000000c   Code   RO         3366    i.xTaskGetTickCount  tasks.o
    0x08003988   0x08003988   0x000000c8   Code   RO         3368    i.xTaskIncrementTick  tasks.o
    0x08003a50   0x08003a50   0x00000080   Code   RO         3371    i.xTaskPriorityDisinherit  tasks.o
    0x08003ad0   0x08003ad0   0x00000070   Code   RO         3373    i.xTaskRemoveFromEventList  tasks.o
    0x08003b40   0x08003b40   0x000000c4   Code   RO         3374    i.xTaskResumeAll    tasks.o
    0x08003c04   0x08003c04   0x00000060   Code   RO         3699    i.xTimerCreateTimerTask  timers.o
    0x08003c64   0x08003c64   0x00000068   Code   RO         3700    i.xTimerGenericCommand  timers.o
    0x08003ccc   0x08003ccc   0x00000062   Code   RO         4539    x$fpl$d2f           fz_ws.l(d2f.o)
    0x08003d2e   0x08003d2e   0x00000002   PAD
    0x08003d30   0x08003d30   0x00000150   Code   RO         4541    x$fpl$dadd          fz_ws.l(daddsub_clz.o)
    0x08003e80   0x08003e80   0x00000154   Code   RO         4547    x$fpl$dmul          fz_ws.l(dmul.o)
    0x08003fd4   0x08003fd4   0x0000009c   Code   RO         4582    x$fpl$dnaninf       fz_ws.l(dnaninf.o)
    0x08004070   0x08004070   0x0000000c   Code   RO         4584    x$fpl$dretinf       fz_ws.l(dretinf.o)
    0x0800407c   0x0800407c   0x000001d4   Code   RO         4543    x$fpl$dsub          fz_ws.l(daddsub_clz.o)
    0x08004250   0x08004250   0x00000056   Code   RO         4549    x$fpl$f2d           fz_ws.l(f2d.o)
    0x080042a6   0x080042a6   0x00000002   PAD
    0x080042a8   0x080042a8   0x000000c4   Code   RO         4551    x$fpl$fadd          fz_ws.l(faddsub_clz.o)
    0x0800436c   0x0800436c   0x0000000c   Code   RO         4586    x$fpl$fcheck1       fz_ws.l(fcheck1.o)
    0x08004378   0x08004378   0x0000008e   Code   RO         4588    x$fpl$fcmp4         fz_ws.l(fcmp4.o)
    0x08004406   0x08004406   0x00000018   Code   RO         4612    x$fpl$fcmpinf       fz_ws.l(fcmpi.o)
    0x0800441e   0x0800441e   0x00000002   PAD
    0x08004420   0x08004420   0x00000184   Code   RO         4558    x$fpl$fdiv          fz_ws.l(fdiv.o)
    0x080045a4   0x080045a4   0x0000003e   Code   RO         4561    x$fpl$ffixu         fz_ws.l(ffixu.o)
    0x080045e2   0x080045e2   0x00000002   PAD
    0x080045e4   0x080045e4   0x00000030   Code   RO         4566    x$fpl$fflt          fz_ws.l(fflt_clz.o)
    0x08004614   0x08004614   0x00000026   Code   RO         4565    x$fpl$ffltu         fz_ws.l(fflt_clz.o)
    0x0800463a   0x0800463a   0x00000002   PAD
    0x0800463c   0x0800463c   0x00000102   Code   RO         4571    x$fpl$fmul          fz_ws.l(fmul.o)
    0x0800473e   0x0800473e   0x0000008c   Code   RO         4592    x$fpl$fnaninf       fz_ws.l(fnaninf.o)
    0x080047ca   0x080047ca   0x0000000a   Code   RO         4594    x$fpl$fretinf       fz_ws.l(fretinf.o)
    0x080047d4   0x080047d4   0x000000ea   Code   RO         4553    x$fpl$fsub          fz_ws.l(faddsub_clz.o)
    0x080048be   0x080048be   0x00000064   Code   RO         4614    x$fpl$retnan        fz_ws.l(retnan.o)
    0x08004922   0x08004922   0x0000004c   Code   RO         4573    x$fpl$scalbnf       fz_ws.l(scalbnf.o)
    0x0800496e   0x0800496e   0x00000030   Code   RO         4626    x$fpl$trapveneer    fz_ws.l(trapv.o)
    0x0800499e   0x0800499e   0x00000000   Code   RO         4596    x$fpl$usenofp       fz_ws.l(usenofp.o)
    0x0800499e   0x0800499e   0x00000002   PAD
    0x080049a0   0x080049a0   0x000000a8   Data   RO           36    .constdata          main.o
    0x08004a48   0x08004a48   0x00000012   Data   RO         1920    .constdata          stm32f1xx_hal_rcc.o
    0x08004a5a   0x08004a5a   0x00000010   Data   RO         2711    .constdata          system_stm32f1xx.o
    0x08004a6a   0x08004a6a   0x00000008   Data   RO         2712    .constdata          system_stm32f1xx.o
    0x08004a72   0x08004a72   0x00000002   PAD
    0x08004a74   0x08004a74   0x00000039   Data   RO           37    .conststring        main.o
    0x08004aad   0x08004aad   0x00000003   PAD
    0x08004ab0   0x08004ab0   0x00000020   Data   RO         4755    Region$$Table       anon$$obj.o


    Execution Region RW_IRAM1 (Exec base: 0x20000000, Load base: 0x08004ad0, Size: 0x00002160, Max: 0x00005000, ABSOLUTE)

    Exec Addr    Load Addr    Size         Type   Attr      Idx    E Section Name        Object

    0x20000000   0x08004ad0   0x0000004c   Data   RW           39    .data               main.o
    0x2000004c   0x08004b1c   0x0000000c   Data   RW         1757    .data               stm32f1xx_hal.o
    0x20000058   0x08004b28   0x00000004   Data   RW         2713    .data               system_stm32f1xx.o
    0x2000005c   0x08004b2c   0x0000003c   Data   RW         3377    .data               tasks.o
    0x20000098   0x08004b68   0x00000014   Data   RW         3708    .data               timers.o
    0x200000ac   0x08004b7c   0x00000004   Data   RW         3933    .data               cmsis_os2.o
    0x200000b0   0x08004b80   0x00000020   Data   RW         4379    .data               heap_4.o
    0x200000d0   0x08004ba0   0x0000000c   Data   RW         4435    .data               port.o
    0x200000dc        -       0x00000104   Zero   RW           35    .bss                main.o
    0x200001e0        -       0x00000048   Zero   RW          453    .bss                stm32f1xx_hal_timebase_tim.o
    0x20000228        -       0x00000040   Zero   RW         2952    .bss                queue.o
    0x20000268        -       0x000004c4   Zero   RW         3376    .bss                tasks.o
    0x2000072c        -       0x00000118   Zero   RW         3707    .bss                timers.o
    0x20000844        -       0x000006b8   Zero   RW         3932    .bss                cmsis_os2.o
    0x20000efc        -       0x00000c00   Zero   RW         4378    .bss                heap_4.o
    0x20001afc        -       0x00000060   Zero   RW         4629    .bss                c_w.l(libspace.o)
    0x20001b5c   0x08004bac   0x00000004   PAD
    0x20001b60        -       0x00000200   Zero   RW            2    HEAP                startup_stm32f103xb.o
    0x20001d60        -       0x00000400   Zero   RW            1    STACK               startup_stm32f103xb.o


==============================================================================

Image component sizes


      Code (inc. data)   RO Data    RW Data    ZI Data      Debug   Object Name

       326         22          0          4       1720      58463   cmsis_os2.o
         0          0          0          0          0      19548   event_groups.o
       472         24          0         32       3072       4691   heap_4.o
       138          0          0          0          0       3318   list.o
      2262        228        225         76        260     453786   main.o
       140         16          0          0          0       1374   pid.o
       662         70          0         12          0      10589   port.o
      1514         20          0          0         64      16876   queue.o
        64         26        236          0       1536        800   startup_stm32f103xb.o
       100         18          0         12          0       5158   stm32f1xx_hal.o
      1420          0          0          0          0      12388   stm32f1xx_hal_can.o
       158         14          0          0          0      28118   stm32f1xx_hal_cortex.o
       500         34          0          0          0       3471   stm32f1xx_hal_gpio.o
       316         44          0          0          0       2721   stm32f1xx_hal_msp.o
      1272         82         18          0          0       5102   stm32f1xx_hal_rcc.o
      1738         56          0          0          0      15850   stm32f1xx_hal_tim.o
       192         12          0          0          0       3129   stm32f1xx_hal_tim_ex.o
       152         18          0          0         72       1443   stm32f1xx_hal_timebase_tim.o
        36         12          0          0          0       3372   stm32f1xx_it.o
         0          0          0          0          0        392   stream_buffer.o
         2          0         24          4          0       1083   system_stm32f1xx.o
      2084        168          0         60       1220      25868   tasks.o
       972         80          0         20        280      31831   timers.o

    ----------------------------------------------------------------------
     14568        944        540        220       8224     709371   Object Totals
         0          0         32          0          0          0   (incl. Generated)
        48          0          5          0          0          0   (incl. Padding)

    ----------------------------------------------------------------------

      Code (inc. data)   RO Data    RW Data    ZI Data      Debug   Library Member Name

         8          0          0          0          0         68   __main.o
         0          0          0          0          0          0   __rtentry.o
        12          0          0          0          0          0   __rtentry2.o
         6          0          0          0          0          0   __rtentry4.o
        52          8          0          0          0          0   __scatter.o
        26          0          0          0          0          0   __scatter_copy.o
        28          0          0          0          0          0   __scatter_zi.o
        16          0          0          0          0         68   aeabi_memset.o
        18          0          0          0          0         80   exit.o
         6          0          0          0          0        152   heapauxi.o
         0          0          0          0          0          0   indicate_semi.o
         2          0          0          0          0          0   libinit.o
         2          0          0          0          0          0   libinit2.o
         2          0          0          0          0          0   libshutdown.o
         2          0          0          0          0          0   libshutdown2.o
         8          4          0          0         96         68   libspace.o
        68          0          0          0          0         68   rt_memclr.o
        78          0          0          0          0         80   rt_memclr_w.o
       138          0          0          0          0         68   rt_memcpy_v6.o
       100          0          0          0          0         80   rt_memcpy_w.o
         2          0          0          0          0          0   rtexit.o
        10          0          0          0          0          0   rtexit2.o
        12          4          0          0          0         68   sys_exit.o
        74          0          0          0          0         80   sys_stackheap_outer.o
         2          0          0          0          0         68   use_no_semi.o
        98          4          0          0          0         92   d2f.o
       804         16          0          0          0        272   daddsub_clz.o
       340         12          0          0          0        104   dmul.o
       156          4          0          0          0         92   dnaninf.o
        12          0          0          0          0         68   dretinf.o
        86          4          0          0          0         84   f2d.o
       430          8          0          0          0        168   faddsub_clz.o
        12          4          0          0          0         68   fcheck1.o
       142          4          0          0          0        112   fcmp4.o
        24          0          0          0          0         68   fcmpi.o
       388         76          0          0          0         96   fdiv.o
        62          4          0          0          0         84   ffixu.o
        86          0          0          0          0        136   fflt_clz.o
       258          4          0          0          0         84   fmul.o
       140          4          0          0          0         84   fnaninf.o
        10          0          0          0          0         68   fretinf.o
       100          0          0          0          0         68   retnan.o
        76          0          0          0          0         68   scalbnf.o
        48          0          0          0          0         68   trapv.o
         0          0          0          0          0          0   usenofp.o
        40          0          0          0          0         80   fmaxf.o
        40          0          0          0          0         80   fminf.o

    ----------------------------------------------------------------------
      4044        160          0          0        100       2992   Library Totals
        20          0          0          0          4          0   (incl. Padding)

    ----------------------------------------------------------------------

      Code (inc. data)   RO Data    RW Data    ZI Data      Debug   Library Name

       672         16          0          0         96        948   c_w.l
      3272        144          0          0          0       1884   fz_ws.l
        80          0          0          0          0        160   m_ws.l

    ----------------------------------------------------------------------
      4044        160          0          0        100       2992   Library Totals

    ----------------------------------------------------------------------

==============================================================================


      Code (inc. data)   RO Data    RW Data    ZI Data      Debug   

     18612       1104        540        220       8324     702427   Grand Totals
     18612       1104        540        220       8324     702427   ELF Image Totals
     18612       1104        540        220          0          0   ROM Totals

==============================================================================

    Total RO  Size (Code + RO Data)                19152 (  18.70kB)
    Total RW  Size (RW Data + ZI Data)              8544 (   8.34kB)
    Total ROM Size (Code + RO Data + RW Data)      19372 (  18.92kB)

==============================================================================

