Component: ARM Compiler 5.06 update 6 (build 750) Tool: armlink [4d35ed]

==============================================================================

Section Cross References

    startup_stm32f103xb.o(STACK) refers (Special) to heapauxi.o(.text) for __use_two_region_memory
    startup_stm32f103xb.o(HEAP) refers (Special) to heapauxi.o(.text) for __use_two_region_memory
    startup_stm32f103xb.o(RESET) refers (Special) to heapauxi.o(.text) for __use_two_region_memory
    startup_stm32f103xb.o(RESET) refers to startup_stm32f103xb.o(STACK) for __initial_sp
    startup_stm32f103xb.o(RESET) refers to startup_stm32f103xb.o(.text) for Reset_Handler
    startup_stm32f103xb.o(RESET) refers to stm32f1xx_it.o(i.NMI_Handler) for NMI_Handler
    startup_stm32f103xb.o(RESET) refers to stm32f1xx_it.o(i.HardFault_Handler) for HardFault_Handler
    startup_stm32f103xb.o(RESET) refers to stm32f1xx_it.o(i.MemManage_Handler) for MemManage_Handler
    startup_stm32f103xb.o(RESET) refers to stm32f1xx_it.o(i.BusFault_Handler) for BusFault_Handler
    startup_stm32f103xb.o(RESET) refers to stm32f1xx_it.o(i.UsageFault_Handler) for UsageFault_Handler
    startup_stm32f103xb.o(RESET) refers to port.o(.emb_text) for SVC_Handler
    startup_stm32f103xb.o(RESET) refers to stm32f1xx_it.o(i.DebugMon_Handler) for DebugMon_Handler
    startup_stm32f103xb.o(RESET) refers to stm32f1xx_it.o(i.SysTick_Handler) for SysTick_Handler
    startup_stm32f103xb.o(RESET) refers to stm32f1xx_it.o(i.DMA1_Channel6_IRQHandler) for DMA1_Channel6_IRQHandler
    startup_stm32f103xb.o(RESET) refers to stm32f1xx_it.o(i.DMA1_Channel7_IRQHandler) for DMA1_Channel7_IRQHandler
    startup_stm32f103xb.o(RESET) refers to stm32f1xx_it.o(i.USART2_IRQHandler) for USART2_IRQHandler
    startup_stm32f103xb.o(.text) refers (Special) to heapauxi.o(.text) for __use_two_region_memory
    startup_stm32f103xb.o(.text) refers to system_stm32f1xx.o(i.SystemInit) for SystemInit
    startup_stm32f103xb.o(.text) refers to __main.o(!!!main) for __main
    startup_stm32f103xb.o(.text) refers to startup_stm32f103xb.o(HEAP) for Heap_Mem
    startup_stm32f103xb.o(.text) refers to startup_stm32f103xb.o(STACK) for Stack_Mem
    main.o(i.ComputeMotorSpeed) refers to fflt_clz.o(x$fpl$fflt) for __aeabi_i2f
    main.o(i.ComputeMotorSpeed) refers to fdiv.o(x$fpl$fdiv) for __aeabi_fdiv
    main.o(i.ComputeMotorSpeed) refers to fmul.o(x$fpl$fmul) for __aeabi_fmul
    main.o(i.ComputeMotorSpeed) refers to main.o(.data) for .data
    main.o(i.Error_Handler) refers to stm32f1xx_hal_gpio.o(i.HAL_GPIO_WritePin) for HAL_GPIO_WritePin
    main.o(i.Error_Handler) refers to stm32f1xx_hal.o(i.HAL_Delay) for HAL_Delay
    main.o(i.HAL_CAN_RxFifo0MsgPendingCallback) refers to stm32f1xx_hal_can.o(i.HAL_CAN_GetRxMessage) for HAL_CAN_GetRxMessage
    main.o(i.HAL_CAN_RxFifo0MsgPendingCallback) refers to main.o(i.Error_Handler) for Error_Handler
    main.o(i.HAL_CAN_RxFifo0MsgPendingCallback) refers to main.o(.data) for .data
    main.o(i.HAL_CAN_RxFifo0MsgPendingCallback) refers to main.o(.bss) for .bss
    main.o(i.MX_CAN_Init) refers to stm32f1xx_hal_can.o(i.HAL_CAN_Init) for HAL_CAN_Init
    main.o(i.MX_CAN_Init) refers to main.o(i.Error_Handler) for Error_Handler
    main.o(i.MX_CAN_Init) refers to stm32f1xx_hal_can.o(i.HAL_CAN_ConfigFilter) for HAL_CAN_ConfigFilter
    main.o(i.MX_CAN_Init) refers to stm32f1xx_hal_cortex.o(i.HAL_NVIC_SetPriority) for HAL_NVIC_SetPriority
    main.o(i.MX_CAN_Init) refers to stm32f1xx_hal_cortex.o(i.HAL_NVIC_EnableIRQ) for HAL_NVIC_EnableIRQ
    main.o(i.MX_CAN_Init) refers to main.o(.bss) for .bss
    main.o(i.MX_GPIO_Init) refers to stm32f1xx_hal_gpio.o(i.HAL_GPIO_WritePin) for HAL_GPIO_WritePin
    main.o(i.MX_GPIO_Init) refers to stm32f1xx_hal_gpio.o(i.HAL_GPIO_Init) for HAL_GPIO_Init
    main.o(i.MX_I2C1_Init) refers to stm32f1xx_hal_i2c.o(i.HAL_I2C_Init) for HAL_I2C_Init
    main.o(i.MX_I2C1_Init) refers to main.o(i.Error_Handler) for Error_Handler
    main.o(i.MX_I2C1_Init) refers to main.o(.bss) for .bss
    main.o(i.MX_TIM1_Init) refers to rt_memclr_w.o(.text) for __aeabi_memclr4
    main.o(i.MX_TIM1_Init) refers to stm32f1xx_hal_tim.o(i.HAL_TIM_Base_Init) for HAL_TIM_Base_Init
    main.o(i.MX_TIM1_Init) refers to stm32f1xx_hal_tim.o(i.HAL_TIM_ConfigClockSource) for HAL_TIM_ConfigClockSource
    main.o(i.MX_TIM1_Init) refers to stm32f1xx_hal_tim.o(i.HAL_TIM_PWM_Init) for HAL_TIM_PWM_Init
    main.o(i.MX_TIM1_Init) refers to stm32f1xx_hal_tim_ex.o(i.HAL_TIMEx_MasterConfigSynchronization) for HAL_TIMEx_MasterConfigSynchronization
    main.o(i.MX_TIM1_Init) refers to stm32f1xx_hal_tim.o(i.HAL_TIM_PWM_ConfigChannel) for HAL_TIM_PWM_ConfigChannel
    main.o(i.MX_TIM1_Init) refers to stm32f1xx_hal_tim_ex.o(i.HAL_TIMEx_ConfigBreakDeadTime) for HAL_TIMEx_ConfigBreakDeadTime
    main.o(i.MX_TIM1_Init) refers to main.o(i.Error_Handler) for Error_Handler
    main.o(i.MX_TIM1_Init) refers to stm32f1xx_hal_msp.o(i.HAL_TIM_MspPostInit) for HAL_TIM_MspPostInit
[...]
    _call_atexit_fns                          - Undefined Weak Reference
    _clock_init                               - Undefined Weak Reference
    _fp_trap_init                             - Undefined Weak Reference
    _fp_trap_shutdown                         - Undefined Weak Reference
    _get_lc_collate                           - Undefined Weak Reference
    _get_lc_ctype                             - Undefined Weak Reference
    _get_lc_monetary                          - Undefined Weak Reference
    _get_lc_time                              - Undefined Weak Reference
    _getenv_init                              - Undefined Weak Reference
    _handle_redirection                       - Undefined Weak Reference
    _init_alloc                               - Undefined Weak Reference
    _init_user_alloc                          - Undefined Weak Reference
    _initio                                   - Undefined Weak Reference
    _printf_post_padding                      - Undefined Weak Reference
    _printf_pre_padding                       - Undefined Weak Reference
    _rand_init                                - Undefined Weak Reference
    _signal_finish                            - Undefined Weak Reference
    _signal_init                              - Undefined Weak Reference
    _terminate_alloc                          - Undefined Weak Reference
    _terminate_user_alloc                     - Undefined Weak Reference
    _terminateio                              - Undefined Weak Reference
    __Vectors_Size                           0x000000ec   Number         0  startup_stm32f103xb.o ABSOLUTE
    __Vectors                                0x08000000   Data           4  startup_stm32f103xb.o(RESET)
    __Vectors_End                            0x080000ec   Data           0  startup_stm32f103xb.o(RESET)
    __main                                   0x080000ed   Thumb Code     8  __main.o(!!!main)
    __scatterload                            0x080000f5   Thumb Code     0  __scatter.o(!!!scatter)
    __scatterload_rt2                        0x080000f5   Thumb Code    44  __scatter.o(!!!scatter)
    __scatterload_rt2_thumb_only             0x080000f5   Thumb Code     0  __scatter.o(!!!scatter)
    __scatterload_null                       0x08000103   Thumb Code     0  __scatter.o(!!!scatter)
    __decompress                             0x08000129   Thumb Code    90  __dczerorl2.o(!!dczerorl2)
    __decompress1                            0x08000129   Thumb Code     0  __dczerorl2.o(!!dczerorl2)
    __scatterload_zeroinit                   0x08000185   Thumb Code    28  __scatter_zi.o(!!handler_zi)
    _printf_f                                0x080001a1   Thumb Code     0  _printf_f.o(.ARM.Collect$$_printf_percent$$00000003)
    _printf_percent                          0x080001a1   Thumb Code     0  _printf_percent.o(.ARM.Collect$$_printf_percent$$00000000)
    _printf_percent_end                      0x080001a7   Thumb Code     0  _printf_percent_end.o(.ARM.Collect$$_printf_percent$$00000017)
    __rt_lib_init                            0x080001ab   Thumb Code     0  libinit.o(.ARM.Collect$$libinit$$00000000)
    __rt_lib_init_fp_1                       0x080001ad   Thumb Code     0  libinit2.o(.ARM.Collect$$libinit$$00000002)
    __rt_lib_init_heap_1                     0x080001ad   Thumb Code     0  libinit2.o(.ARM.Collect$$libinit$$0000000A)
    __rt_lib_init_lc_common                  0x080001ad   Thumb Code     0  libinit2.o(.ARM.Collect$$libinit$$0000000F)
    __rt_lib_init_preinit_1                  0x080001ad   Thumb Code     0  libinit2.o(.ARM.Collect$$libinit$$00000004)
    __rt_lib_init_rand_1                     0x080001ad   Thumb Code     0  libinit2.o(.ARM.Collect$$libinit$$0000000E)
    __rt_lib_init_user_alloc_1               0x080001ad   Thumb Code     0  libinit2.o(.ARM.Collect$$libinit$$0000000C)
    __rt_lib_init_lc_collate_1               0x080001b3   Thumb Code     0  libinit2.o(.ARM.Collect$$libinit$$00000011)
    __rt_lib_init_lc_ctype_1                 0x080001b3   Thumb Code     0  libinit2.o(.ARM.Collect$$libinit$$00000013)
    __rt_lib_init_lc_monetary_1              0x080001b3   Thumb Code     0  libinit2.o(.ARM.Collect$$libinit$$00000015)
    __rt_lib_init_lc_numeric_2               0x080001b3   Thumb Code     0  libinit2.o(.ARM.Collect$$libinit$$00000016)
    __rt_lib_init_alloca_1                   0x080001bd   Thumb Code     0  libinit2.o(.ARM.Collect$$libinit$$0000002E)
    __rt_lib_init_argv_1                     0x080001bd   Thumb Code     0  libinit2.o(.ARM.Collect$$libinit$$0000002C)
    __rt_lib_init_atexit_1                   0x080001bd   Thumb Code     0  libinit2.o(.ARM.Collect$$libinit$$0000001B)
    __rt_lib_init_clock_1                    0x080001bd   Thumb Code     0  libinit2.o(.ARM.Collect$$libinit$$00000021)
    __rt_lib_init_cpp_1                      0x080001bd   Thumb Code     0  libinit2.o(.ARM.Collect$$libinit$$00000032)
    __rt_lib_init_exceptions_1               0x080001bd   Thumb Code     0  libinit2.o(.ARM.Collect$$libinit$$00000030)
    __rt_lib_init_fp_trap_1                  0x080001bd   Thumb Code     0  libinit2.o(.ARM.Collect$$libinit$$0000001F)
    __rt_lib_init_getenv_1                   0x080001bd   Thumb Code     0  libinit2.o(.ARM.Collect$$libinit$$00000023)
    __rt_lib_init_lc_numeric_1               0x080001bd   Thumb Code     0  libinit2.o(.ARM.Collect$$libinit$$00000017)
    __rt_lib_init_lc_time_1                  0x080001bd   Thumb Code     0  libinit2.o(.ARM.Collect$$libinit$$00000019)
    __rt_lib_init_return                     0x080001bd   Thumb Code     0  libinit2.o(.ARM.Collect$$libinit$$00000033)
    __rt_lib_init_signal_1                   0x080001bd   Thumb Code     0  libinit2.o(.ARM.Collect$$libinit$$0000001D)
    __rt_lib_init_stdio_1                    0x080001bd   Thumb Code     0  libinit2.o(.ARM.Collect$$libinit$$00000025)
    __rt_lib_shutdown                        0x080001bf   Thumb Code     0  libshutdown.o(.ARM.Collect$$libshutdown$$00000000)
    __rt_lib_shutdown_cpp_1                  0x080001c1   Thumb Code     0  libshutdown2.o(.ARM.Collect$$libshutdown$$00000002)
    __rt_lib_shutdown_fp_trap_1              0x080001c1   Thumb Code     0  libshutdown2.o(.ARM.Collect$$libshutdown$$00000007)
    __rt_lib_shutdown_heap_1                 0x080001c1   Thumb Code     0  libshutdown2.o(.ARM.Collect$$libshutdown$$0000000F)
    __rt_lib_shutdown_return                 0x080001c1   Thumb Code     0  libshutdown2.o(.ARM.Collect$$libshutdown$$00000010)
    __rt_lib_shutdown_signal_1               0x080001c1   Thumb Code     0  libshutdown2.o(.ARM.Collect$$libshutdown$$0000000A)
    __rt_lib_shutdown_stdio_1                0x080001c1   Thumb Code     0  libshutdown2.o(.ARM.Collect$$libshutdown$$00000004)
    __rt_lib_shutdown_user_alloc_1           0x080001c1   Thumb Code     0  libshutdown2.o(.ARM.Collect$$libshutdown$$0000000C)
    __rt_entry                               0x080001c3   Thumb Code     0  __rtentry.o(.ARM.Collect$$rtentry$$00000000)
    __rt_entry_presh_1                       0x080001c3   Thumb Code     0  __rtentry2.o(.ARM.Collect$$rtentry$$00000002)
    __rt_entry_sh                            0x080001c3   Thumb Code     0  __rtentry4.o(.ARM.Collect$$rtentry$$00000004)
    __rt_entry_li                            0x080001c9   Thumb Code     0  __rtentry2.o(.ARM.Collect$$rtentry$$0000000A)
    __rt_entry_postsh_1                      0x080001c9   Thumb Code     0  __rtentry2.o(.ARM.Collect$$rtentry$$00000009)
    __rt_entry_main                          0x080001cd   Thumb Code     0  __rtentry2.o(.ARM.Collect$$rtentry$$0000000D)
    __rt_entry_postli_1                      0x080001cd   Thumb Code     0  __rtentry2.o(.ARM.Collect$$rtentry$$0000000C)
    __rt_exit                                0x080001d5   Thumb Code     0  rtexit.o(.ARM.Collect$$rtexit$$00000000)
    __rt_exit_ls                             0x080001d7   Thumb Code     0  rtexit2.o(.ARM.Collect$$rtexit$$00000003)
    __rt_exit_prels_1                        0x080001d7   Thumb Code     0  rtexit2.o(.ARM.Collect$$rtexit$$00000002)
    __rt_exit_exit                           0x080001db   Thumb Code     0  rtexit2.o(.ARM.Collect$$rtexit$$00000004)
    SVC_Handler                              0x080001e1   Thumb Code    32  port.o(.emb_text)
    __asm___6_port_c_39a90d8d__prvStartFirstTask 0x08000205   Thumb Code    28  port.o(.emb_text)
    PendSV_Handler                           0x08000225   Thumb Code    72  port.o(.emb_text)
    vPortGetIPSR                             0x08000271   Thumb Code     6  port.o(.emb_text)
    Reset_Handler                            0x08000279   Thumb Code     8  startup_stm32f103xb.o(.text)
    ADC1_2_IRQHandler                        0x08000293   Thumb Code     0  startup_stm32f103xb.o(.text)
    CAN1_RX1_IRQHandler                      0x08000293   Thumb Code     0  startup_stm32f103xb.o(.text)
    CAN1_SCE_IRQHandler                      0x08000293   Thumb Code     0  startup_stm32f103xb.o(.text)
    DMA1_Channel1_IRQHandler                 0x08000293   Thumb Code     0  startup_stm32f103xb.o(.text)
    DMA1_Channel2_IRQHandler                 0x08000293   Thumb Code     0  startup_stm32f103xb.o(.text)
    DMA1_Channel3_IRQHandler                 0x08000293   Thumb Code     0  startup_stm32f103xb.o(.text)
    DMA1_Channel4_IRQHandler                 0x08000293   Thumb Code     0  startup_stm32f103xb.o(.text)
    DMA1_Channel5_IRQHandler                 0x08000293   Thumb Code     0  startup_stm32f103xb.o(.text)
    EXTI0_IRQHandler                         0x08000293   Thumb Code     0  startup_stm32f103xb.o(.text)
    EXTI15_10_IRQHandler                     0x08000293   Thumb Code     0  startup_stm32f103xb.o(.text)
    EXTI1_IRQHandler                         0x08000293   Thumb Code     0  startup_stm32f103xb.o(.text)
    EXTI2_IRQHandler                         0x08000293   Thumb Code     0  startup_stm32f103xb.o(.text)
    EXTI3_IRQHandler                         0x08000293   Thumb Code     0  startup_stm32f103xb.o(.text)
    EXTI4_IRQHandler                         0x08000293   Thumb Code     0  startup_stm32f103xb.o(.text)
    EXTI9_5_IRQHandler                       0x08000293   Thumb Code     0  startup_stm32f103xb.o(.text)
    FLASH_IRQHandler                         0x08000293   Thumb Code     0  startup_stm32f103xb.o(.text)
    I2C1_ER_IRQHandler                       0x08000293   Thumb Code     0  startup_stm32f103xb.o(.text)
    I2C1_EV_IRQHandler                       0x08000293   Thumb Code     0  startup_stm32f103xb.o(.text)
    I2C2_ER_IRQHandler                       0x08000293   Thumb Code     0  startup_stm32f103xb.o(.text)
    I2C2_EV_IRQHandler                       0x08000293   Thumb Code     0  startup_stm32f103xb.o(.text)
    PVD_IRQHandler                           0x08000293   Thumb Code     0  startup_stm32f103xb.o(.text)
    RCC_IRQHandler                           0x08000293   Thumb Code     0  startup_stm32f103xb.o(.text)
    RTC_Alarm_IRQHandler                     0x08000293   Thumb Code     0  startup_stm32f103xb.o(.text)
    RTC_IRQHandler                           0x08000293   Thumb Code     0  startup_stm32f103xb.o(.text)
    SPI1_IRQHandler                          0x08000293   Thumb Code     0  startup_stm32f103xb.o(.text)
    SPI2_IRQHandler                          0x08000293   Thumb Code     0  startup_stm32f103xb.o(.text)
    TAMPER_IRQHandler                        0x08000293   Thumb Code     0  startup_stm32f103xb.o(.text)
    TIM1_BRK_IRQHandler                      0x08000293   Thumb Code     0  startup_stm32f103xb.o(.text)
    TIM1_CC_IRQHandler                       0x08000293   Thumb Code     0  startup_stm32f103xb.o(.text)
    TIM1_TRG_COM_IRQHandler                  0x08000293   Thumb Code     0  startup_stm32f103xb.o(.text)
    TIM1_UP_IRQHandler                       0x08000293   Thumb Code     0  startup_stm32f103xb.o(.text)
    TIM2_IRQHandler                          0x08000293   Thumb Code     0  startup_stm32f103xb.o(.text)
    TIM3_IRQHandler                          0x08000293   Thumb Code     0  startup_stm32f103xb.o(.text)
    TIM4_IRQHandler                          0x08000293   Thumb Code     0  startup_stm32f103xb.o(.text)
    USART1_IRQHandler                        0x08000293   Thumb Code     0  startup_stm32f103xb.o(.text)
    USART3_IRQHandler                        0x08000293   Thumb Code     0  startup_stm32f103xb.o(.text)
    USBWakeUp_IRQHandler                     0x08000293   Thumb Code     0  startup_stm32f103xb.o(.text)
    USB_HP_CAN1_TX_IRQHandler                0x08000293   Thumb Code     0  startup_stm32f103xb.o(.text)
    USB_LP_CAN1_RX0_IRQHandler               0x08000293   Thumb Code     0  startup_stm32f103xb.o(.text)
    WWDG_IRQHandler                          0x08000293   Thumb Code     0  startup_stm32f103xb.o(.text)
    __user_initial_stackheap                 0x08000295   Thumb Code     0  startup_stm32f103xb.o(.text)
    __2sprintf                               0x080002b9   Thumb Code    38  __2sprintf.o(.text)
    __printf                                 0x080002e5   Thumb Code   270  __printf_wp.o(.text)
    __aeabi_memcpy                           0x080003f3   Thumb Code     0  rt_memcpy_v6.o(.text)
    __rt_memcpy                              0x080003f3   Thumb Code   138  rt_memcpy_v6.o(.text)
    _memcpy_lastbytes                        0x08000459   Thumb Code     0  rt_memcpy_v6.o(.text)
    __aeabi_memcpy4                          0x0800047d   Thumb Code     0  rt_memcpy_w.o(.text)
    __aeabi_memcpy8                          0x0800047d   Thumb Code     0  rt_memcpy_w.o(.text)
    __rt_memcpy_w                            0x0800047d   Thumb Code   100  rt_memcpy_w.o(.text)
    _memcpy_lastbytes_aligned                0x080004c5   Thumb Code     0  rt_memcpy_w.o(.text)
    __aeabi_memset                           0x080004e1   Thumb Code    16  aeabi_memset.o(.text)
    __aeabi_memclr4                          0x080004f1   Thumb Code     0  rt_memclr_w.o(.text)
    __aeabi_memclr8                          0x080004f1   Thumb Code     0  rt_memclr_w.o(.text)
    __rt_memclr_w                            0x080004f1   Thumb Code    78  rt_memclr_w.o(.text)
    _memset_w                                0x080004f5   Thumb Code     0  rt_memclr_w.o(.text)
    __use_two_region_memory                  0x0800053f   Thumb Code     2  heapauxi.o(.text)
    __rt_heap_escrow$2region                 0x08000541   Thumb Code     2  heapauxi.o(.text)
    __rt_heap_expand$2region                 0x08000543   Thumb Code     2  heapauxi.o(.text)
    __read_errno                             0x08000545   Thumb Code    10  _rserrno.o(.text)
    __set_errno                              0x0800054f   Thumb Code    12  _rserrno.o(.text)
    __lib_sel_fp_printf                      0x0800055b   Thumb Code     2  _printf_fp_dec.o(.text)
    _printf_fp_dec_real                      0x0800070d   Thumb Code   620  _printf_fp_dec.o(.text)
    _printf_char_common                      0x08000983   Thumb Code    32  _printf_char_common.o(.text)
    _sputc                                   0x080009a9   Thumb Code    10  _sputc.o(.text)
    __aeabi_memclr                           0x080009b3   Thumb Code     0  rt_memclr.o(.text)
    __rt_memclr                              0x080009b3   Thumb Code    68  rt_memclr.o(.text)
    _memset                                  0x080009b7   Thumb Code     0  rt_memclr.o(.text)
    __rt_locale                              0x080009f9   Thumb Code     8  rt_locale_intlibspace.o(.text)
    __aeabi_errno_addr                       0x08000a01   Thumb Code     8  rt_errno_addr_intlibspace.o(.text)
    __errno$intlibspace                      0x08000a01   Thumb Code     0  rt_errno_addr_intlibspace.o(.text)
    __rt_errno_addr$intlibspace              0x08000a01   Thumb Code     0  rt_errno_addr_intlibspace.o(.text)
    _ll_udiv10                               0x08000a09   Thumb Code   138  lludiv10.o(.text)
    _printf_fp_infnan                        0x08000a95   Thumb Code   112  _printf_fp_infnan.o(.text)
    _btod_etento                             0x08000b15   Thumb Code   224  bigflt0.o(.text)
    __user_libspace                          0x08000bf9   Thumb Code     8  libspace.o(.text)
    __user_perproc_libspace                  0x08000bf9   Thumb Code     0  libspace.o(.text)
    __user_perthread_libspace                0x08000bf9   Thumb Code     0  libspace.o(.text)
    __user_setup_stackheap                   0x08000c01   Thumb Code    74  sys_stackheap_outer.o(.text)
    exit                                     0x08000c4b   Thumb Code    18  exit.o(.text)
    strcmp                                   0x08000c5d   Thumb Code   128  strcmpv7m.o(.text)
    _sys_exit                                0x08000cdd   Thumb Code     8  sys_exit.o(.text)
    __I$use$semihosting                      0x08000ce9   Thumb Code     0  use_no_semi.o(.text)
    __use_no_semihosting_swi                 0x08000ce9   Thumb Code     2  use_no_semi.o(.text)
    __semihosting_library_function           0x08000ceb   Thumb Code     0  indicate_semi.o(.text)
    _btod_d2e                                0x08000ceb   Thumb Code    62  btod.o(CL$$btod_d2e)
    _d2e_denorm_low                          0x08000d29   Thumb Code    70  btod.o(CL$$btod_d2e_denorm_low)
    _d2e_norm_op1                            0x08000d6f   Thumb Code    96  btod.o(CL$$btod_d2e_norm_op1)
    __btod_div_common                        0x08000dcf   Thumb Code   696  btod.o(CL$$btod_div_common)
    _e2e                                     0x08001107   Thumb Code   220  btod.o(CL$$btod_e2e)
    _btod_ediv                               0x080011e3   Thumb Code    42  btod.o(CL$$btod_ediv)
    _btod_emul                               0x0800120d   Thumb Code    42  btod.o(CL$$btod_emul)
    __btod_mult_common                       0x08001237   Thumb Code   580  btod.o(CL$$btod_mult_common)
    BusFault_Handler                         0x0800147b   Thumb Code     2  stm32f1xx_it.o(i.BusFault_Handler)
    ClampPWM                                 0x08001495   Thumb Code    16  main.o(i.ClampPWM)
    ComputeMotorSpeed                        0x080014ad   Thumb Code    66  main.o(i.ComputeMotorSpeed)
    DMA1_Channel6_IRQHandler                 0x08001501   Thumb Code     6  stm32f1xx_it.o(i.DMA1_Channel6_IRQHandler)
    DMA1_Channel7_IRQHandler                 0x0800150d   Thumb Code     6  stm32f1xx_it.o(i.DMA1_Channel7_IRQHandler)
    DebugMon_Handler                         0x08001543   Thumb Code     2  stm32f1xx_it.o(i.DebugMon_Handler)
    Error_Handler                            0x08001545   Thumb Code    42  main.o(i.Error_Handler)
    Flash_Load_Default_PID                   0x08001575   Thumb Code    30  flashstorage.o(i.Flash_Load_Default_PID)
    Flash_Read_PID                           0x08001595   Thumb Code   116  flashstorage.o(i.Flash_Read_PID)
    HAL_CAN_ActivateNotification             0x0800160d   Thumb Code    36  stm32f1xx_hal_can.o(i.HAL_CAN_ActivateNotification)
    HAL_CAN_ConfigFilter                     0x08001631   Thumb Code   238  stm32f1xx_hal_can.o(i.HAL_CAN_ConfigFilter)
    HAL_CAN_Init                             0x0800171f   Thumb Code   282  stm32f1xx_hal_can.o(i.HAL_CAN_Init)
    HAL_CAN_MspInit                          0x08001839   Thumb Code    96  stm32f1xx_hal_msp.o(i.HAL_CAN_MspInit)
    HAL_CAN_Start                            0x080018a5   Thumb Code    88  stm32f1xx_hal_can.o(i.HAL_CAN_Start)
    HAL_DMA_Abort                            0x080018fd   Thumb Code    70  stm32f1xx_hal_dma.o(i.HAL_DMA_Abort)
    HAL_DMA_Abort_IT                         0x08001945   Thumb Code   148  stm32f1xx_hal_dma.o(i.HAL_DMA_Abort_IT)
    HAL_DMA_IRQHandler                       0x080019dd   Thumb Code   316  stm32f1xx_hal_dma.o(i.HAL_DMA_IRQHandler)
    HAL_DMA_Init                             0x08001b31   Thumb Code    84  stm32f1xx_hal_dma.o(i.HAL_DMA_Init)
    HAL_DMA_Start_IT                         0x08001b8d   Thumb Code   112  stm32f1xx_hal_dma.o(i.HAL_DMA_Start_IT)
    HAL_Delay                                0x08001bfd   Thumb Code    32  stm32f1xx_hal.o(i.HAL_Delay)
    HAL_GPIO_Init                            0x08001c21   Thumb Code   446  stm32f1xx_hal_gpio.o(i.HAL_GPIO_Init)
    HAL_GPIO_ReadPin                         0x08001e01   Thumb Code    10  stm32f1xx_hal_gpio.o(i.HAL_GPIO_ReadPin)
    HAL_GPIO_WritePin                        0x08001e0b   Thumb Code    10  stm32f1xx_hal_gpio.o(i.HAL_GPIO_WritePin)
    HAL_GetTick                              0x08001e15   Thumb Code     6  stm32f1xx_hal.o(i.HAL_GetTick)
    HAL_I2C_Init                             0x08001e21   Thumb Code   376  stm32f1xx_hal_i2c.o(i.HAL_I2C_Init)
    HAL_I2C_Mem_Read                         0x08001fa9   Thumb Code   586  stm32f1xx_hal_i2c.o(i.HAL_I2C_Mem_Read)
    HAL_I2C_Mem_Write                        0x08002205   Thumb Code   294  stm32f1xx_hal_i2c.o(i.HAL_I2C_Mem_Write)
    HAL_I2C_MspInit                          0x08002335   Thumb Code    80  stm32f1xx_hal_msp.o(i.HAL_I2C_MspInit)
    HAL_IncTick                              0x08002391   Thumb Code    12  stm32f1xx_hal.o(i.HAL_IncTick)
    HAL_Init                                 0x080023a1   Thumb Code    32  stm32f1xx_hal.o(i.HAL_Init)
    HAL_InitTick                             0x080023c5   Thumb Code    54  stm32f1xx_hal.o(i.HAL_InitTick)
    HAL_MspInit                              0x08002405   Thumb Code    62  stm32f1xx_hal_msp.o(i.HAL_MspInit)
    HAL_NVIC_EnableIRQ                       0x0800244d   Thumb Code    26  stm32f1xx_hal_cortex.o(i.HAL_NVIC_EnableIRQ)
    HAL_NVIC_SetPriority                     0x08002469   Thumb Code    60  stm32f1xx_hal_cortex.o(i.HAL_NVIC_SetPriority)
    HAL_NVIC_SetPriorityGrouping             0x080024a9   Thumb Code    26  stm32f1xx_hal_cortex.o(i.HAL_NVIC_SetPriorityGrouping)
    HAL_RCC_ClockConfig                      0x080024cd   Thumb Code   280  stm32f1xx_hal_rcc.o(i.HAL_RCC_ClockConfig)
    HAL_RCC_GetPCLK1Freq                     0x080025f9   Thumb Code    20  stm32f1xx_hal_rcc.o(i.HAL_RCC_GetPCLK1Freq)
    HAL_RCC_GetPCLK2Freq                     0x08002619   Thumb Code    20  stm32f1xx_hal_rcc.o(i.HAL_RCC_GetPCLK2Freq)
    HAL_RCC_GetSysClockFreq                  0x08002639   Thumb Code    58  stm32f1xx_hal_rcc.o(i.HAL_RCC_GetSysClockFreq)
    HAL_RCC_OscConfig                        0x08002685   Thumb Code   778  stm32f1xx_hal_rcc.o(i.HAL_RCC_OscConfig)
    HAL_SYSTICK_Config                       0x080029a5   Thumb Code    40  stm32f1xx_hal_cortex.o(i.HAL_SYSTICK_Config)
    HAL_TIMEx_ConfigBreakDeadTime            0x080029cd   Thumb Code    84  stm32f1xx_hal_tim_ex.o(i.HAL_TIMEx_ConfigBreakDeadTime)
    HAL_TIMEx_MasterConfigSynchronization    0x08002a21   Thumb Code    92  stm32f1xx_hal_tim_ex.o(i.HAL_TIMEx_MasterConfigSynchronization)
    HAL_TIM_Base_Init                        0x08002a89   Thumb Code    90  stm32f1xx_hal_tim.o(i.HAL_TIM_Base_Init)
    HAL_TIM_Base_MspInit                     0x08002ae5   Thumb Code    30  stm32f1xx_hal_msp.o(i.HAL_TIM_Base_MspInit)
    HAL_TIM_ConfigClockSource                0x08002b0d   Thumb Code   220  stm32f1xx_hal_tim.o(i.HAL_TIM_ConfigClockSource)
    HAL_TIM_MspPostInit                      0x08002be9   Thumb Code    64  stm32f1xx_hal_msp.o(i.HAL_TIM_MspPostInit)
    HAL_TIM_PWM_ConfigChannel                0x08002c35   Thumb Code   204  stm32f1xx_hal_tim.o(i.HAL_TIM_PWM_ConfigChannel)
    HAL_TIM_PWM_Init                         0x08002d01   Thumb Code    90  stm32f1xx_hal_tim.o(i.HAL_TIM_PWM_Init)
    HAL_TIM_PWM_MspInit                      0x08002d5b   Thumb Code     2  stm32f1xx_hal_tim.o(i.HAL_TIM_PWM_MspInit)
    HAL_TIM_PWM_Start                        0x08002d5d   Thumb Code   144  stm32f1xx_hal_tim.o(i.HAL_TIM_PWM_Start)
    HAL_UARTEx_RxEventCallback               0x08002df9   Thumb Code     2  stm32f1xx_hal_uart.o(i.HAL_UARTEx_RxEventCallback)
    HAL_UART_ErrorCallback                   0x08002dfb   Thumb Code     2  stm32f1xx_hal_uart.o(i.HAL_UART_ErrorCallback)
    HAL_UART_IRQHandler                      0x08002dfd   Thumb Code   616  stm32f1xx_hal_uart.o(i.HAL_UART_IRQHandler)
    HAL_UART_Init                            0x08003069   Thumb Code   100  stm32f1xx_hal_uart.o(i.HAL_UART_Init)
    HAL_UART_MspInit                         0x080030cd   Thumb Code   196  stm32f1xx_hal_msp.o(i.HAL_UART_MspInit)
    HAL_UART_RxCpltCallback                  0x080031a9   Thumb Code     2  stm32f1xx_hal_uart.o(i.HAL_UART_RxCpltCallback)
    HAL_UART_Transmit                        0x080031ab   Thumb Code   160  stm32f1xx_hal_uart.o(i.HAL_UART_Transmit)
    HAL_UART_Transmit_DMA                    0x0800324d   Thumb Code   106  stm32f1xx_hal_uart.o(i.HAL_UART_Transmit_DMA)
    HAL_UART_TxCpltCallback                  0x080032c5   Thumb Code     2  main.o(i.HAL_UART_TxCpltCallback)
    HAL_UART_TxHalfCpltCallback              0x080032c7   Thumb Code     2  stm32f1xx_hal_uart.o(i.HAL_UART_TxHalfCpltCallback)
    HardFault_Handler                        0x080032c9   Thumb Code     2  stm32f1xx_it.o(i.HardFault_Handler)
    Kalman_getAngle                          0x08003707   Thumb Code   270  mpu6050.o(i.Kalman_getAngle)
    MPU6050_Init                             0x08003815   Thumb Code   240  mpu6050.o(i.MPU6050_Init)
    MPU6050_Read_All                         0x08003905   Thumb Code   976  mpu6050.o(i.MPU6050_Read_All)
    MemManage_Handler                        0x08003f89   Thumb Code     2  stm32f1xx_it.o(i.MemManage_Handler)
    MotorControl                             0x08003f8b   Thumb Code    12  main.o(i.MotorControl)
    NMI_Handler                              0x08003f97   Thumb Code     2  stm32f1xx_it.o(i.NMI_Handler)
    PID_Compute                              0x08003f99   Thumb Code   122  pid.o(i.PID_Compute)
    PID_Reset                                0x08004025   Thumb Code    10  pid.o(i.PID_Reset)
    ReadHall                                 0x08004031   Thumb Code    64  main.o(i.ReadHall)
    ReceiveCAN                               0x08004075   Thumb Code    50  main.o(i.ReceiveCAN)
    SmoothPWM                                0x080040b1   Thumb Code   114  main.o(i.SmoothPWM)
    StartDefaultTask                         0x08004149   Thumb Code     8  main.o(i.StartDefaultTask)
    SysTick_Handler                          0x08004151   Thumb Code    24  stm32f1xx_it.o(i.SysTick_Handler)
    SystemClock_Config                       0x08004169   Thumb Code    88  main.o(i.SystemClock_Config)
    SystemInit                               0x080041c1   Thumb Code     2  system_stm32f1xx.o(i.SystemInit)
    TIM_Base_SetConfig                       0x080041c5   Thumb Code   108  stm32f1xx_hal_tim.o(i.TIM_Base_SetConfig)
    TIM_CCxChannelCmd                        0x0800423d   Thumb Code    26  stm32f1xx_hal_tim.o(i.TIM_CCxChannelCmd)
    TIM_ETR_SetConfig                        0x08004257   Thumb Code    20  stm32f1xx_hal_tim.o(i.TIM_ETR_SetConfig)
    TIM_OC2_SetConfig                        0x080042cd   Thumb Code    84  stm32f1xx_hal_tim.o(i.TIM_OC2_SetConfig)
    USART2_IRQHandler                        0x08004705   Thumb Code     6  stm32f1xx_it.o(i.USART2_IRQHandler)
    UsageFault_Handler                       0x08004711   Thumb Code     2  stm32f1xx_it.o(i.UsageFault_Handler)
    __ARM_fpclassify                         0x08004713   Thumb Code    40  fpclassify.o(i.__ARM_fpclassify)
    __ARM_fpclassifyf                        0x0800473b   Thumb Code    38  fpclassifyf.o(i.__ARM_fpclassifyf)
    __mathlib_flt_infnan                     0x08004781   Thumb Code     6  funder.o(i.__mathlib_flt_infnan)
    __mathlib_flt_infnan2                    0x08004787   Thumb Code     4  funder.o(i.__mathlib_flt_infnan2)
    __mathlib_flt_invalid                    0x0800478b   Thumb Code     8  funder.o(i.__mathlib_flt_invalid)
    __mathlib_flt_underflow                  0x08004793   Thumb Code    10  funder.o(i.__mathlib_flt_underflow)
    __mathlib_rredf2                         0x0800479d   Thumb Code   344  rredf.o(i.__mathlib_rredf2)
    _is_digit                                0x08004905   Thumb Code    14  __printf_wp.o(i._is_digit)
    atan2f                                   0x08004915   Thumb Code   528  atan2f.o(i.atan2f)
    controlLoop                              0x08004b71   Thumb Code   546  main.o(i.controlLoop)
    cosf                                     0x08004df9   Thumb Code   328  cosf.o(i.cosf)
    fmaxf                                    0x08004f75   Thumb Code    40  fmaxf.o(i.fmaxf)
    fminf                                    0x08004f9d   Thumb Code    40  fminf.o(i.fminf)
    getDirection                             0x08004fc5   Thumb Code    68  main.o(i.getDirection)
    getMotorAngle                            0x0800500d   Thumb Code    26  main.o(i.getMotorAngle)
    main                                     0x08005035   Thumb Code   254  main.o(i.main)
    osDelay                                  0x08005159   Thumb Code    26  cmsis_os2.o(i.osDelay)
    osKernelInitialize                       0x08005175   Thumb Code    32  cmsis_os2.o(i.osKernelInitialize)
    osKernelStart                            0x08005199   Thumb Code    48  cmsis_os2.o(i.osKernelStart)
    osThreadNew                              0x080051d1   Thumb Code   138  cmsis_os2.o(i.osThreadNew)
    pvPortMalloc                             0x080059f1   Thumb Code   216  heap_4.o(i.pvPortMalloc)
    pxPortInitialiseStack                    0x08005acd   Thumb Code    32  port.o(i.pxPortInitialiseStack)
    readHallState                            0x08005af1   Thumb Code    56  main.o(i.readHallState)
    send_imu_data                            0x08005b35   Thumb Code   130  main.o(i.send_imu_data)
    sinf                                     0x08005be1   Thumb Code   338  sinf.o(i.sinf)
    sqrtf                                    0x08005d69   Thumb Code    44  sqrtf.o(i.sqrtf)
    updateMotors                             0x08005d95   Thumb Code    90  main.o(i.updateMotors)
    uxListRemove                             0x08005dfd   Thumb Code    38  list.o(i.uxListRemove)
    vApplicationGetIdleTaskMemory            0x08005e25   Thumb Code    16  cmsis_os2.o(i.vApplicationGetIdleTaskMemory)
    vApplicationGetTimerTaskMemory           0x08005e39   Thumb Code    18  cmsis_os2.o(i.vApplicationGetTimerTaskMemory)
    vListInitialise                          0x08005e51   Thumb Code    22  list.o(i.vListInitialise)
    vListInitialiseItem                      0x08005e67   Thumb Code     6  list.o(i.vListInitialiseItem)
    vListInsert                              0x08005e6d   Thumb Code    48  list.o(i.vListInsert)
    vListInsertEnd                           0x08005e9d   Thumb Code    24  list.o(i.vListInsertEnd)
    vPortEnterCritical                       0x08005eb5   Thumb Code    54  port.o(i.vPortEnterCritical)
    vPortExitCritical                        0x08005ef5   Thumb Code    34  port.o(i.vPortExitCritical)
    vPortFree                                0x08005f1d   Thumb Code    94  heap_4.o(i.vPortFree)
    vPortSetupTimerInterrupt                 0x08005f81   Thumb Code    32  port.o(i.vPortSetupTimerInterrupt)
    vPortValidateInterruptPriority           0x08005fa5   Thumb Code    74  port.o(i.vPortValidateInterruptPriority)
    vQueueAddToRegistry                      0x08005ff9   Thumb Code    34  queue.o(i.vQueueAddToRegistry)
    vQueueWaitForMessageRestricted           0x08006021   Thumb Code    68  queue.o(i.vQueueWaitForMessageRestricted)
    vTaskDelay                               0x08006065   Thumb Code    66  tasks.o(i.vTaskDelay)
    vTaskInternalSetTimeOutState             0x080060b1   Thumb Code    12  tasks.o(i.vTaskInternalSetTimeOutState)
    vTaskMissedYield                         0x080060c1   Thumb Code     8  tasks.o(i.vTaskMissedYield)
    vTaskPlaceOnEventList                    0x080060cd   Thumb Code    44  tasks.o(i.vTaskPlaceOnEventList)
    vTaskPlaceOnEventListRestricted          0x080060fd   Thumb Code    52  tasks.o(i.vTaskPlaceOnEventListRestricted)
    vTaskStartScheduler                      0x08006135   Thumb Code   118  tasks.o(i.vTaskStartScheduler)
    vTaskSuspendAll                          0x080061bd   Thumb Code    10  tasks.o(i.vTaskSuspendAll)
    vTaskSwitchContext                       0x080061cd   Thumb Code    90  tasks.o(i.vTaskSwitchContext)
    xPortStartScheduler                      0x08006231   Thumb Code   154  port.o(i.xPortStartScheduler)
    xPortSysTickHandler                      0x080062d9   Thumb Code    38  port.o(i.xPortSysTickHandler)
    xQueueGenericCreateStatic                0x08006305   Thumb Code   102  queue.o(i.xQueueGenericCreateStatic)
    xQueueGenericReset                       0x0800636d   Thumb Code   132  queue.o(i.xQueueGenericReset)
    xQueueGenericSend                        0x080063f5   Thumb Code   346  queue.o(i.xQueueGenericSend)
    xQueueGenericSendFromISR                 0x08006555   Thumb Code   190  queue.o(i.xQueueGenericSendFromISR)
    xQueueReceive                            0x08006615   Thumb Code   308  queue.o(i.xQueueReceive)
    xTaskCheckForTimeOut                     0x0800674d   Thumb Code   112  tasks.o(i.xTaskCheckForTimeOut)
    xTaskCreate                              0x080067c1   Thumb Code    90  tasks.o(i.xTaskCreate)
    xTaskCreateStatic                        0x0800681b   Thumb Code    86  tasks.o(i.xTaskCreateStatic)
    xTaskGetSchedulerState                   0x08006871   Thumb Code    22  tasks.o(i.xTaskGetSchedulerState)
    xTaskGetTickCount                        0x0800688d   Thumb Code     6  tasks.o(i.xTaskGetTickCount)
    xTaskIncrementTick                       0x08006899   Thumb Code   192  tasks.o(i.xTaskIncrementTick)
    xTaskPriorityDisinherit                  0x08006961   Thumb Code   118  tasks.o(i.xTaskPriorityDisinherit)
    xTaskRemoveFromEventList                 0x080069e1   Thumb Code    98  tasks.o(i.xTaskRemoveFromEventList)
    xTaskResumeAll                           0x08006a51   Thumb Code   182  tasks.o(i.xTaskResumeAll)
    xTimerCreateTimerTask                    0x08006b15   Thumb Code    78  timers.o(i.xTimerCreateTimerTask)
    xTimerGenericCommand                     0x08006b75   Thumb Code    98  timers.o(i.xTimerGenericCommand)
    _get_lc_numeric                          0x08006bdd   Thumb Code    44  lc_numeric_c.o(locale$$code)
    __aeabi_d2f                              0x08006c09   Thumb Code     0  d2f.o(x$fpl$d2f)
    _d2f                                     0x08006c09   Thumb Code    98  d2f.o(x$fpl$d2f)
    __aeabi_dadd                             0x08006c6d   Thumb Code     0  daddsub_clz.o(x$fpl$dadd)
    _dadd                                    0x08006c6d   Thumb Code   332  daddsub_clz.o(x$fpl$dadd)
    __aeabi_dmul                             0x08006dbd   Thumb Code     0  dmul.o(x$fpl$dmul)
    _dmul                                    0x08006dbd   Thumb Code   332  dmul.o(x$fpl$dmul)
    __fpl_dnaninf                            0x08006f11   Thumb Code   156  dnaninf.o(x$fpl$dnaninf)
    __fpl_dretinf                            0x08006fad   Thumb Code    12  dretinf.o(x$fpl$dretinf)
    __aeabi_dsub                             0x08006fb9   Thumb Code     0  daddsub_clz.o(x$fpl$dsub)
    _dsub                                    0x08006fb9   Thumb Code   464  daddsub_clz.o(x$fpl$dsub)
    __aeabi_f2d                              0x0800718d   Thumb Code     0  f2d.o(x$fpl$f2d)
    _f2d                                     0x0800718d   Thumb Code    86  f2d.o(x$fpl$f2d)
    __aeabi_fadd                             0x080071e5   Thumb Code     0  faddsub_clz.o(x$fpl$fadd)
    _fadd                                    0x080071e5   Thumb Code   196  faddsub_clz.o(x$fpl$fadd)
    __fpl_fcheck_NaN1                        0x080072a9   Thumb Code     6  fcheck1.o(x$fpl$fcheck1)
    __fcmp4                                  0x080072b5   Thumb Code    82  fcmp4.o(x$fpl$fcmp4)
    __ARM_fcmp4                              0x08007307   Thumb Code     0  fcmp4.o(x$fpl$fcmp4)
    _fcmp4                                   0x08007307   Thumb Code    60  fcmp4.o(x$fpl$fcmp4)
    __fpl_fcmp_Inf                           0x08007343   Thumb Code    24  fcmpi.o(x$fpl$fcmpinf)
    __aeabi_fdiv                             0x0800735d   Thumb Code     0  fdiv.o(x$fpl$fdiv)
    _fdiv                                    0x0800735d   Thumb Code   384  fdiv.o(x$fpl$fdiv)
    __aeabi_f2iz                             0x080074e1   Thumb Code     0  ffix.o(x$fpl$ffix)
    _ffix                                    0x080074e1   Thumb Code    54  ffix.o(x$fpl$ffix)
    __aeabi_f2uiz                            0x08007519   Thumb Code     0  ffixu.o(x$fpl$ffixu)
    _ffixu                                   0x08007519   Thumb Code    62  ffixu.o(x$fpl$ffixu)
    __aeabi_i2f                              0x08007559   Thumb Code     0  fflt_clz.o(x$fpl$fflt)
    _fflt                                    0x08007559   Thumb Code    48  fflt_clz.o(x$fpl$fflt)
    __aeabi_ui2f                             0x08007589   Thumb Code     0  fflt_clz.o(x$fpl$ffltu)
    _ffltu                                   0x08007589   Thumb Code    38  fflt_clz.o(x$fpl$ffltu)
    __aeabi_cfcmple                          0x080075b1   Thumb Code     0  fleqf.o(x$fpl$fleqf)
    _fcmple                                  0x080075b1   Thumb Code   104  fleqf.o(x$fpl$fleqf)
    __fpl_fcmple_InfNaN                      0x08007603   Thumb Code     0  fleqf.o(x$fpl$fleqf)
    __aeabi_fmul                             0x08007619   Thumb Code     0  fmul.o(x$fpl$fmul)
    _fmul                                    0x08007619   Thumb Code   258  fmul.o(x$fpl$fmul)
    __fpl_fnaninf                            0x0800771b   Thumb Code   140  fnaninf.o(x$fpl$fnaninf)
    __fpl_fretinf                            0x080077a7   Thumb Code    10  fretinf.o(x$fpl$fretinf)
    __aeabi_cfrcmple                         0x080077b1   Thumb Code     0  frleqf.o(x$fpl$frleqf)
    _frcmple                                 0x080077b1   Thumb Code    98  frleqf.o(x$fpl$frleqf)
    _frnd                                    0x08007815   Thumb Code    96  frnd.o(x$fpl$frnd)
    __aeabi_frsub                            0x08007875   Thumb Code     0  faddsub_clz.o(x$fpl$frsb)
    _frsb                                    0x08007875   Thumb Code    20  faddsub_clz.o(x$fpl$frsb)
    _fsqrt                                   0x08007889   Thumb Code   272  fsqrt.o(x$fpl$fsqrt)
    __aeabi_fsub                             0x08007999   Thumb Code     0  faddsub_clz.o(x$fpl$fsub)
    _fsub                                    0x08007999   Thumb Code   234  faddsub_clz.o(x$fpl$fsub)
    _printf_fp_dec                           0x08007a83   Thumb Code     4  printf1.o(x$fpl$printf1)
    __fpl_return_NaN                         0x08007a87   Thumb Code   100  retnan.o(x$fpl$retnan)
    __ARM_scalbnf                            0x08007aeb   Thumb Code    76  scalbnf.o(x$fpl$scalbnf)
    __fpl_cmpreturn                          0x08007b37   Thumb Code    48  trapv.o(x$fpl$trapveneer)
    __I$use$fp                               0x08007b66   Number         0  usenofp.o(x$fpl$usenofp)
    defaultTask_attributes                   0x08007b68   Data          36  main.o(.constdata)
    TaskReceiveCAN_attributes                0x08007b8c   Data          36  main.o(.constdata)
    TaskMControl_attributes                  0x08007bb0   Data          36  main.o(.constdata)
    TaskReadHall_attributes                  0x08007bd4   Data          36  main.o(.constdata)
    AHBPrescTable                            0x08007c22   Data          16  system_stm32f1xx.o(.constdata)
    APBPrescTable                            0x08007c32   Data           8  system_stm32f1xx.o(.constdata)
    Region$$Table$$Base                      0x08007d2c   Number         0  anon$$obj.o(Region$$Table)
    Region$$Table$$Limit                     0x08007d4c   Number         0  anon$$obj.o(Region$$Table)
    currentState                             0x20000000   Data           1  main.o(.data)
    direction                                0x20000001   Data           1  main.o(.data)
    lastHallState                            0x20000002   Data           1  main.o(.data)
    u                                        0x20000003   Data           1  main.o(.data)
    v                                        0x20000004   Data           1  main.o(.data)
    w                                        0x20000005   Data           1  main.o(.data)
    checkrunFirtTime                         0x20000006   Data           1  main.o(.data)
    joyStickX                                0x2000000a   Data           2  main.o(.data)
    joyStickY                                0x2000000c   Data           2  main.o(.data)
    RxData                                   0x2000000e   Data           3  main.o(.data)
    angleY                                   0x20000014   Data           4  main.o(.data)
    angleZ                                   0x20000018   Data           4  main.o(.data)
    gyroY                                    0x2000001c   Data           4  main.o(.data)
    gyroZ                                    0x20000020   Data           4  main.o(.data)
    motorSpeedRPS                            0x20000024   Data           4  main.o(.data)
    motorSpeedDPS                            0x20000028   Data           4  main.o(.data)
    pwm_left_filtered                        0x2000002c   Data           4  main.o(.data)
    positionOffset                           0x20000030   Data           4  main.o(.data)
    hallCounter                              0x20000034   Data           4  main.o(.data)
    defaultTaskHandle                        0x20000040   Data           4  main.o(.data)
    TaskReceiveCANHandle                     0x20000044   Data           4  main.o(.data)
    TaskMControlHandle                       0x20000048   Data           4  main.o(.data)
    TaskReadHallHandle                       0x2000004c   Data           4  main.o(.data)
    uwTickFreq                               0x20000050   Data           1  stm32f1xx_hal.o(.data)
    uwTickPrio                               0x20000054   Data           4  stm32f1xx_hal.o(.data)
    uwTick                                   0x20000058   Data           4  stm32f1xx_hal.o(.data)
    SystemCoreClock                          0x2000005c   Data           4  system_stm32f1xx.o(.data)
    pxCurrentTCB                             0x20000060   Data           4  tasks.o(.data)
    hcan                                     0x2000019c   Data          40  main.o(.bss)
    hi2c1                                    0x200001c4   Data          84  main.o(.bss)
    htim1                                    0x20000218   Data          72  main.o(.bss)
    huart2                                   0x20000260   Data          72  main.o(.bss)
    MPU6050                                  0x200002a8   Data         100  main.o(.bss)
    PID_Position                             0x2000030c   Data          24  main.o(.bss)
    PID_SpeedLeft                            0x20000324   Data          24  main.o(.bss)
    PID_Pitch                                0x2000033c   Data          24  main.o(.bss)
    PID_Yaw                                  0x20000354   Data          24  main.o(.bss)
    RxHeader                                 0x2000036c   Data          28  main.o(.bss)
    hdma_usart2_rx                           0x20000388   Data          68  main.o(.bss)
    hdma_usart2_tx                           0x200003cc   Data          68  main.o(.bss)
    xQueueRegistry                           0x20000410   Data          64  queue.o(.bss)
    __libspace_start                         0x20001ce4   Data          96  libspace.o(.bss)
    __temporary_stack_top$libspace           0x20001d44   Data           0  libspace.o(.bss)



==============================================================================

Memory Map of the image

  Image Entry point : 0x080000ed

  Load Region LR_IROM1 (Base: 0x08000000, Size: 0x00007ed0, Max: 0x00010000, ABSOLUTE, COMPRESSED[0x00007d8c])

    Execution Region ER_IROM1 (Exec base: 0x08000000, Load base: 0x08000000, Size: 0x00007d68, Max: 0x00010000, ABSOLUTE)

    Exec Addr    Load Addr    Size         Type   Attr      Idx    E Section Name        Object

    0x08000000   0x08000000   0x000000ec   Data   RO            3    RESET               startup_stm32f103xb.o
    0x080000ec   0x080000ec   0x00000008   Code   RO         5512  * !!!main             c_w.l(__main.o)
    0x080000f4   0x080000f4   0x00000034   Code   RO         5872    !!!scatter          c_w.l(__scatter.o)
    0x08000128   0x08000128   0x0000005a   Code   RO         5870    !!dczerorl2         c_w.l(__dczerorl2.o)
    0x08000182   0x08000182   0x00000002   PAD
    0x08000184   0x08000184   0x0000001c   Code   RO         5874    !!handler_zi        c_w.l(__scatter_zi.o)
    0x080001a0   0x080001a0   0x00000000   Code   RO         5499    .ARM.Collect$$_printf_percent$$00000000  c_w.l(_printf_percent.o)
    0x080001a0   0x080001a0   0x00000006   Code   RO         5498    .ARM.Collect$$_printf_percent$$00000003  c_w.l(_printf_f.o)
    0x080001a6   0x080001a6   0x00000004   Code   RO         5615    .ARM.Collect$$_printf_percent$$00000017  c_w.l(_printf_percent_end.o)
    0x080001aa   0x080001aa   0x00000002   Code   RO         5741    .ARM.Collect$$libinit$$00000000  c_w.l(libinit.o)
    0x080001ac   0x080001ac   0x00000000   Code   RO         5743    .ARM.Collect$$libinit$$00000002  c_w.l(libinit2.o)
    0x080001ac   0x080001ac   0x00000000   Code   RO         5745    .ARM.Collect$$libinit$$00000004  c_w.l(libinit2.o)
    0x080001ac   0x080001ac   0x00000000   Code   RO         5748    .ARM.Collect$$libinit$$0000000A  c_w.l(libinit2.o)
    0x080001ac   0x080001ac   0x00000000   Code   RO         5750    .ARM.Collect$$libinit$$0000000C  c_w.l(libinit2.o)
    0x080001ac   0x080001ac   0x00000000   Code   RO         5752    .ARM.Collect$$libinit$$0000000E  c_w.l(libinit2.o)
    0x080001ac   0x080001ac   0x00000006   Code   RO         5753    .ARM.Collect$$libinit$$0000000F  c_w.l(libinit2.o)
    0x080001b2   0x080001b2   0x00000000   Code   RO         5755    .ARM.Collect$$libinit$$00000011  c_w.l(libinit2.o)
    0x080001b2   0x080001b2   0x00000000   Code   RO         5757    .ARM.Collect$$libinit$$00000013  c_w.l(libinit2.o)
    0x080001b2   0x080001b2   0x00000000   Code   RO         5759    .ARM.Collect$$libinit$$00000015  c_w.l(libinit2.o)
    0x080001b2   0x080001b2   0x0000000a   Code   RO         5760    .ARM.Collect$$libinit$$00000016  c_w.l(libinit2.o)
    0x080001bc   0x080001bc   0x00000000   Code   RO         5761    .ARM.Collect$$libinit$$00000017  c_w.l(libinit2.o)
    0x080001bc   0x080001bc   0x00000000   Code   RO         5763    .ARM.Collect$$libinit$$00000019  c_w.l(libinit2.o)
    0x080001bc   0x080001bc   0x00000000   Code   RO         5765    .ARM.Collect$$libinit$$0000001B  c_w.l(libinit2.o)
    0x080001bc   0x080001bc   0x00000000   Code   RO         5767    .ARM.Collect$$libinit$$0000001D  c_w.l(libinit2.o)
    0x080001bc   0x080001bc   0x00000000   Code   RO         5769    .ARM.Collect$$libinit$$0000001F  c_w.l(libinit2.o)
    0x080001bc   0x080001bc   0x00000000   Code   RO         5771    .ARM.Collect$$libinit$$00000021  c_w.l(libinit2.o)
    0x080001bc   0x080001bc   0x00000000   Code   RO         5773    .ARM.Collect$$libinit$$00000023  c_w.l(libinit2.o)
    0x080001bc   0x080001bc   0x00000000   Code   RO         5775    .ARM.Collect$$libinit$$00000025  c_w.l(libinit2.o)
    0x080001bc   0x080001bc   0x00000000   Code   RO         5779    .ARM.Collect$$libinit$$0000002C  c_w.l(libinit2.o)
    0x080001bc   0x080001bc   0x00000000   Code   RO         5781    .ARM.Collect$$libinit$$0000002E  c_w.l(libinit2.o)
    0x080001bc   0x080001bc   0x00000000   Code   RO         5783    .ARM.Collect$$libinit$$00000030  c_w.l(libinit2.o)
    0x080001bc   0x080001bc   0x00000000   Code   RO         5785    .ARM.Collect$$libinit$$00000032  c_w.l(libinit2.o)
    0x080001bc   0x080001bc   0x00000002   Code   RO         5786    .ARM.Collect$$libinit$$00000033  c_w.l(libinit2.o)
    0x080001be   0x080001be   0x00000002   Code   RO         5818    .ARM.Collect$$libshutdown$$00000000  c_w.l(libshutdown.o)
    0x080001c0   0x080001c0   0x00000000   Code   RO         5829    .ARM.Collect$$libshutdown$$00000002  c_w.l(libshutdown2.o)
    0x080001c0   0x080001c0   0x00000000   Code   RO         5831    .ARM.Collect$$libshutdown$$00000004  c_w.l(libshutdown2.o)
    0x080001c0   0x080001c0   0x00000000   Code   RO         5834    .ARM.Collect$$libshutdown$$00000007  c_w.l(libshutdown2.o)
    0x080001c0   0x080001c0   0x00000000   Code   RO         5837    .ARM.Collect$$libshutdown$$0000000A  c_w.l(libshutdown2.o)
    0x080001c0   0x080001c0   0x00000000   Code   RO         5839    .ARM.Collect$$libshutdown$$0000000C  c_w.l(libshutdown2.o)
    0x080001c0   0x080001c0   0x00000000   Code   RO         5842    .ARM.Collect$$libshutdown$$0000000F  c_w.l(libshutdown2.o)
    0x080001c0   0x080001c0   0x00000002   Code   RO         5843    .ARM.Collect$$libshutdown$$00000010  c_w.l(libshutdown2.o)
    0x080001c2   0x080001c2   0x00000000   Code   RO         5606    .ARM.Collect$$rtentry$$00000000  c_w.l(__rtentry.o)
    0x080001c2   0x080001c2   0x00000000   Code   RO         5661    .ARM.Collect$$rtentry$$00000002  c_w.l(__rtentry2.o)
    0x080001c2   0x080001c2   0x00000006   Code   RO         5673    .ARM.Collect$$rtentry$$00000004  c_w.l(__rtentry4.o)
    0x080001c8   0x080001c8   0x00000000   Code   RO         5663    .ARM.Collect$$rtentry$$00000009  c_w.l(__rtentry2.o)
    0x080001c8   0x080001c8   0x00000004   Code   RO         5664    .ARM.Collect$$rtentry$$0000000A  c_w.l(__rtentry2.o)
    0x080001cc   0x080001cc   0x00000000   Code   RO         5666    .ARM.Collect$$rtentry$$0000000C  c_w.l(__rtentry2.o)
    0x080001cc   0x080001cc   0x00000008   Code   RO         5667    .ARM.Collect$$rtentry$$0000000D  c_w.l(__rtentry2.o)
    0x080001d4   0x080001d4   0x00000002   Code   RO         5789    .ARM.Collect$$rtexit$$00000000  c_w.l(rtexit.o)
    0x080001d6   0x080001d6   0x00000000   Code   RO         5796    .ARM.Collect$$rtexit$$00000002  c_w.l(rtexit2.o)
    0x080001d6   0x080001d6   0x00000004   Code   RO         5797    .ARM.Collect$$rtexit$$00000003  c_w.l(rtexit2.o)
    0x080001da   0x080001da   0x00000006   Code   RO         5798    .ARM.Collect$$rtexit$$00000004  c_w.l(rtexit2.o)
    0x080001e0   0x080001e0   0x00000096   Code   RO         5255    .emb_text           port.o
    0x08000276   0x08000276   0x00000002   PAD
    0x08000278   0x08000278   0x00000040   Code   RO            4    .text               startup_stm32f103xb.o
    0x080002b8   0x080002b8   0x0000002c   Code   RO         5472    .text               c_w.l(__2sprintf.o)
    0x080002e4   0x080002e4   0x0000010e   Code   RO         5486    .text               c_w.l(__printf_wp.o)
    0x080003f2   0x080003f2   0x0000008a   Code   RO         5500    .text               c_w.l(rt_memcpy_v6.o)
    0x0800047c   0x0800047c   0x00000064   Code   RO         5502    .text               c_w.l(rt_memcpy_w.o)
    0x080004e0   0x080004e0   0x00000010   Code   RO         5506    .text               c_w.l(aeabi_memset.o)
    0x080004f0   0x080004f0   0x0000004e   Code   RO         5508    .text               c_w.l(rt_memclr_w.o)
    0x0800053e   0x0800053e   0x00000006   Code   RO         5510    .text               c_w.l(heapauxi.o)
    0x08000544   0x08000544   0x00000016   Code   RO         5607    .text               c_w.l(_rserrno.o)
    0x0800055a   0x0800055a   0x0000041e   Code   RO         5609    .text               c_w.l(_printf_fp_dec.o)
    0x08000978   0x08000978   0x00000030   Code   RO         5611    .text               c_w.l(_printf_char_common.o)
    0x080009a8   0x080009a8   0x0000000a   Code   RO         5613    .text               c_w.l(_sputc.o)
    0x080009b2   0x080009b2   0x00000044   Code   RO         5616    .text               c_w.l(rt_memclr.o)
    0x080009f6   0x080009f6   0x00000002   PAD
    0x080009f8   0x080009f8   0x00000008   Code   RO         5678    .text               c_w.l(rt_locale_intlibspace.o)
    0x08000a00   0x08000a00   0x00000008   Code   RO         5683    .text               c_w.l(rt_errno_addr_intlibspace.o)
    0x08000a08   0x08000a08   0x0000008a   Code   RO         5685    .text               c_w.l(lludiv10.o)
    0x08000a92   0x08000a92   0x00000002   PAD
    0x08000a94   0x08000a94   0x00000080   Code   RO         5687    .text               c_w.l(_printf_fp_infnan.o)
    0x08000b14   0x08000b14   0x000000e4   Code   RO         5691    .text               c_w.l(bigflt0.o)
    0x08000bf8   0x08000bf8   0x00000008   Code   RO         5727    .text               c_w.l(libspace.o)
    0x08000c00   0x08000c00   0x0000004a   Code   RO         5730    .text               c_w.l(sys_stackheap_outer.o)
    0x08000c4a   0x08000c4a   0x00000012   Code   RO         5732    .text               c_w.l(exit.o)
    0x08000c5c   0x08000c5c   0x00000080   Code   RO         5734    .text               c_w.l(strcmpv7m.o)
    0x08000cdc   0x08000cdc   0x0000000c   Code   RO         5808    .text               c_w.l(sys_exit.o)
    0x08000ce8   0x08000ce8   0x00000002   Code   RO         5819    .text               c_w.l(use_no_semi.o)
    0x08000cea   0x08000cea   0x00000000   Code   RO         5821    .text               c_w.l(indicate_semi.o)
    0x08000cea   0x08000cea   0x0000003e   Code   RO         5694    CL$$btod_d2e        c_w.l(btod.o)
    0x08000d28   0x08000d28   0x00000046   Code   RO         5696    CL$$btod_d2e_denorm_low  c_w.l(btod.o)
    0x08000d6e   0x08000d6e   0x00000060   Code   RO         5695    CL$$btod_d2e_norm_op1  c_w.l(btod.o)
    0x08000dce   0x08000dce   0x00000338   Code   RO         5704    CL$$btod_div_common  c_w.l(btod.o)
    0x08001106   0x08001106   0x000000dc   Code   RO         5701    CL$$btod_e2e        c_w.l(btod.o)
    0x080011e2   0x080011e2   0x0000002a   Code   RO         5698    CL$$btod_ediv       c_w.l(btod.o)
    0x0800120c   0x0800120c   0x0000002a   Code   RO         5697    CL$$btod_emul       c_w.l(btod.o)
    0x08001236   0x08001236   0x00000244   Code   RO         5703    CL$$btod_mult_common  c_w.l(btod.o)
    0x0800147a   0x0800147a   0x00000002   Code   RO          364    i.BusFault_Handler  stm32f1xx_it.o
    0x0800147c   0x0800147c   0x00000016   Code   RO         5427    i.Calculate_Checksum  flashstorage.o
    0x08001492   0x08001492   0x00000002   PAD
    0x08001494   0x08001494   0x00000018   Code   RO           13    i.ClampPWM          main.o
    0x080014ac   0x080014ac   0x00000054   Code   RO           14    i.ComputeMotorSpeed  main.o
    0x08001500   0x08001500   0x0000000c   Code   RO          365    i.DMA1_Channel6_IRQHandler  stm32f1xx_it.o
    0x0800150c   0x0800150c   0x0000000c   Code   RO          366    i.DMA1_Channel7_IRQHandler  stm32f1xx_it.o
    0x08001518   0x08001518   0x0000002a   Code   RO         1175    i.DMA_SetConfig     stm32f1xx_hal_dma.o
    0x08001542   0x08001542   0x00000002   Code   RO          367    i.DebugMon_Handler  stm32f1xx_it.o
    0x08001544   0x08001544   0x00000030   Code   RO           15    i.Error_Handler     main.o
    0x08001574   0x08001574   0x0000001e   Code   RO         5428    i.Flash_Load_Default_PID  flashstorage.o
    0x08001592   0x08001592   0x00000002   PAD
    0x08001594   0x08001594   0x00000078   Code   RO         5429    i.Flash_Read_PID    flashstorage.o
    0x0800160c   0x0800160c   0x00000024   Code   RO          562    i.HAL_CAN_ActivateNotification  stm32f1xx_hal_can.o
    0x08001630   0x08001630   0x000000ee   Code   RO          564    i.HAL_CAN_ConfigFilter  stm32f1xx_hal_can.o
    0x0800171e   0x0800171e   0x0000011a   Code   RO          575    i.HAL_CAN_Init      stm32f1xx_hal_can.o
    0x08001838   0x08001838   0x0000006c   Code   RO          447    i.HAL_CAN_MspInit   stm32f1xx_hal_msp.o
    0x080018a4   0x080018a4   0x00000058   Code   RO          587    i.HAL_CAN_Start     stm32f1xx_hal_can.o
    0x080018fc   0x080018fc   0x00000046   Code   RO         1176    i.HAL_DMA_Abort     stm32f1xx_hal_dma.o
    0x08001942   0x08001942   0x00000002   PAD
    0x08001944   0x08001944   0x00000098   Code   RO         1177    i.HAL_DMA_Abort_IT  stm32f1xx_hal_dma.o
    0x080019dc   0x080019dc   0x00000154   Code   RO         1181    i.HAL_DMA_IRQHandler  stm32f1xx_hal_dma.o
    0x08001b30   0x08001b30   0x0000005c   Code   RO         1182    i.HAL_DMA_Init      stm32f1xx_hal_dma.o
    0x08001b8c   0x08001b8c   0x00000070   Code   RO         1186    i.HAL_DMA_Start_IT  stm32f1xx_hal_dma.o
    0x08001bfc   0x08001bfc   0x00000024   Code   RO          802    i.HAL_Delay         stm32f1xx_hal.o
    0x08001c20   0x08001c20   0x000001e0   Code   RO         1112    i.HAL_GPIO_Init     stm32f1xx_hal_gpio.o
    0x08001e00   0x08001e00   0x0000000a   Code   RO         1114    i.HAL_GPIO_ReadPin  stm32f1xx_hal_gpio.o
    0x08001e0a   0x08001e0a   0x0000000a   Code   RO         1116    i.HAL_GPIO_WritePin  stm32f1xx_hal_gpio.o
    0x08001e14   0x08001e14   0x0000000c   Code   RO          806    i.HAL_GetTick       stm32f1xx_hal.o
    0x08001e20   0x08001e20   0x00000188   Code   RO         1783    i.HAL_I2C_Init      stm32f1xx_hal_i2c.o
    0x08001fa8   0x08001fa8   0x0000025c   Code   RO         1801    i.HAL_I2C_Mem_Read  stm32f1xx_hal_i2c.o
    0x08002204   0x08002204   0x00000130   Code   RO         1804    i.HAL_I2C_Mem_Write  stm32f1xx_hal_i2c.o
    0x08002334   0x08002334   0x0000005c   Code   RO          449    i.HAL_I2C_MspInit   stm32f1xx_hal_msp.o
    0x08002390   0x08002390   0x00000010   Code   RO          812    i.HAL_IncTick       stm32f1xx_hal.o
    0x080023a0   0x080023a0   0x00000024   Code   RO          813    i.HAL_Init          stm32f1xx_hal.o
    0x080023c4   0x080023c4   0x00000040   Code   RO          814    i.HAL_InitTick      stm32f1xx_hal.o
    0x08002404   0x08002404   0x00000048   Code   RO          450    i.HAL_MspInit       stm32f1xx_hal_msp.o
    0x0800244c   0x0800244c   0x0000001a   Code   RO         1272    i.HAL_NVIC_EnableIRQ  stm32f1xx_hal_cortex.o
    0x08002466   0x08002466   0x00000002   PAD
    0x08002468   0x08002468   0x00000040   Code   RO         1278    i.HAL_NVIC_SetPriority  stm32f1xx_hal_cortex.o
    0x080024a8   0x080024a8   0x00000024   Code   RO         1279    i.HAL_NVIC_SetPriorityGrouping  stm32f1xx_hal_cortex.o
    0x080024cc   0x080024cc   0x0000012c   Code   RO          970    i.HAL_RCC_ClockConfig  stm32f1xx_hal_rcc.o
    0x080025f8   0x080025f8   0x00000020   Code   RO          977    i.HAL_RCC_GetPCLK1Freq  stm32f1xx_hal_rcc.o
    0x08002618   0x08002618   0x00000020   Code   RO          978    i.HAL_RCC_GetPCLK2Freq  stm32f1xx_hal_rcc.o
    0x08002638   0x08002638   0x0000004c   Code   RO          979    i.HAL_RCC_GetSysClockFreq  stm32f1xx_hal_rcc.o
    0x08002684   0x08002684   0x00000320   Code   RO          982    i.HAL_RCC_OscConfig  stm32f1xx_hal_rcc.o
    0x080029a4   0x080029a4   0x00000028   Code   RO         1283    i.HAL_SYSTICK_Config  stm32f1xx_hal_cortex.o
    0x080029cc   0x080029cc   0x00000054   Code   RO         2918    i.HAL_TIMEx_ConfigBreakDeadTime  stm32f1xx_hal_tim_ex.o
    0x08002a20   0x08002a20   0x00000068   Code   RO         2934    i.HAL_TIMEx_MasterConfigSynchronization  stm32f1xx_hal_tim_ex.o
    0x08002a88   0x08002a88   0x0000005a   Code   RO         2211    i.HAL_TIM_Base_Init  stm32f1xx_hal_tim.o
    0x08002ae2   0x08002ae2   0x00000002   PAD
    0x08002ae4   0x08002ae4   0x00000028   Code   RO          452    i.HAL_TIM_Base_MspInit  stm32f1xx_hal_msp.o
    0x08002b0c   0x08002b0c   0x000000dc   Code   RO         2220    i.HAL_TIM_ConfigClockSource  stm32f1xx_hal_tim.o
    0x08002be8   0x08002be8   0x0000004c   Code   RO          453    i.HAL_TIM_MspPostInit  stm32f1xx_hal_msp.o
    0x08002c34   0x08002c34   0x000000cc   Code   RO         2283    i.HAL_TIM_PWM_ConfigChannel  stm32f1xx_hal_tim.o
    0x08002d00   0x08002d00   0x0000005a   Code   RO         2286    i.HAL_TIM_PWM_Init  stm32f1xx_hal_tim.o
    0x08002d5a   0x08002d5a   0x00000002   Code   RO         2288    i.HAL_TIM_PWM_MspInit  stm32f1xx_hal_tim.o
    0x08002d5c   0x08002d5c   0x0000009c   Code   RO         2291    i.HAL_TIM_PWM_Start  stm32f1xx_hal_tim.o
    0x08002df8   0x08002df8   0x00000002   Code   RO         3194    i.HAL_UARTEx_RxEventCallback  stm32f1xx_hal_uart.o
    0x08002dfa   0x08002dfa   0x00000002   Code   RO         3208    i.HAL_UART_ErrorCallback  stm32f1xx_hal_uart.o
    0x08002dfc   0x08002dfc   0x0000026c   Code   RO         3211    i.HAL_UART_IRQHandler  stm32f1xx_hal_uart.o
    0x08003068   0x08003068   0x00000064   Code   RO         3212    i.HAL_UART_Init     stm32f1xx_hal_uart.o
    0x080030cc   0x080030cc   0x000000dc   Code   RO          455    i.HAL_UART_MspInit  stm32f1xx_hal_msp.o
    0x080031a8   0x080031a8   0x00000002   Code   RO         3218    i.HAL_UART_RxCpltCallback  stm32f1xx_hal_uart.o
    0x080031aa   0x080031aa   0x000000a0   Code   RO         3220    i.HAL_UART_Transmit  stm32f1xx_hal_uart.o
    0x0800324a   0x0800324a   0x00000002   PAD
    0x0800324c   0x0800324c   0x00000078   Code   RO         3221    i.HAL_UART_Transmit_DMA  stm32f1xx_hal_uart.o
    0x080032c4   0x080032c4   0x00000002   Code   RO           17    i.HAL_UART_TxCpltCallback  main.o
    0x080032c6   0x080032c6   0x00000002   Code   RO         3224    i.HAL_UART_TxHalfCpltCallback  stm32f1xx_hal_uart.o
    0x080032c8   0x080032c8   0x00000002   Code   RO          368    i.HardFault_Handler  stm32f1xx_it.o
    0x080032ca   0x080032ca   0x0000002e   Code   RO         1826    i.I2C_IsAcknowledgeFailed  stm32f1xx_hal_i2c.o
    0x080032f8   0x080032f8   0x000000fc   Code   RO         1836    i.I2C_RequestMemoryRead  stm32f1xx_hal_i2c.o
    0x080033f4   0x080033f4   0x000000a8   Code   RO         1837    i.I2C_RequestMemoryWrite  stm32f1xx_hal_i2c.o
    0x0800349c   0x0800349c   0x00000056   Code   RO         1841    i.I2C_WaitOnBTFFlagUntilTimeout  stm32f1xx_hal_i2c.o
    0x080034f2   0x080034f2   0x00000002   PAD
    0x080034f4   0x080034f4   0x00000090   Code   RO         1842    i.I2C_WaitOnFlagUntilTimeout  stm32f1xx_hal_i2c.o
    0x08003584   0x08003584   0x000000bc   Code   RO         1843    i.I2C_WaitOnMasterAddressFlagUntilTimeout  stm32f1xx_hal_i2c.o
    0x08003640   0x08003640   0x00000070   Code   RO         1844    i.I2C_WaitOnRXNEFlagUntilTimeout  stm32f1xx_hal_i2c.o
    0x080036b0   0x080036b0   0x00000056   Code   RO         1845    i.I2C_WaitOnTXEFlagUntilTimeout  stm32f1xx_hal_i2c.o
    0x08003706   0x08003706   0x0000010e   Code   RO         5366    i.Kalman_getAngle   mpu6050.o
    0x08003814   0x08003814   0x000000f0   Code   RO         5367    i.MPU6050_Init      mpu6050.o
    0x08003904   0x08003904   0x00000414   Code   RO         5369    i.MPU6050_Read_All  mpu6050.o
    0x08003d18   0x08003d18   0x0000006c   Code   RO           18    i.MX_CAN_Init       main.o
    0x08003d84   0x08003d84   0x000000d0   Code   RO           19    i.MX_GPIO_Init      main.o
    0x08003e54   0x08003e54   0x0000003c   Code   RO           20    i.MX_I2C1_Init      main.o
    0x08003e90   0x08003e90   0x000000b8   Code   RO           21    i.MX_TIM1_Init      main.o
    0x08003f48   0x08003f48   0x00000040   Code   RO           22    i.MX_USART2_UART_Init  main.o
    0x08003f88   0x08003f88   0x00000002   Code   RO          369    i.MemManage_Handler  stm32f1xx_it.o
    0x08003f8a   0x08003f8a   0x0000000c   Code   RO           23    i.MotorControl      main.o
    0x08003f96   0x08003f96   0x00000002   Code   RO          370    i.NMI_Handler       stm32f1xx_it.o
    0x08003f98   0x08003f98   0x0000008c   Code   RO         5332    i.PID_Compute       pid.o
    0x08004024   0x08004024   0x0000000a   Code   RO         5334    i.PID_Reset         pid.o
    0x0800402e   0x0800402e   0x00000002   PAD
    0x08004030   0x08004030   0x00000044   Code   RO           24    i.ReadHall          main.o
    0x08004074   0x08004074   0x0000003c   Code   RO           25    i.ReceiveCAN        main.o
    0x080040b0   0x080040b0   0x00000098   Code   RO           27    i.SmoothPWM         main.o
    0x08004148   0x08004148   0x00000008   Code   RO           28    i.StartDefaultTask  main.o
    0x08004150   0x08004150   0x00000018   Code   RO          371    i.SysTick_Handler   stm32f1xx_it.o
    0x08004168   0x08004168   0x00000058   Code   RO           29    i.SystemClock_Config  main.o
    0x080041c0   0x080041c0   0x00000002   Code   RO         3546    i.SystemInit        system_stm32f1xx.o
    0x080041c2   0x080041c2   0x00000002   PAD
    0x080041c4   0x080041c4   0x00000078   Code   RO         2304    i.TIM_Base_SetConfig  stm32f1xx_hal_tim.o
    0x0800423c   0x0800423c   0x0000001a   Code   RO         2305    i.TIM_CCxChannelCmd  stm32f1xx_hal_tim.o
    0x08004256   0x08004256   0x00000014   Code   RO         2315    i.TIM_ETR_SetConfig  stm32f1xx_hal_tim.o
    0x0800426a   0x0800426a   0x00000010   Code   RO         2316    i.TIM_ITRx_SetConfig  stm32f1xx_hal_tim.o
    0x0800427a   0x0800427a   0x00000002   PAD
    0x0800427c   0x0800427c   0x00000050   Code   RO         2317    i.TIM_OC1_SetConfig  stm32f1xx_hal_tim.o
    0x080042cc   0x080042cc   0x00000058   Code   RO         2318    i.TIM_OC2_SetConfig  stm32f1xx_hal_tim.o
    0x08004324   0x08004324   0x00000058   Code   RO         2319    i.TIM_OC3_SetConfig  stm32f1xx_hal_tim.o
    0x0800437c   0x0800437c   0x00000044   Code   RO         2320    i.TIM_OC4_SetConfig  stm32f1xx_hal_tim.o
    0x080043c0   0x080043c0   0x00000022   Code   RO         2322    i.TIM_TI1_ConfigInputStage  stm32f1xx_hal_tim.o
    0x080043e2   0x080043e2   0x00000024   Code   RO         2324    i.TIM_TI2_ConfigInputStage  stm32f1xx_hal_tim.o
    0x08004406   0x08004406   0x00000010   Code   RO         3225    i.UART_DMAAbortOnError  stm32f1xx_hal_uart.o
    0x08004416   0x08004416   0x0000004a   Code   RO         3226    i.UART_DMAError     stm32f1xx_hal_uart.o
    0x08004460   0x08004460   0x00000042   Code   RO         3231    i.UART_DMATransmitCplt  stm32f1xx_hal_uart.o
    0x080044a2   0x080044a2   0x0000000a   Code   RO         3233    i.UART_DMATxHalfCplt  stm32f1xx_hal_uart.o
    0x080044ac   0x080044ac   0x0000004e   Code   RO         3235    i.UART_EndRxTransfer  stm32f1xx_hal_uart.o
    0x080044fa   0x080044fa   0x0000001c   Code   RO         3236    i.UART_EndTxTransfer  stm32f1xx_hal_uart.o
    0x08004516   0x08004516   0x000000c2   Code   RO         3237    i.UART_Receive_IT   stm32f1xx_hal_uart.o
    0x080045d8   0x080045d8   0x000000b8   Code   RO         3238    i.UART_SetConfig    stm32f1xx_hal_uart.o
    0x08004690   0x08004690   0x00000072   Code   RO         3241    i.UART_WaitOnFlagUntilTimeout  stm32f1xx_hal_uart.o
    0x08004702   0x08004702   0x00000002   PAD
    0x08004704   0x08004704   0x0000000c   Code   RO          372    i.USART2_IRQHandler  stm32f1xx_it.o
    0x08004710   0x08004710   0x00000002   Code   RO          373    i.UsageFault_Handler  stm32f1xx_it.o
    0x08004712   0x08004712   0x00000028   Code   RO         5725    i.__ARM_fpclassify  m_ws.l(fpclassify.o)
    0x0800473a   0x0800473a   0x00000026   Code   RO         5641    i.__ARM_fpclassifyf  m_ws.l(fpclassifyf.o)
    0x08004760   0x08004760   0x00000020   Code   RO         1285    i.__NVIC_SetPriority  stm32f1xx_hal_cortex.o
    0x08004780   0x08004780   0x00000006   Code   RO         5644    i.__mathlib_flt_infnan  m_ws.l(funder.o)
    0x08004786   0x08004786   0x00000004   Code   RO         5645    i.__mathlib_flt_infnan2  m_ws.l(funder.o)
    0x0800478a   0x0800478a   0x00000008   Code   RO         5646    i.__mathlib_flt_invalid  m_ws.l(funder.o)
    0x08004792   0x08004792   0x0000000a   Code   RO         5649    i.__mathlib_flt_underflow  m_ws.l(funder.o)
    0x0800479c   0x0800479c   0x00000168   Code   RO         5657    i.__mathlib_rredf2  m_ws.l(rredf.o)
    0x08004904   0x08004904   0x0000000e   Code   RO         5488    i._is_digit         c_w.l(__printf_wp.o)
    0x08004912   0x08004912   0x00000002   PAD
    0x08004914   0x08004914   0x0000025c   Code   RO         5571    i.atan2f            m_ws.l(atan2f.o)
    0x08004b70   0x08004b70   0x00000288   Code   RO           30    i.controlLoop       main.o
    0x08004df8   0x08004df8   0x0000017c   Code   RO         5579    i.cosf              m_ws.l(cosf.o)
    0x08004f74   0x08004f74   0x00000028   Code   RO         5602    i.fmaxf             m_ws.l(fmaxf.o)
    0x08004f9c   0x08004f9c   0x00000028   Code   RO         5604    i.fminf             m_ws.l(fminf.o)
    0x08004fc4   0x08004fc4   0x00000048   Code   RO           32    i.getDirection      main.o
    0x0800500c   0x0800500c   0x00000028   Code   RO           33    i.getMotorAngle     main.o
    0x08005034   0x08005034   0x00000124   Code   RO           34    i.main              main.o
    0x08005158   0x08005158   0x0000001a   Code   RO         4694    i.osDelay           cmsis_os2.o
    0x08005172   0x08005172   0x00000002   PAD
    0x08005174   0x08005174   0x00000024   Code   RO         4708    i.osKernelInitialize  cmsis_os2.o
    0x08005198   0x08005198   0x00000038   Code   RO         4711    i.osKernelStart     cmsis_os2.o
    0x080051d0   0x080051d0   0x0000008a   Code   RO         4753    i.osThreadNew       cmsis_os2.o
    0x0800525a   0x0800525a   0x00000002   PAD
    0x0800525c   0x0800525c   0x0000005c   Code   RO         4154    i.prvAddCurrentTaskToDelayedList  tasks.o
    0x080052b8   0x080052b8   0x000000d0   Code   RO         4155    i.prvAddNewTaskToReadyList  tasks.o
    0x08005388   0x08005388   0x00000058   Code   RO         4519    i.prvCheckForValidListAndQueue  timers.o
    0x080053e0   0x080053e0   0x00000026   Code   RO         3751    i.prvCopyDataFromQueue  queue.o
    0x08005406   0x08005406   0x0000006c   Code   RO         3752    i.prvCopyDataToQueue  queue.o
    0x08005472   0x08005472   0x00000034   Code   RO         4156    i.prvDeleteTCB      tasks.o
    0x080054a6   0x080054a6   0x00000002   PAD
    0x080054a8   0x080054a8   0x0000004c   Code   RO         5200    i.prvHeapInit       heap_4.o
    0x080054f4   0x080054f4   0x00000060   Code   RO         4157    i.prvIdleTask       tasks.o
    0x08005554   0x08005554   0x00000022   Code   RO         3754    i.prvInitialiseNewQueue  queue.o
    0x08005576   0x08005576   0x00000002   PAD
    0x08005578   0x08005578   0x000000b0   Code   RO         4158    i.prvInitialiseNewTask  tasks.o
    0x08005628   0x08005628   0x0000004c   Code   RO         5201    i.prvInsertBlockIntoFreeList  heap_4.o
    0x08005674   0x08005674   0x00000038   Code   RO         4521    i.prvInsertTimerInActiveList  timers.o
    0x080056ac   0x080056ac   0x0000001c   Code   RO         3755    i.prvIsQueueEmpty   queue.o
    0x080056c8   0x080056c8   0x000000fc   Code   RO         4522    i.prvProcessReceivedCommands  timers.o
    0x080057c4   0x080057c4   0x000000c0   Code   RO         4523    i.prvProcessTimerOrBlockTask  timers.o
    0x08005884   0x08005884   0x00000020   Code   RO         4160    i.prvResetNextTaskUnblockTime  tasks.o
    0x080058a4   0x080058a4   0x00000028   Code   RO         4524    i.prvSampleTimeNow  timers.o
    0x080058cc   0x080058cc   0x0000006c   Code   RO         4525    i.prvSwitchTimerLists  timers.o
    0x08005938   0x08005938   0x00000028   Code   RO         5256    i.prvTaskExitError  port.o
    0x08005960   0x08005960   0x00000024   Code   RO         4526    i.prvTimerTask      timers.o
    0x08005984   0x08005984   0x0000006a   Code   RO         3756    i.prvUnlockQueue    queue.o
    0x080059ee   0x080059ee   0x00000002   PAD
    0x080059f0   0x080059f0   0x000000dc   Code   RO         5202    i.pvPortMalloc      heap_4.o
    0x08005acc   0x08005acc   0x00000024   Code   RO         5257    i.pxPortInitialiseStack  port.o
    0x08005af0   0x08005af0   0x00000044   Code   RO           35    i.readHallState     main.o
    0x08005b34   0x08005b34   0x000000ac   Code   RO           36    i.send_imu_data     main.o
    0x08005be0   0x08005be0   0x00000188   Code   RO         5587    i.sinf              m_ws.l(sinf.o)
    0x08005d68   0x08005d68   0x0000002c   Code   RO         5595    i.sqrtf             m_ws.l(sqrtf.o)
    0x08005d94   0x08005d94   0x00000068   Code   RO           37    i.updateMotors      main.o
    0x08005dfc   0x08005dfc   0x00000026   Code   RO         3711    i.uxListRemove      list.o
    0x08005e22   0x08005e22   0x00000002   PAD
    0x08005e24   0x08005e24   0x00000014   Code   RO         4765    i.vApplicationGetIdleTaskMemory  cmsis_os2.o
    0x08005e38   0x08005e38   0x00000018   Code   RO         4766    i.vApplicationGetTimerTaskMemory  cmsis_os2.o
    0x08005e50   0x08005e50   0x00000016   Code   RO         3712    i.vListInitialise   list.o
    0x08005e66   0x08005e66   0x00000006   Code   RO         3713    i.vListInitialiseItem  list.o
    0x08005e6c   0x08005e6c   0x00000030   Code   RO         3714    i.vListInsert       list.o
    0x08005e9c   0x08005e9c   0x00000018   Code   RO         3715    i.vListInsertEnd    list.o
    0x08005eb4   0x08005eb4   0x00000040   Code   RO         5259    i.vPortEnterCritical  port.o
    0x08005ef4   0x08005ef4   0x00000028   Code   RO         5260    i.vPortExitCritical  port.o
    0x08005f1c   0x08005f1c   0x00000064   Code   RO         5203    i.vPortFree         heap_4.o
    0x08005f80   0x08005f80   0x00000024   Code   RO         5261    i.vPortSetupTimerInterrupt  port.o
    0x08005fa4   0x08005fa4   0x00000054   Code   RO         5262    i.vPortValidateInterruptPriority  port.o
    0x08005ff8   0x08005ff8   0x00000028   Code   RO         3762    i.vQueueAddToRegistry  queue.o
    0x08006020   0x08006020   0x00000044   Code   RO         3766    i.vQueueWaitForMessageRestricted  queue.o
    0x08006064   0x08006064   0x0000004c   Code   RO         4173    i.vTaskDelay        tasks.o
    0x080060b0   0x080060b0   0x00000010   Code   RO         4178    i.vTaskInternalSetTimeOutState  tasks.o
    0x080060c0   0x080060c0   0x0000000c   Code   RO         4179    i.vTaskMissedYield  tasks.o
    0x080060cc   0x080060cc   0x00000030   Code   RO         4181    i.vTaskPlaceOnEventList  tasks.o
    0x080060fc   0x080060fc   0x00000038   Code   RO         4182    i.vTaskPlaceOnEventListRestricted  tasks.o
    0x08006134   0x08006134   0x00000088   Code   RO         4190    i.vTaskStartScheduler  tasks.o
    0x080061bc   0x080061bc   0x00000010   Code   RO         4192    i.vTaskSuspendAll   tasks.o
    0x080061cc   0x080061cc   0x00000064   Code   RO         4193    i.vTaskSwitchContext  tasks.o
    0x08006230   0x08006230   0x000000a8   Code   RO         5263    i.xPortStartScheduler  port.o
    0x080062d8   0x080062d8   0x0000002c   Code   RO         5264    i.xPortSysTickHandler  port.o
    0x08006304   0x08006304   0x00000066   Code   RO         3772    i.xQueueGenericCreateStatic  queue.o
    0x0800636a   0x0800636a   0x00000002   PAD
    0x0800636c   0x0800636c   0x00000088   Code   RO         3773    i.xQueueGenericReset  queue.o
    0x080063f4   0x080063f4   0x00000160   Code   RO         3774    i.xQueueGenericSend  queue.o
    0x08006554   0x08006554   0x000000be   Code   RO         3775    i.xQueueGenericSendFromISR  queue.o
    0x08006612   0x08006612   0x00000002   PAD
    0x08006614   0x08006614   0x00000138   Code   RO         3784    i.xQueueReceive     queue.o
    0x0800674c   0x0800674c   0x00000074   Code   RO         4195    i.xTaskCheckForTimeOut  tasks.o
    0x080067c0   0x080067c0   0x0000005a   Code   RO         4196    i.xTaskCreate       tasks.o
    0x0800681a   0x0800681a   0x00000056   Code   RO         4197    i.xTaskCreateStatic  tasks.o
    0x08006870   0x08006870   0x0000001c   Code   RO         4201    i.xTaskGetSchedulerState  tasks.o
    0x0800688c   0x0800688c   0x0000000c   Code   RO         4202    i.xTaskGetTickCount  tasks.o
    0x08006898   0x08006898   0x000000c8   Code   RO         4204    i.xTaskIncrementTick  tasks.o
    0x08006960   0x08006960   0x00000080   Code   RO         4207    i.xTaskPriorityDisinherit  tasks.o
    0x080069e0   0x080069e0   0x00000070   Code   RO         4209    i.xTaskRemoveFromEventList  tasks.o
    0x08006a50   0x08006a50   0x000000c4   Code   RO         4210    i.xTaskResumeAll    tasks.o
    0x08006b14   0x08006b14   0x00000060   Code   RO         4535    i.xTimerCreateTimerTask  timers.o
    0x08006b74   0x08006b74   0x00000068   Code   RO         4536    i.xTimerGenericCommand  timers.o
    0x08006bdc   0x08006bdc   0x0000002c   Code   RO         5717    locale$$code        c_w.l(lc_numeric_c.o)
    0x08006c08   0x08006c08   0x00000062   Code   RO         5514    x$fpl$d2f           fz_ws.l(d2f.o)
    0x08006c6a   0x08006c6a   0x00000002   PAD
    0x08006c6c   0x08006c6c   0x00000150   Code   RO         5516    x$fpl$dadd          fz_ws.l(daddsub_clz.o)
    0x08006dbc   0x08006dbc   0x00000154   Code   RO         5532    x$fpl$dmul          fz_ws.l(dmul.o)
    0x08006f10   0x08006f10   0x0000009c   Code   RO         5620    x$fpl$dnaninf       fz_ws.l(dnaninf.o)
    0x08006fac   0x08006fac   0x0000000c   Code   RO         5622    x$fpl$dretinf       fz_ws.l(dretinf.o)
    0x08006fb8   0x08006fb8   0x000001d4   Code   RO         5518    x$fpl$dsub          fz_ws.l(daddsub_clz.o)
    0x0800718c   0x0800718c   0x00000056   Code   RO         5534    x$fpl$f2d           fz_ws.l(f2d.o)
    0x080071e2   0x080071e2   0x00000002   PAD
    0x080071e4   0x080071e4   0x000000c4   Code   RO         5536    x$fpl$fadd          fz_ws.l(faddsub_clz.o)
    0x080072a8   0x080072a8   0x0000000c   Code   RO         5624    x$fpl$fcheck1       fz_ws.l(fcheck1.o)
    0x080072b4   0x080072b4   0x0000008e   Code   RO         5626    x$fpl$fcmp4         fz_ws.l(fcmp4.o)
    0x08007342   0x08007342   0x00000018   Code   RO         5719    x$fpl$fcmpinf       fz_ws.l(fcmpi.o)
    0x0800735a   0x0800735a   0x00000002   PAD
    0x0800735c   0x0800735c   0x00000184   Code   RO         5543    x$fpl$fdiv          fz_ws.l(fdiv.o)
    0x080074e0   0x080074e0   0x00000036   Code   RO         5546    x$fpl$ffix          fz_ws.l(ffix.o)
    0x08007516   0x08007516   0x00000002   PAD
    0x08007518   0x08007518   0x0000003e   Code   RO         5550    x$fpl$ffixu         fz_ws.l(ffixu.o)
    0x08007556   0x08007556   0x00000002   PAD
    0x08007558   0x08007558   0x00000030   Code   RO         5555    x$fpl$fflt          fz_ws.l(fflt_clz.o)
    0x08007588   0x08007588   0x00000026   Code   RO         5554    x$fpl$ffltu         fz_ws.l(fflt_clz.o)
    0x080075ae   0x080075ae   0x00000002   PAD
    0x080075b0   0x080075b0   0x00000068   Code   RO         5630    x$fpl$fleqf         fz_ws.l(fleqf.o)
    0x08007618   0x08007618   0x00000102   Code   RO         5560    x$fpl$fmul          fz_ws.l(fmul.o)
    0x0800771a   0x0800771a   0x0000008c   Code   RO         5632    x$fpl$fnaninf       fz_ws.l(fnaninf.o)
    0x080077a6   0x080077a6   0x0000000a   Code   RO         5634    x$fpl$fretinf       fz_ws.l(fretinf.o)
    0x080077b0   0x080077b0   0x00000062   Code   RO         5562    x$fpl$frleqf        fz_ws.l(frleqf.o)
    0x08007812   0x08007812   0x00000002   PAD
    0x08007814   0x08007814   0x00000060   Code   RO         5636    x$fpl$frnd          fz_ws.l(frnd.o)
    0x08007874   0x08007874   0x00000014   Code   RO         5537    x$fpl$frsb          fz_ws.l(faddsub_clz.o)
    0x08007888   0x08007888   0x00000110   Code   RO         5638    x$fpl$fsqrt         fz_ws.l(fsqrt.o)
    0x08007998   0x08007998   0x000000ea   Code   RO         5538    x$fpl$fsub          fz_ws.l(faddsub_clz.o)
    0x08007a82   0x08007a82   0x00000004   Code   RO         5564    x$fpl$printf1       fz_ws.l(printf1.o)
    0x08007a86   0x08007a86   0x00000064   Code   RO         5723    x$fpl$retnan        fz_ws.l(retnan.o)
    0x08007aea   0x08007aea   0x0000004c   Code   RO         5568    x$fpl$scalbnf       fz_ws.l(scalbnf.o)
    0x08007b36   0x08007b36   0x00000030   Code   RO         5787    x$fpl$trapveneer    fz_ws.l(trapv.o)
    0x08007b66   0x08007b66   0x00000000   Code   RO         5640    x$fpl$usenofp       fz_ws.l(usenofp.o)
    0x08007b66   0x08007b66   0x00000002   PAD
    0x08007b68   0x08007b68   0x000000a8   Data   RO           43    .constdata          main.o
    0x08007c10   0x08007c10   0x00000012   Data   RO          983    .constdata          stm32f1xx_hal_rcc.o
    0x08007c22   0x08007c22   0x00000010   Data   RO         3547    .constdata          system_stm32f1xx.o
    0x08007c32   0x08007c32   0x00000008   Data   RO         3548    .constdata          system_stm32f1xx.o
    0x08007c3a   0x08007c3a   0x00000002   PAD
    0x08007c3c   0x08007c3c   0x00000020   Data   RO         5658    .constdata          m_ws.l(rredf.o)
    0x08007c5c   0x08007c5c   0x00000094   Data   RO         5692    .constdata          c_w.l(bigflt0.o)
    0x08007cf0   0x08007cf0   0x00000039   Data   RO           44    .conststring        main.o
    0x08007d29   0x08007d29   0x00000003   PAD
    0x08007d2c   0x08007d2c   0x00000020   Data   RO         5868    Region$$Table       anon$$obj.o
    0x08007d4c   0x08007d4c   0x0000001c   Data   RO         5716    locale$$data        c_w.l(lc_numeric_c.o)


    Execution Region RW_IRAM1 (Exec base: 0x20000000, Load base: 0x08007d68, Size: 0x00002348, Max: 0x00005000, ABSOLUTE, COMPRESSED[0x00000024])

    Exec Addr    Load Addr    Size         Type   Attr      Idx    E Section Name        Object

    0x20000000   COMPRESSED   0x00000050   Data   RW           46    .data               main.o
    0x20000050   COMPRESSED   0x0000000c   Data   RW          820    .data               stm32f1xx_hal.o
    0x2000005c   COMPRESSED   0x00000004   Data   RW         3549    .data               system_stm32f1xx.o
    0x20000060   COMPRESSED   0x0000003c   Data   RW         4213    .data               tasks.o
    0x2000009c   COMPRESSED   0x00000014   Data   RW         4544    .data               timers.o
    0x200000b0   COMPRESSED   0x00000004   Data   RW         4768    .data               cmsis_os2.o
    0x200000b4   COMPRESSED   0x00000020   Data   RW         5209    .data               heap_4.o
    0x200000d4   COMPRESSED   0x0000000c   Data   RW         5265    .data               port.o
    0x200000e0   COMPRESSED   0x00000088   Data   RW         5373    .data               mpu6050.o
    0x20000168        -       0x00000220   Zero   RW           38    .bss                main.o
    0x20000388        -       0x00000044   Zero   RW           39    .bss                main.o
    0x200003cc        -       0x00000044   Zero   RW           40    .bss                main.o
    0x20000410        -       0x00000040   Zero   RW         3788    .bss                queue.o
    0x20000450        -       0x000004c4   Zero   RW         4212    .bss                tasks.o
    0x20000914        -       0x00000118   Zero   RW         4543    .bss                timers.o
    0x20000a2c        -       0x000006b8   Zero   RW         4767    .bss                cmsis_os2.o
    0x200010e4        -       0x00000c00   Zero   RW         5208    .bss                heap_4.o
    0x20001ce4        -       0x00000060   Zero   RW         5728    .bss                c_w.l(libspace.o)
    0x20001d44   COMPRESSED   0x00000004   PAD
    0x20001d48        -       0x00000200   Zero   RW            2    HEAP                startup_stm32f103xb.o
    0x20001f48        -       0x00000400   Zero   RW            1    STACK               startup_stm32f103xb.o


==============================================================================

Image component sizes


      Code (inc. data)   RO Data    RW Data    ZI Data      Debug   Object Name

       300         22          0          4       1720      57889   cmsis_os2.o
         0          0          0          0          0      19548   event_groups.o
       172          4          0          0          0       3114   flashstorage.o
       472         24          0         32       3072       4691   heap_4.o
       138          0          0          0          0       3318   list.o
      2566        370        225         80        680     471905   main.o
      1554         68          0        136          0       4794   mpu6050.o
       150         18          0          0          0       1766   pid.o
       662         70          0         12          0      10589   port.o
      1514         20          0          0         64      16876   queue.o
        64         26        236          0       1536        800   startup_stm32f103xb.o
       164         28          0         12          0       5805   stm32f1xx_hal.o
       644          0          0          0          0       3761   stm32f1xx_hal_can.o
       198         14          0          0          0      28863   stm32f1xx_hal_cortex.o
       808         36          0          0          0       4902   stm32f1xx_hal_dma.o
       500         34          0          0          0       3471   stm32f1xx_hal_gpio.o
      2382         56          0          0          0      12862   stm32f1xx_hal_i2c.o
       608         80          0          0          0       4262   stm32f1xx_hal_msp.o
      1240         84         18          0          0       5040   stm32f1xx_hal_rcc.o
      1338         44          0          0          0      12136   stm32f1xx_hal_tim.o
       188         12          0          0          0       2108   stm32f1xx_hal_tim_ex.o
      1772         24          0          0          0      13004   stm32f1xx_hal_uart.o
        72         18          0          0          0       4297   stm32f1xx_it.o
         0          0          0          0          0        392   stream_buffer.o
         2          0         24          4          0       1083   system_stm32f1xx.o
      2084        168          0         60       1220      25868   tasks.o
       972         80          0         20        280      31831   timers.o

    ----------------------------------------------------------------------
     20604       1300        540        360       8572     754975   Object Totals
         0          0         32          0          0          0   (incl. Generated)
        40          0          5          0          0          0   (incl. Padding)

    ----------------------------------------------------------------------

      Code (inc. data)   RO Data    RW Data    ZI Data      Debug   Library Member Name

        44          6          0          0          0         84   __2sprintf.o
        90          0          0          0          0          0   __dczerorl2.o
         8          0          0          0          0         68   __main.o
       284          0          0          0          0        156   __printf_wp.o
         0          0          0          0          0          0   __rtentry.o
        12          0          0          0          0          0   __rtentry2.o
         6          0          0          0          0          0   __rtentry4.o
        52          8          0          0          0          0   __scatter.o
        28          0          0          0          0          0   __scatter_zi.o
        48          6          0          0          0         96   _printf_char_common.o
         6          0          0          0          0          0   _printf_f.o
      1054          0          0          0          0        216   _printf_fp_dec.o
       128         16          0          0          0         84   _printf_fp_infnan.o
         0          0          0          0          0          0   _printf_percent.o
         4          0          0          0          0          0   _printf_percent_end.o
        22          0          0          0          0        100   _rserrno.o
        10          0          0          0          0         68   _sputc.o
        16          0          0          0          0         68   aeabi_memset.o
       228          4        148          0          0         96   bigflt0.o
      1936        128          0          0          0        672   btod.o
        18          0          0          0          0         80   exit.o
         6          0          0          0          0        152   heapauxi.o
         0          0          0          0          0          0   indicate_semi.o
        44         10         28          0          0         76   lc_numeric_c.o
         2          0          0          0          0          0   libinit.o
        18          0          0          0          0          0   libinit2.o
         2          0          0          0          0          0   libshutdown.o
         2          0          0          0          0          0   libshutdown2.o
         8          4          0          0         96         68   libspace.o
       138          0          0          0          0         80   lludiv10.o
         8          4          0          0          0         68   rt_errno_addr_intlibspace.o
         8          4          0          0          0         68   rt_locale_intlibspace.o
        68          0          0          0          0         68   rt_memclr.o
        78          0          0          0          0         80   rt_memclr_w.o
       138          0          0          0          0         68   rt_memcpy_v6.o
       100          0          0          0          0         80   rt_memcpy_w.o
         2          0          0          0          0          0   rtexit.o
        10          0          0          0          0          0   rtexit2.o
       128          0          0          0          0         68   strcmpv7m.o
        12          4          0          0          0         68   sys_exit.o
        74          0          0          0          0         80   sys_stackheap_outer.o
         2          0          0          0          0         68   use_no_semi.o
        98          4          0          0          0         92   d2f.o
       804         16          0          0          0        272   daddsub_clz.o
       340         12          0          0          0        104   dmul.o
       156          4          0          0          0         92   dnaninf.o
        12          0          0          0          0         68   dretinf.o
        86          4          0          0          0         84   f2d.o
       450          8          0          0          0        236   faddsub_clz.o
        12          4          0          0          0         68   fcheck1.o
       142          4          0          0          0        112   fcmp4.o
        24          0          0          0          0         68   fcmpi.o
       388         76          0          0          0         96   fdiv.o
        54          4          0          0          0         84   ffix.o
        62          4          0          0          0         84   ffixu.o
        86          0          0          0          0        136   fflt_clz.o
       104          4          0          0          0         84   fleqf.o
       258          4          0          0          0         84   fmul.o
       140          4          0          0          0         84   fnaninf.o
        10          0          0          0          0         68   fretinf.o
        98          0          0          0          0         68   frleqf.o
        96          4          0          0          0         76   frnd.o
       272        100          0          0          0         88   fsqrt.o
         4          0          0          0          0         68   printf1.o
       100          0          0          0          0         68   retnan.o
        76          0          0          0          0         68   scalbnf.o
        48          0          0          0          0         68   trapv.o
         0          0          0          0          0          0   usenofp.o
       604         76          0          0          0        116   atan2f.o
       380         52          0          0          0        124   cosf.o
        40          0          0          0          0         80   fmaxf.o
        40          0          0          0          0         80   fminf.o
        40          0          0          0          0         68   fpclassify.o
        38          0          0          0          0         68   fpclassifyf.o
        28          0          0          0          0        272   funder.o
       360         16         32          0          0         88   rredf.o
       392         54          0          0          0        124   sinf.o
        44          0          0          0          0         80   sqrtf.o

    ----------------------------------------------------------------------
     10752        648        208          0        100       6400   Library Totals
        24          0          0          0          4          0   (incl. Padding)

    ----------------------------------------------------------------------

      Code (inc. data)   RO Data    RW Data    ZI Data      Debug   Library Name

      4842        194        176          0         96       2880   c_w.l
      3920        256          0          0          0       2420   fz_ws.l
      1966        198         32          0          0       1100   m_ws.l

    ----------------------------------------------------------------------
     10752        648        208          0        100       6400   Library Totals

    ----------------------------------------------------------------------

==============================================================================


      Code (inc. data)   RO Data    RW Data    ZI Data      Debug   

     31356       1948        748        360       8672     748059   Grand Totals
     31356       1948        748         36       8672     748059   ELF Image Totals (compressed)
     31356       1948        748         36          0          0   ROM Totals

==============================================================================

    Total RO  Size (Code + RO Data)                32104 (  31.35kB)
    Total RW  Size (RW Data + ZI Data)              9032 (   8.82kB)
    Total ROM Size (Code + RO Data + RW Data)      32140 (  31.39kB)

==============================================================================

