<html>
<body>
<pre>
<h1>µVision Build Log</h1>
<h2>Tool Versions:</h2>
IDE-Version: µVision V5.31.0.0
Copyright (C) 2020 ARM Ltd and ARM Germany GmbH. All rights reserved.
License Information: vu chi, hehe, LIC=YA39H-WUQ0Z-RAFDM-XJQR3-G59IK-BWTB8
 
Tool Versions:
Toolchain:       MDK-ARM Plus  Version: 5.31.0.0
Toolchain Path:  D:\Keil_v5\ARM\ARMCC\Bin
C Compiler:      Armcc.exe V5.06 update 6 (build 750)
Assembler:       Armasm.exe V5.06 update 6 (build 750)
Linker/Locator:  ArmLink.exe V5.06 update 6 (build 750)
Library Manager: ArmAr.exe V5.06 update 6 (build 750)
Hex Converter:   FromElf.exe V5.06 update 6 (build 750)
CPU DLL:         SARMCM3.DLL V5.31.0.0
Dialog DLL:      DCM.DLL V1.17.3.0
Target DLL:      STLink\ST-LINKIII-KEIL_SWO.dll V3.0.7.0
Dialog DLL:      TCM.DLL V1.46.0.0
 
<h2>Project:</h2>
F:\Embedded\BalanceCar\XeCanBang\MDK-ARM\XeCanBang.uvprojx
Project File Date:  06/06/2025

<h2>Output:</h2>
*** Using Compiler 'V5.06 update 6 (build 750)', folder: 'D:\Keil_v5\ARM\ARMCC\Bin'
Build target 'XeCanBang'
compiling main.c...
../Core/Src/main.c(221): warning:  #223-D: function "Flash_Write_PID" declared implicitly
    Flash_Write_PID(&position_pid, &speed_pid, &pitch_pid, &yaw_pid);
../Core/Src/main.c(742): warning:  #188-D: enumerated type mixed with another type
    SSD1306_Puts("^_^", &Font_16x26, 1);
../Core/Src/main.c(771): warning:  #188-D: enumerated type mixed with another type
              SSD1306_Puts("^_^", &Font_16x26, 1);
../Core/Src/main.c(737): warning:  #177-D: variable "debugStr"  was declared but never referenced
    char debugStr[50];
../Core/Src/main.c(879): warning:  #188-D: enumerated type mixed with another type
        SSD1306_Puts("->", &Font_7x10, 1);
../Core/Src/main.c(886): warning:  #188-D: enumerated type mixed with another type
      SSD1306_Puts(menu_items[i], &Font_7x10, 1);
../Core/Src/main.c(900): warning:  #223-D: function "Flash_Read_PID" declared implicitly
    HAL_StatusTypeDef status = Flash_Read_PID(&position_pid, &speed_pid, &pitch_pid, &yaw_pid);
../Core/Src/main.c(900): warning:  #188-D: enumerated type mixed with another type
    HAL_StatusTypeDef status = Flash_Read_PID(&position_pid, &speed_pid, &pitch_pid, &yaw_pid);
../Core/Src/main.c(905): warning:  #188-D: enumerated type mixed with another type
      SSD1306_Puts("Flash Read Error!", &Font_7x10, 1);
../Core/Src/main.c(935): warning:  #188-D: enumerated type mixed with another type
      SSD1306_Puts("PID PITCH", &Font_7x10, 1);
../Core/Src/main.c(938): warning:  #188-D: enumerated type mixed with another type
      SSD1306_Puts("PID SPEED", &Font_7x10, 1);
../Core/Src/main.c(941): warning:  #188-D: enumerated type mixed with another type
      SSD1306_Puts("PID POSITION", &Font_7x10, 1);
../Core/Src/main.c(944): warning:  #188-D: enumerated type mixed with another type
      SSD1306_Puts("PID YAW", &Font_7x10, 1);
../Core/Src/main.c(952): warning:  #188-D: enumerated type mixed with another type
      SSD1306_Puts("->", &Font_7x10, 1);
../Core/Src/main.c(955): warning:  #188-D: enumerated type mixed with another type
    SSD1306_Puts(str, &Font_7x10, 1);
../Core/Src/main.c(960): warning:  #188-D: enumerated type mixed with another type
      SSD1306_Puts("->", &Font_7x10, 1);
../Core/Src/main.c(963): warning:  #188-D: enumerated type mixed with another type
    SSD1306_Puts(str, &Font_7x10, 1);
../Core/Src/main.c(968): warning:  #188-D: enumerated type mixed with another type
      SSD1306_Puts("->", &Font_7x10, 1);
../Core/Src/main.c(971): warning:  #188-D: enumerated type mixed with another type
    SSD1306_Puts(str, &Font_7x10, 1);
../Core/Src/main.c: 19 warnings, 0 errors
linking...
Program Size: Code=25380 RO-data=7944 RW-data=228 ZI-data=9468  
FromELF: creating hex file...
"XeCanBang\XeCanBang.axf" - 0 Error(s), 19 Warning(s).

<h2>Software Packages used:</h2>

Package Vendor: ARM
                https://www.keil.com/pack/ARM.CMSIS.6.1.0.pack
                ARM.CMSIS.6.1.0
                CMSIS (Common Microcontroller Software Interface Standard)
   * Component: CORE Version: 6.1.0

Package Vendor: Keil
                https://www.keil.com/pack/Keil.STM32F1xx_DFP.2.4.1.pack
                Keil.STM32F1xx_DFP.2.4.1
                STMicroelectronics STM32F1 Series Device Support, Drivers and Examples

<h2>Collection of Component include folders:</h2>
  .\RTE\_XeCanBang
  D:\Arm\Packs\ARM\CMSIS\6.1.0\CMSIS\Core\Include
  D:\Arm\Packs\Keil\STM32F1xx_DFP\2.4.1\Device\Include

<h2>Collection of Component Files used:</h2>

   * Component: ARM::CMSIS:CORE:6.1.0
      Include file:  CMSIS\Core\Include\tz_context.h
Build Time Elapsed:  00:00:02
</pre>
</body>
</html>
