Component: ARM Compiler 5.06 update 6 (build 750) Tool: armlink [4d35ed]

==============================================================================

Section Cross References

    startup_stm32f103xb.o(STACK) refers (Special) to heapauxi.o(.text) for __use_two_region_memory
    startup_stm32f103xb.o(HEAP) refers (Special) to heapauxi.o(.text) for __use_two_region_memory
    startup_stm32f103xb.o(RESET) refers (Special) to heapauxi.o(.text) for __use_two_region_memory
    startup_stm32f103xb.o(RESET) refers to startup_stm32f103xb.o(STACK) for __initial_sp
    startup_stm32f103xb.o(RESET) refers to startup_stm32f103xb.o(.text) for Reset_Handler
    startup_stm32f103xb.o(RESET) refers to stm32f1xx_it.o(i.NMI_Handler) for NMI_Handler
    startup_stm32f103xb.o(RESET) refers to stm32f1xx_it.o(i.HardFault_Handler) for HardFault_Handler
    startup_stm32f103xb.o(RESET) refers to stm32f1xx_it.o(i.MemManage_Handler) for MemManage_Handler
    startup_stm32f103xb.o(RESET) refers to stm32f1xx_it.o(i.BusFault_Handler) for BusFault_Handler
    startup_stm32f103xb.o(RESET) refers to stm32f1xx_it.o(i.UsageFault_Handler) for UsageFault_Handler
    startup_stm32f103xb.o(RESET) refers to port.o(.emb_text) for SVC_Handler
    startup_stm32f103xb.o(RESET) refers to stm32f1xx_it.o(i.DebugMon_Handler) for DebugMon_Handler
    startup_stm32f103xb.o(RESET) refers to stm32f1xx_it.o(i.SysTick_Handler) for SysTick_Handler
    startup_stm32f103xb.o(RESET) refers to stm32f1xx_it.o(i.EXTI0_IRQHandler) for EXTI0_IRQHandler
    startup_stm32f103xb.o(RESET) refers to stm32f1xx_it.o(i.EXTI1_IRQHandler) for EXTI1_IRQHandler
    startup_stm32f103xb.o(RESET) refers to stm32f1xx_it.o(i.EXTI2_IRQHandler) for EXTI2_IRQHandler
    startup_stm32f103xb.o(RESET) refers to stm32f1xx_it.o(i.TIM2_IRQHandler) for TIM2_IRQHandler
    startup_stm32f103xb.o(RESET) refers to stm32f1xx_it.o(i.USART2_IRQHandler) for USART2_IRQHandler
    startup_stm32f103xb.o(.text) refers (Special) to heapauxi.o(.text) for __use_two_region_memory
    startup_stm32f103xb.o(.text) refers to system_stm32f1xx.o(i.SystemInit) for SystemInit
    startup_stm32f103xb.o(.text) refers to __main.o(!!!main) for __main
    startup_stm32f103xb.o(.text) refers to startup_stm32f103xb.o(HEAP) for Heap_Mem
    startup_stm32f103xb.o(.text) refers to startup_stm32f103xb.o(STACK) for Stack_Mem
    main.o(i.CAN_Send_Extended) refers to stm32f1xx_hal_can.o(i.HAL_CAN_AddTxMessage) for HAL_CAN_AddTxMessage
    main.o(i.CAN_Send_Extended) refers to stm32f1xx_hal_gpio.o(i.HAL_GPIO_TogglePin) for HAL_GPIO_TogglePin
    main.o(i.CAN_Send_Extended) refers to cmsis_os2.o(i.osDelay) for osDelay
    main.o(i.CAN_Send_Extended) refers to main.o(.data) for .data
    main.o(i.CAN_Send_Extended) refers to main.o(.bss) for .bss
    main.o(i.DisplayPIDMenu) refers to ssd1306.o(i.SSD1306_Clear) for SSD1306_Clear
    main.o(i.DisplayPIDMenu) refers to rt_memcpy_w.o(.text) for __aeabi_memcpy4
    main.o(i.DisplayPIDMenu) refers to ssd1306.o(i.SSD1306_GotoXY) for SSD1306_GotoXY
    main.o(i.DisplayPIDMenu) refers to ssd1306.o(i.SSD1306_Puts) for SSD1306_Puts
    main.o(i.DisplayPIDMenu) refers to main.o(.constdata) for .constdata
    main.o(i.DisplayPIDMenu) refers to fonts.o(.data) for Font_7x10
    main.o(i.DisplayPIDParams) refers to _printf_percent.o(.ARM.Collect$$_printf_percent$$00000000) for _printf_percent
    main.o(i.DisplayPIDParams) refers to _printf_f.o(.ARM.Collect$$_printf_percent$$00000003) for _printf_f
    main.o(i.DisplayPIDParams) refers to printf1.o(x$fpl$printf1) for _printf_fp_dec
    main.o(i.DisplayPIDParams) refers to rt_memclr_w.o(.text) for __aeabi_memclr4
    main.o(i.DisplayPIDParams) refers to flash_storage.o(i.Flash_Read_PID) for Flash_Read_PID
    main.o(i.DisplayPIDParams) refers to ssd1306.o(i.SSD1306_Clear) for SSD1306_Clear
    main.o(i.DisplayPIDParams) refers to ssd1306.o(i.SSD1306_GotoXY) for SSD1306_GotoXY
    main.o(i.DisplayPIDParams) refers to ssd1306.o(i.SSD1306_Puts) for SSD1306_Puts
    main.o(i.DisplayPIDParams) refers to f2d.o(x$fpl$f2d) for __aeabi_f2d
    main.o(i.DisplayPIDParams) refers to noretval__2sprintf.o(.text) for __2sprintf
    main.o(i.DisplayPIDParams) refers to ssd1306.o(i.SSD1306_UpdateScreen) for SSD1306_UpdateScreen
    main.o(i.DisplayPIDParams) refers to fonts.o(.data) for Font_7x10
    main.o(i.HAL_UART_RxCpltCallback) refers to stm32f1xx_hal.o(i.HAL_GetTick) for HAL_GetTick
    main.o(i.HAL_UART_RxCpltCallback) refers to stm32f1xx_hal_uart.o(i.HAL_UART_Receive_IT) for HAL_UART_Receive_IT
    main.o(i.HAL_UART_RxCpltCallback) refers to main.o(.bss) for .bss
    main.o(i.HAL_UART_RxCpltCallback) refers to main.o(.data) for .data
    main.o(i.MX_CAN_Init) refers to stm32f1xx_hal_can.o(i.HAL_CAN_Init) for HAL_CAN_Init
    main.o(i.MX_CAN_Init) refers to stm32f1xx_hal_can.o(i.HAL_CAN_ConfigFilter) for HAL_CAN_ConfigFilter
    main.o(i.MX_CAN_Init) refers to main.o(.bss) for .bss
[...]
    .data                                    0x200000b4   Section        4  cmsis_os2.o(.data)
    KernelState                              0x200000b4   Data           4  cmsis_os2.o(.data)
    .data                                    0x200000b8   Section       32  heap_4.o(.data)
    pxEnd                                    0x200000b8   Data           4  heap_4.o(.data)
    xFreeBytesRemaining                      0x200000bc   Data           4  heap_4.o(.data)
    xMinimumEverFreeBytesRemaining           0x200000c0   Data           4  heap_4.o(.data)
    xNumberOfSuccessfulAllocations           0x200000c4   Data           4  heap_4.o(.data)
    xNumberOfSuccessfulFrees                 0x200000c8   Data           4  heap_4.o(.data)
    xBlockAllocatedBit                       0x200000cc   Data           4  heap_4.o(.data)
    xStart                                   0x200000d0   Data           8  heap_4.o(.data)
    .data                                    0x200000d8   Section       12  port.o(.data)
    ucMaxSysCallPriority                     0x200000d8   Data           1  port.o(.data)
    uxCriticalNesting                        0x200000dc   Data           4  port.o(.data)
    ulMaxPRIGROUPValue                       0x200000e0   Data           4  port.o(.data)
    .bss                                     0x200000e4   Section      416  main.o(.bss)
    .bss                                     0x20000288   Section       32  stm32f1xx_hal_flash.o(.bss)
    .bss                                     0x200002a8   Section     1024  ssd1306.o(.bss)
    SSD1306_Buffer                           0x200002a8   Data        1024  ssd1306.o(.bss)
    .bss                                     0x200006a8   Section       64  queue.o(.bss)
    .bss                                     0x200006e8   Section     1220  tasks.o(.bss)
    pxReadyTasksLists                        0x200006e8   Data        1120  tasks.o(.bss)
    xDelayedTaskList1                        0x20000b48   Data          20  tasks.o(.bss)
    xDelayedTaskList2                        0x20000b5c   Data          20  tasks.o(.bss)
    xPendingReadyList                        0x20000b70   Data          20  tasks.o(.bss)
    xTasksWaitingTermination                 0x20000b84   Data          20  tasks.o(.bss)
    xSuspendedTaskList                       0x20000b98   Data          20  tasks.o(.bss)
    .bss                                     0x20000bac   Section      280  timers.o(.bss)
    xStaticTimerQueue                        0x20000bac   Data          80  timers.o(.bss)
    ucStaticTimerQueueStorage                0x20000bfc   Data         160  timers.o(.bss)
    xActiveTimerList1                        0x20000c9c   Data          20  timers.o(.bss)
    xActiveTimerList2                        0x20000cb0   Data          20  timers.o(.bss)
    .bss                                     0x20000cc4   Section     1720  cmsis_os2.o(.bss)
    Idle_TCB                                 0x20000cc4   Data          92  cmsis_os2.o(.bss)
    Idle_Stack                               0x20000d20   Data         512  cmsis_os2.o(.bss)
    Timer_TCB                                0x20000f20   Data          92  cmsis_os2.o(.bss)
    Timer_Stack                              0x20000f7c   Data        1024  cmsis_os2.o(.bss)
    .bss                                     0x2000137c   Section     3072  heap_4.o(.bss)
    ucHeap                                   0x2000137c   Data        3072  heap_4.o(.bss)
    .bss                                     0x20001f7c   Section       96  libspace.o(.bss)
    HEAP                                     0x20001fe0   Section      512  startup_stm32f103xb.o(HEAP)
    Heap_Mem                                 0x20001fe0   Data         512  startup_stm32f103xb.o(HEAP)
    STACK                                    0x200021e0   Section     1024  startup_stm32f103xb.o(STACK)
    Stack_Mem                                0x200021e0   Data        1024  startup_stm32f103xb.o(STACK)
    __initial_sp                             0x200025e0   Data           0  startup_stm32f103xb.o(STACK)

    Global Symbols

    Symbol Name                              Value     Ov Type        Size  Object(Section)

    BuildAttributes$$THM_ISAv4$P$D$K$B$S$PE$A:L22UL41UL21$X:L11$S22US41US21$IEEE1$IW$USESV6$~STKCKD$USESV7$~SHL$OTIME$ROPI$IEEEJ$EBA8$UX$STANDARDLIB$REQ8$PRES8$EABIv2 0x00000000   Number         0  anon$$obj.o ABSOLUTE
    __ARM_use_no_argv                        0x00000000   Number         0  main.o ABSOLUTE
    _printf_flags                            0x00000000   Number         0  printf_stubs.o ABSOLUTE
    _printf_return_value                     0x00000000   Number         0  printf_stubs.o ABSOLUTE
    _printf_sizespec                         0x00000000   Number         0  printf_stubs.o ABSOLUTE
    _printf_widthprec                        0x00000000   Number         0  printf_stubs.o ABSOLUTE
    __ARM_exceptions_init                     - Undefined Weak Reference
    __alloca_initialize                       - Undefined Weak Reference
    __arm_preinit_                            - Undefined Weak Reference
    __cpp_initialize__aeabi_                  - Undefined Weak Reference
    __cxa_finalize                            - Undefined Weak Reference
    __sigvec_lookup                           - Undefined Weak Reference
    _atexit_init                              - Undefined Weak Reference
    _call_atexit_fns                          - Undefined Weak Reference
    _clock_init                               - Undefined Weak Reference
    _fp_trap_init                             - Undefined Weak Reference
    _fp_trap_shutdown                         - Undefined Weak Reference
    _get_lc_collate                           - Undefined Weak Reference
    _get_lc_monetary                          - Undefined Weak Reference
    _get_lc_time                              - Undefined Weak Reference
    _getenv_init                              - Undefined Weak Reference
    _handle_redirection                       - Undefined Weak Reference
    _init_alloc                               - Undefined Weak Reference
    _init_user_alloc                          - Undefined Weak Reference
    _initio                                   - Undefined Weak Reference
    _printf_post_padding                      - Undefined Weak Reference
    _printf_pre_padding                       - Undefined Weak Reference
    _rand_init                                - Undefined Weak Reference
    _signal_finish                            - Undefined Weak Reference
    _signal_init                              - Undefined Weak Reference
    _terminate_alloc                          - Undefined Weak Reference
    _terminate_user_alloc                     - Undefined Weak Reference
    _terminateio                              - Undefined Weak Reference
    __Vectors_Size                           0x000000ec   Number         0  startup_stm32f103xb.o ABSOLUTE
    __Vectors                                0x08000000   Data           4  startup_stm32f103xb.o(RESET)
    __Vectors_End                            0x080000ec   Data           0  startup_stm32f103xb.o(RESET)
    __main                                   0x080000ed   Thumb Code     8  __main.o(!!!main)
    __scatterload                            0x080000f5   Thumb Code     0  __scatter.o(!!!scatter)
    __scatterload_rt2                        0x080000f5   Thumb Code    44  __scatter.o(!!!scatter)
    __scatterload_rt2_thumb_only             0x080000f5   Thumb Code     0  __scatter.o(!!!scatter)
    __scatterload_null                       0x08000103   Thumb Code     0  __scatter.o(!!!scatter)
    __scatterload_copy                       0x08000129   Thumb Code    26  __scatter_copy.o(!!handler_copy)
    __scatterload_zeroinit                   0x08000145   Thumb Code    28  __scatter_zi.o(!!handler_zi)
    _printf_f                                0x08000161   Thumb Code     0  _printf_f.o(.ARM.Collect$$_printf_percent$$00000003)
    _printf_percent                          0x08000161   Thumb Code     0  _printf_percent.o(.ARM.Collect$$_printf_percent$$00000000)
    _printf_percent_end                      0x08000167   Thumb Code     0  _printf_percent_end.o(.ARM.Collect$$_printf_percent$$00000017)
    __rt_lib_init                            0x0800016b   Thumb Code     0  libinit.o(.ARM.Collect$$libinit$$00000000)
    __rt_lib_init_fp_1                       0x0800016d   Thumb Code     0  libinit2.o(.ARM.Collect$$libinit$$00000002)
    __rt_lib_init_heap_1                     0x0800016d   Thumb Code     0  libinit2.o(.ARM.Collect$$libinit$$0000000A)
    __rt_lib_init_lc_common                  0x0800016d   Thumb Code     0  libinit2.o(.ARM.Collect$$libinit$$0000000F)
    __rt_lib_init_preinit_1                  0x0800016d   Thumb Code     0  libinit2.o(.ARM.Collect$$libinit$$00000004)
    __rt_lib_init_rand_1                     0x0800016d   Thumb Code     0  libinit2.o(.ARM.Collect$$libinit$$0000000E)
    __rt_lib_init_user_alloc_1               0x0800016d   Thumb Code     0  libinit2.o(.ARM.Collect$$libinit$$0000000C)
    __rt_lib_init_lc_collate_1               0x08000173   Thumb Code     0  libinit2.o(.ARM.Collect$$libinit$$00000011)
    __rt_lib_init_lc_ctype_2                 0x08000173   Thumb Code     0  libinit2.o(.ARM.Collect$$libinit$$00000012)
    __rt_lib_init_lc_ctype_1                 0x0800017f   Thumb Code     0  libinit2.o(.ARM.Collect$$libinit$$00000013)
    __rt_lib_init_lc_monetary_1              0x0800017f   Thumb Code     0  libinit2.o(.ARM.Collect$$libinit$$00000015)
    __rt_lib_init_lc_numeric_2               0x0800017f   Thumb Code     0  libinit2.o(.ARM.Collect$$libinit$$00000016)
    __rt_lib_init_alloca_1                   0x08000189   Thumb Code     0  libinit2.o(.ARM.Collect$$libinit$$0000002E)
    __rt_lib_init_argv_1                     0x08000189   Thumb Code     0  libinit2.o(.ARM.Collect$$libinit$$0000002C)
    __rt_lib_init_atexit_1                   0x08000189   Thumb Code     0  libinit2.o(.ARM.Collect$$libinit$$0000001B)
    __rt_lib_init_clock_1                    0x08000189   Thumb Code     0  libinit2.o(.ARM.Collect$$libinit$$00000021)
    __rt_lib_init_cpp_1                      0x08000189   Thumb Code     0  libinit2.o(.ARM.Collect$$libinit$$00000032)
    __rt_lib_init_exceptions_1               0x08000189   Thumb Code     0  libinit2.o(.ARM.Collect$$libinit$$00000030)
    __rt_lib_init_fp_trap_1                  0x08000189   Thumb Code     0  libinit2.o(.ARM.Collect$$libinit$$0000001F)
    __rt_lib_init_getenv_1                   0x08000189   Thumb Code     0  libinit2.o(.ARM.Collect$$libinit$$00000023)
    __rt_lib_init_lc_numeric_1               0x08000189   Thumb Code     0  libinit2.o(.ARM.Collect$$libinit$$00000017)
    __rt_lib_init_lc_time_1                  0x08000189   Thumb Code     0  libinit2.o(.ARM.Collect$$libinit$$00000019)
    __rt_lib_init_return                     0x08000189   Thumb Code     0  libinit2.o(.ARM.Collect$$libinit$$00000033)
    __rt_lib_init_signal_1                   0x08000189   Thumb Code     0  libinit2.o(.ARM.Collect$$libinit$$0000001D)
    __rt_lib_init_stdio_1                    0x08000189   Thumb Code     0  libinit2.o(.ARM.Collect$$libinit$$00000025)
    __rt_lib_shutdown                        0x0800018b   Thumb Code     0  libshutdown.o(.ARM.Collect$$libshutdown$$00000000)
    __rt_lib_shutdown_cpp_1                  0x0800018d   Thumb Code     0  libshutdown2.o(.ARM.Collect$$libshutdown$$00000002)
    __rt_lib_shutdown_fp_trap_1              0x0800018d   Thumb Code     0  libshutdown2.o(.ARM.Collect$$libshutdown$$00000007)
    __rt_lib_shutdown_heap_1                 0x0800018d   Thumb Code     0  libshutdown2.o(.ARM.Collect$$libshutdown$$0000000F)
    __rt_lib_shutdown_return                 0x0800018d   Thumb Code     0  libshutdown2.o(.ARM.Collect$$libshutdown$$00000010)
    __rt_lib_shutdown_signal_1               0x0800018d   Thumb Code     0  libshutdown2.o(.ARM.Collect$$libshutdown$$0000000A)
    __rt_lib_shutdown_stdio_1                0x0800018d   Thumb Code     0  libshutdown2.o(.ARM.Collect$$libshutdown$$00000004)
    __rt_lib_shutdown_user_alloc_1           0x0800018d   Thumb Code     0  libshutdown2.o(.ARM.Collect$$libshutdown$$0000000C)
    __rt_entry                               0x0800018f   Thumb Code     0  __rtentry.o(.ARM.Collect$$rtentry$$00000000)
    __rt_entry_presh_1                       0x0800018f   Thumb Code     0  __rtentry2.o(.ARM.Collect$$rtentry$$00000002)
    __rt_entry_sh                            0x0800018f   Thumb Code     0  __rtentry4.o(.ARM.Collect$$rtentry$$00000004)
    __rt_entry_li                            0x08000195   Thumb Code     0  __rtentry2.o(.ARM.Collect$$rtentry$$0000000A)
    __rt_entry_postsh_1                      0x08000195   Thumb Code     0  __rtentry2.o(.ARM.Collect$$rtentry$$00000009)
    __rt_entry_main                          0x08000199   Thumb Code     0  __rtentry2.o(.ARM.Collect$$rtentry$$0000000D)
    __rt_entry_postli_1                      0x08000199   Thumb Code     0  __rtentry2.o(.ARM.Collect$$rtentry$$0000000C)
    __rt_exit                                0x080001a1   Thumb Code     0  rtexit.o(.ARM.Collect$$rtexit$$00000000)
    __rt_exit_ls                             0x080001a3   Thumb Code     0  rtexit2.o(.ARM.Collect$$rtexit$$00000003)
    __rt_exit_prels_1                        0x080001a3   Thumb Code     0  rtexit2.o(.ARM.Collect$$rtexit$$00000002)
    __rt_exit_exit                           0x080001a7   Thumb Code     0  rtexit2.o(.ARM.Collect$$rtexit$$00000004)
    SVC_Handler                              0x080001ad   Thumb Code    32  port.o(.emb_text)
    __asm___6_port_c_39a90d8d__prvStartFirstTask 0x080001d1   Thumb Code    28  port.o(.emb_text)
    PendSV_Handler                           0x080001f1   Thumb Code    72  port.o(.emb_text)
    vPortGetIPSR                             0x0800023d   Thumb Code     6  port.o(.emb_text)
    Reset_Handler                            0x08000245   Thumb Code     8  startup_stm32f103xb.o(.text)
    ADC1_2_IRQHandler                        0x0800025f   Thumb Code     0  startup_stm32f103xb.o(.text)
    CAN1_RX1_IRQHandler                      0x0800025f   Thumb Code     0  startup_stm32f103xb.o(.text)
    CAN1_SCE_IRQHandler                      0x0800025f   Thumb Code     0  startup_stm32f103xb.o(.text)
    DMA1_Channel1_IRQHandler                 0x0800025f   Thumb Code     0  startup_stm32f103xb.o(.text)
    DMA1_Channel2_IRQHandler                 0x0800025f   Thumb Code     0  startup_stm32f103xb.o(.text)
    DMA1_Channel3_IRQHandler                 0x0800025f   Thumb Code     0  startup_stm32f103xb.o(.text)
    DMA1_Channel4_IRQHandler                 0x0800025f   Thumb Code     0  startup_stm32f103xb.o(.text)
    DMA1_Channel5_IRQHandler                 0x0800025f   Thumb Code     0  startup_stm32f103xb.o(.text)
    DMA1_Channel6_IRQHandler                 0x0800025f   Thumb Code     0  startup_stm32f103xb.o(.text)
    DMA1_Channel7_IRQHandler                 0x0800025f   Thumb Code     0  startup_stm32f103xb.o(.text)
    EXTI15_10_IRQHandler                     0x0800025f   Thumb Code     0  startup_stm32f103xb.o(.text)
    EXTI3_IRQHandler                         0x0800025f   Thumb Code     0  startup_stm32f103xb.o(.text)
    EXTI4_IRQHandler                         0x0800025f   Thumb Code     0  startup_stm32f103xb.o(.text)
    EXTI9_5_IRQHandler                       0x0800025f   Thumb Code     0  startup_stm32f103xb.o(.text)
    FLASH_IRQHandler                         0x0800025f   Thumb Code     0  startup_stm32f103xb.o(.text)
    I2C1_ER_IRQHandler                       0x0800025f   Thumb Code     0  startup_stm32f103xb.o(.text)
    I2C1_EV_IRQHandler                       0x0800025f   Thumb Code     0  startup_stm32f103xb.o(.text)
    I2C2_ER_IRQHandler                       0x0800025f   Thumb Code     0  startup_stm32f103xb.o(.text)
    I2C2_EV_IRQHandler                       0x0800025f   Thumb Code     0  startup_stm32f103xb.o(.text)
    PVD_IRQHandler                           0x0800025f   Thumb Code     0  startup_stm32f103xb.o(.text)
    RCC_IRQHandler                           0x0800025f   Thumb Code     0  startup_stm32f103xb.o(.text)
    RTC_Alarm_IRQHandler                     0x0800025f   Thumb Code     0  startup_stm32f103xb.o(.text)
    RTC_IRQHandler                           0x0800025f   Thumb Code     0  startup_stm32f103xb.o(.text)
    SPI1_IRQHandler                          0x0800025f   Thumb Code     0  startup_stm32f103xb.o(.text)
    SPI2_IRQHandler                          0x0800025f   Thumb Code     0  startup_stm32f103xb.o(.text)
    TAMPER_IRQHandler                        0x0800025f   Thumb Code     0  startup_stm32f103xb.o(.text)
    TIM1_BRK_IRQHandler                      0x0800025f   Thumb Code     0  startup_stm32f103xb.o(.text)
    TIM1_CC_IRQHandler                       0x0800025f   Thumb Code     0  startup_stm32f103xb.o(.text)
    TIM1_TRG_COM_IRQHandler                  0x0800025f   Thumb Code     0  startup_stm32f103xb.o(.text)
    TIM1_UP_IRQHandler                       0x0800025f   Thumb Code     0  startup_stm32f103xb.o(.text)
    TIM3_IRQHandler                          0x0800025f   Thumb Code     0  startup_stm32f103xb.o(.text)
    TIM4_IRQHandler                          0x0800025f   Thumb Code     0  startup_stm32f103xb.o(.text)
    USART1_IRQHandler                        0x0800025f   Thumb Code     0  startup_stm32f103xb.o(.text)
    USART3_IRQHandler                        0x0800025f   Thumb Code     0  startup_stm32f103xb.o(.text)
    USBWakeUp_IRQHandler                     0x0800025f   Thumb Code     0  startup_stm32f103xb.o(.text)
    USB_HP_CAN1_TX_IRQHandler                0x0800025f   Thumb Code     0  startup_stm32f103xb.o(.text)
    USB_LP_CAN1_RX0_IRQHandler               0x0800025f   Thumb Code     0  startup_stm32f103xb.o(.text)
    WWDG_IRQHandler                          0x0800025f   Thumb Code     0  startup_stm32f103xb.o(.text)
    __user_initial_stackheap                 0x08000261   Thumb Code     0  startup_stm32f103xb.o(.text)
    __aeabi_llsr                             0x08000285   Thumb Code     0  llushr.o(.text)
    _ll_ushift_r                             0x08000285   Thumb Code    38  llushr.o(.text)
    __2sprintf                               0x080002ad   Thumb Code    34  noretval__2sprintf.o(.text)
    __printf                                 0x080002d5   Thumb Code   270  __printf_wp.o(.text)
    atoi                                     0x080003e3   Thumb Code    26  atoi.o(.text)
    strchr                                   0x080003fd   Thumb Code    20  strchr.o(.text)
    strstr                                   0x08000411   Thumb Code    36  strstr.o(.text)
    strcpy                                   0x08000435   Thumb Code    72  strcpy.o(.text)
    __aeabi_memcpy                           0x0800047d   Thumb Code     0  rt_memcpy_v6.o(.text)
    __rt_memcpy                              0x0800047d   Thumb Code   138  rt_memcpy_v6.o(.text)
    _memcpy_lastbytes                        0x080004e3   Thumb Code     0  rt_memcpy_v6.o(.text)
    __aeabi_memcpy4                          0x08000507   Thumb Code     0  rt_memcpy_w.o(.text)
    __aeabi_memcpy8                          0x08000507   Thumb Code     0  rt_memcpy_w.o(.text)
    __rt_memcpy_w                            0x08000507   Thumb Code   100  rt_memcpy_w.o(.text)
    _memcpy_lastbytes_aligned                0x0800054f   Thumb Code     0  rt_memcpy_w.o(.text)
    __aeabi_memset                           0x0800056b   Thumb Code    16  aeabi_memset.o(.text)
    __aeabi_memclr4                          0x0800057b   Thumb Code     0  rt_memclr_w.o(.text)
    __aeabi_memclr8                          0x0800057b   Thumb Code     0  rt_memclr_w.o(.text)
    __rt_memclr_w                            0x0800057b   Thumb Code    78  rt_memclr_w.o(.text)
    _memset_w                                0x0800057f   Thumb Code     0  rt_memclr_w.o(.text)
    __use_two_region_memory                  0x080005c9   Thumb Code     2  heapauxi.o(.text)
    __rt_heap_escrow$2region                 0x080005cb   Thumb Code     2  heapauxi.o(.text)
    __rt_heap_expand$2region                 0x080005cd   Thumb Code     2  heapauxi.o(.text)
    __aeabi_errno_addr                       0x080005d1   Thumb Code     8  rt_errno_addr_intlibspace.o(.text)
    __errno$intlibspace                      0x080005d1   Thumb Code     0  rt_errno_addr_intlibspace.o(.text)
    __rt_errno_addr$intlibspace              0x080005d1   Thumb Code     0  rt_errno_addr_intlibspace.o(.text)
    __lib_sel_fp_printf                      0x080005d9   Thumb Code     2  _printf_fp_dec.o(.text)
    _printf_fp_dec_real                      0x0800078b   Thumb Code   620  _printf_fp_dec.o(.text)
    _printf_char_common                      0x08000a03   Thumb Code    32  _printf_char_common.o(.text)
    _sputc                                   0x08000a29   Thumb Code    10  _sputc.o(.text)
    strtol                                   0x08000a33   Thumb Code   112  strtol.o(.text)
    __aeabi_memclr                           0x08000aa3   Thumb Code     0  rt_memclr.o(.text)
    __rt_memclr                              0x08000aa3   Thumb Code    68  rt_memclr.o(.text)
    _memset                                  0x08000aa7   Thumb Code     0  rt_memclr.o(.text)
    __user_libspace                          0x08000ae9   Thumb Code     8  libspace.o(.text)
    __user_perproc_libspace                  0x08000ae9   Thumb Code     0  libspace.o(.text)
    __user_perthread_libspace                0x08000ae9   Thumb Code     0  libspace.o(.text)
    __rt_ctype_table                         0x08000af1   Thumb Code    16  rt_ctype_table.o(.text)
    __rt_locale                              0x08000b01   Thumb Code     8  rt_locale_intlibspace.o(.text)
    _ll_udiv10                               0x08000b09   Thumb Code   138  lludiv10.o(.text)
    _printf_fp_infnan                        0x08000b95   Thumb Code   112  _printf_fp_infnan.o(.text)
    _strtoul                                 0x08000c15   Thumb Code   158  _strtoul.o(.text)
    _btod_etento                             0x08000cb5   Thumb Code   224  bigflt0.o(.text)
    __user_setup_stackheap                   0x08000d99   Thumb Code    74  sys_stackheap_outer.o(.text)
    _chval                                   0x08000de3   Thumb Code    28  _chval.o(.text)
    exit                                     0x08000dff   Thumb Code    18  exit.o(.text)
    strcmp                                   0x08000e11   Thumb Code   128  strcmpv7m.o(.text)
    _sys_exit                                0x08000e91   Thumb Code     8  sys_exit.o(.text)
    __I$use$semihosting                      0x08000e9d   Thumb Code     0  use_no_semi.o(.text)
    __use_no_semihosting_swi                 0x08000e9d   Thumb Code     2  use_no_semi.o(.text)
    __semihosting_library_function           0x08000e9f   Thumb Code     0  indicate_semi.o(.text)
    _btod_d2e                                0x08000e9f   Thumb Code    62  btod.o(CL$$btod_d2e)
    _d2e_denorm_low                          0x08000edd   Thumb Code    70  btod.o(CL$$btod_d2e_denorm_low)
    _d2e_norm_op1                            0x08000f23   Thumb Code    96  btod.o(CL$$btod_d2e_norm_op1)
    __btod_div_common                        0x08000f83   Thumb Code   696  btod.o(CL$$btod_div_common)
    _e2e                                     0x080012bb   Thumb Code   220  btod.o(CL$$btod_e2e)
    _btod_ediv                               0x08001397   Thumb Code    42  btod.o(CL$$btod_ediv)
    _btod_emul                               0x080013c1   Thumb Code    42  btod.o(CL$$btod_emul)
    __btod_mult_common                       0x080013eb   Thumb Code   580  btod.o(CL$$btod_mult_common)
    BusFault_Handler                         0x0800162f   Thumb Code     2  stm32f1xx_it.o(i.BusFault_Handler)
    CAN_Send_Extended                        0x08001631   Thumb Code   196  main.o(i.CAN_Send_Extended)
    DebugMon_Handler                         0x08001717   Thumb Code     2  stm32f1xx_it.o(i.DebugMon_Handler)
    DisplayPIDMenu                           0x08001719   Thumb Code    86  main.o(i.DisplayPIDMenu)
    DisplayPIDParams                         0x0800177d   Thumb Code   346  main.o(i.DisplayPIDParams)
    EXTI0_IRQHandler                         0x08001949   Thumb Code     6  stm32f1xx_it.o(i.EXTI0_IRQHandler)
    EXTI1_IRQHandler                         0x0800194f   Thumb Code     6  stm32f1xx_it.o(i.EXTI1_IRQHandler)
    EXTI2_IRQHandler                         0x08001955   Thumb Code     6  stm32f1xx_it.o(i.EXTI2_IRQHandler)
    FLASH_PageErase                          0x08001981   Thumb Code    28  stm32f1xx_hal_flash_ex.o(i.FLASH_PageErase)
    FLASH_WaitForLastOperation               0x08001a1d   Thumb Code    80  stm32f1xx_hal_flash.o(i.FLASH_WaitForLastOperation)
    Flash_Load_Default_PID                   0x08001a71   Thumb Code    30  flash_storage.o(i.Flash_Load_Default_PID)
    Flash_Read_PID                           0x08001a91   Thumb Code   116  flash_storage.o(i.Flash_Read_PID)
    Flash_Write_PID                          0x08001b09   Thumb Code   146  flash_storage.o(i.Flash_Write_PID)
    Get6Buttons                              0x08001ba1   Thumb Code     8  74165.o(i.Get6Buttons)
    HAL_CAN_ActivateNotification             0x08001ba9   Thumb Code    36  stm32f1xx_hal_can.o(i.HAL_CAN_ActivateNotification)
    HAL_CAN_AddTxMessage                     0x08001bcd   Thumb Code   188  stm32f1xx_hal_can.o(i.HAL_CAN_AddTxMessage)
    HAL_CAN_ConfigFilter                     0x08001c89   Thumb Code   238  stm32f1xx_hal_can.o(i.HAL_CAN_ConfigFilter)
    HAL_CAN_Init                             0x08001d77   Thumb Code   282  stm32f1xx_hal_can.o(i.HAL_CAN_Init)
    HAL_CAN_MspInit                          0x08001e91   Thumb Code   114  stm32f1xx_hal_msp.o(i.HAL_CAN_MspInit)
    HAL_CAN_Start                            0x08001f15   Thumb Code    88  stm32f1xx_hal_can.o(i.HAL_CAN_Start)
    HAL_DMA_Abort                            0x08001f6d   Thumb Code    70  stm32f1xx_hal_dma.o(i.HAL_DMA_Abort)
    HAL_DMA_Abort_IT                         0x08001fb5   Thumb Code   148  stm32f1xx_hal_dma.o(i.HAL_DMA_Abort_IT)
    HAL_FLASHEx_Erase                        0x0800204d   Thumb Code   160  stm32f1xx_hal_flash_ex.o(i.HAL_FLASHEx_Erase)
    HAL_FLASH_Lock                           0x080020f5   Thumb Code    14  stm32f1xx_hal_flash.o(i.HAL_FLASH_Lock)
    HAL_FLASH_Program                        0x08002109   Thumb Code   120  stm32f1xx_hal_flash.o(i.HAL_FLASH_Program)
    HAL_FLASH_Unlock                         0x08002189   Thumb Code    28  stm32f1xx_hal_flash.o(i.HAL_FLASH_Unlock)
    HAL_GPIO_EXTI_Callback                   0x080021b1   Thumb Code     2  stm32f1xx_hal_gpio.o(i.HAL_GPIO_EXTI_Callback)
    HAL_GPIO_EXTI_IRQHandler                 0x080021b5   Thumb Code    18  stm32f1xx_hal_gpio.o(i.HAL_GPIO_EXTI_IRQHandler)
    HAL_GPIO_Init                            0x080021cd   Thumb Code   446  stm32f1xx_hal_gpio.o(i.HAL_GPIO_Init)
    HAL_GPIO_ReadPin                         0x080023ad   Thumb Code    10  stm32f1xx_hal_gpio.o(i.HAL_GPIO_ReadPin)
    HAL_GPIO_TogglePin                       0x080023b7   Thumb Code    16  stm32f1xx_hal_gpio.o(i.HAL_GPIO_TogglePin)
    HAL_GPIO_WritePin                        0x080023c7   Thumb Code    10  stm32f1xx_hal_gpio.o(i.HAL_GPIO_WritePin)
    HAL_GetTick                              0x080023d1   Thumb Code     6  stm32f1xx_hal.o(i.HAL_GetTick)
    HAL_I2C_Init                             0x080023dd   Thumb Code   376  stm32f1xx_hal_i2c.o(i.HAL_I2C_Init)
    HAL_I2C_IsDeviceReady                    0x08002565   Thumb Code   354  stm32f1xx_hal_i2c.o(i.HAL_I2C_IsDeviceReady)
    HAL_I2C_Master_Transmit                  0x080026d1   Thumb Code   290  stm32f1xx_hal_i2c.o(i.HAL_I2C_Master_Transmit)
    HAL_I2C_MspInit                          0x080027fd   Thumb Code    80  stm32f1xx_hal_msp.o(i.HAL_I2C_MspInit)
    HAL_IncTick                              0x08002859   Thumb Code    12  stm32f1xx_hal.o(i.HAL_IncTick)
    HAL_Init                                 0x08002869   Thumb Code    32  stm32f1xx_hal.o(i.HAL_Init)
    HAL_InitTick                             0x0800288d   Thumb Code    54  stm32f1xx_hal.o(i.HAL_InitTick)
    HAL_MspInit                              0x080028cd   Thumb Code    62  stm32f1xx_hal_msp.o(i.HAL_MspInit)
    HAL_NVIC_EnableIRQ                       0x08002915   Thumb Code    26  stm32f1xx_hal_cortex.o(i.HAL_NVIC_EnableIRQ)
    HAL_NVIC_SetPriority                     0x08002931   Thumb Code    60  stm32f1xx_hal_cortex.o(i.HAL_NVIC_SetPriority)
    HAL_NVIC_SetPriorityGrouping             0x08002971   Thumb Code    26  stm32f1xx_hal_cortex.o(i.HAL_NVIC_SetPriorityGrouping)
    HAL_RCC_ClockConfig                      0x08002995   Thumb Code   280  stm32f1xx_hal_rcc.o(i.HAL_RCC_ClockConfig)
    HAL_RCC_GetPCLK1Freq                     0x08002ac1   Thumb Code    20  stm32f1xx_hal_rcc.o(i.HAL_RCC_GetPCLK1Freq)
    HAL_RCC_GetPCLK2Freq                     0x08002ae1   Thumb Code    20  stm32f1xx_hal_rcc.o(i.HAL_RCC_GetPCLK2Freq)
    HAL_RCC_GetSysClockFreq                  0x08002b01   Thumb Code    58  stm32f1xx_hal_rcc.o(i.HAL_RCC_GetSysClockFreq)
    HAL_RCC_OscConfig                        0x08002b4d   Thumb Code   778  stm32f1xx_hal_rcc.o(i.HAL_RCC_OscConfig)
    HAL_SYSTICK_Config                       0x08002e6d   Thumb Code    40  stm32f1xx_hal_cortex.o(i.HAL_SYSTICK_Config)
    HAL_TIMEx_BreakCallback                  0x08002e95   Thumb Code     2  stm32f1xx_hal_tim_ex.o(i.HAL_TIMEx_BreakCallback)
    HAL_TIMEx_CommutCallback                 0x08002e97   Thumb Code     2  stm32f1xx_hal_tim_ex.o(i.HAL_TIMEx_CommutCallback)
    HAL_TIMEx_MasterConfigSynchronization    0x08002e99   Thumb Code    92  stm32f1xx_hal_tim_ex.o(i.HAL_TIMEx_MasterConfigSynchronization)
    HAL_TIM_Base_Init                        0x08002f01   Thumb Code    90  stm32f1xx_hal_tim.o(i.HAL_TIM_Base_Init)
    HAL_TIM_Base_MspInit                     0x08002f5d   Thumb Code    50  stm32f1xx_hal_msp.o(i.HAL_TIM_Base_MspInit)
    HAL_TIM_Base_Start_IT                    0x08002f95   Thumb Code    76  stm32f1xx_hal_tim.o(i.HAL_TIM_Base_Start_IT)
    HAL_TIM_ConfigClockSource                0x08002fed   Thumb Code   220  stm32f1xx_hal_tim.o(i.HAL_TIM_ConfigClockSource)
    HAL_TIM_IC_CaptureCallback               0x080030c9   Thumb Code     2  stm32f1xx_hal_tim.o(i.HAL_TIM_IC_CaptureCallback)
    HAL_TIM_IRQHandler                       0x080030cb   Thumb Code   304  stm32f1xx_hal_tim.o(i.HAL_TIM_IRQHandler)
    HAL_TIM_OC_DelayElapsedCallback          0x080031fb   Thumb Code     2  stm32f1xx_hal_tim.o(i.HAL_TIM_OC_DelayElapsedCallback)
    HAL_TIM_PWM_PulseFinishedCallback        0x080031fd   Thumb Code     2  stm32f1xx_hal_tim.o(i.HAL_TIM_PWM_PulseFinishedCallback)
    HAL_TIM_PeriodElapsedCallback            0x080031ff   Thumb Code     2  stm32f1xx_hal_tim.o(i.HAL_TIM_PeriodElapsedCallback)
    HAL_TIM_TriggerCallback                  0x08003201   Thumb Code     2  stm32f1xx_hal_tim.o(i.HAL_TIM_TriggerCallback)
    HAL_UARTEx_RxEventCallback               0x08003203   Thumb Code     2  stm32f1xx_hal_uart.o(i.HAL_UARTEx_RxEventCallback)
    HAL_UART_ErrorCallback                   0x08003205   Thumb Code     2  stm32f1xx_hal_uart.o(i.HAL_UART_ErrorCallback)
    HAL_UART_IRQHandler                      0x08003209   Thumb Code   616  stm32f1xx_hal_uart.o(i.HAL_UART_IRQHandler)
    HAL_UART_Init                            0x08003475   Thumb Code   100  stm32f1xx_hal_uart.o(i.HAL_UART_Init)
    HAL_UART_MspInit                         0x080034d9   Thumb Code   190  stm32f1xx_hal_msp.o(i.HAL_UART_MspInit)
    HAL_UART_Receive_IT                      0x080035ad   Thumb Code    28  stm32f1xx_hal_uart.o(i.HAL_UART_Receive_IT)
    HAL_UART_RxCpltCallback                  0x080035c9   Thumb Code    96  main.o(i.HAL_UART_RxCpltCallback)
    HAL_UART_TxCpltCallback                  0x08003639   Thumb Code     2  stm32f1xx_hal_uart.o(i.HAL_UART_TxCpltCallback)
    HardFault_Handler                        0x0800363b   Thumb Code     2  stm32f1xx_it.o(i.HardFault_Handler)
    MemManage_Handler                        0x08003ad1   Thumb Code     2  stm32f1xx_it.o(i.MemManage_Handler)
    NMI_Handler                              0x08003ad3   Thumb Code     2  stm32f1xx_it.o(i.NMI_Handler)
    Read_74165                               0x08003ad5   Thumb Code   216  74165.o(i.Read_74165)
    SSD1306_Clear                            0x08003bb5   Thumb Code    16  ssd1306.o(i.SSD1306_Clear)
    SSD1306_DrawPixel                        0x08003bc5   Thumb Code    54  ssd1306.o(i.SSD1306_DrawPixel)
    SSD1306_Fill                             0x08003c05   Thumb Code    18  ssd1306.o(i.SSD1306_Fill)
    SSD1306_GotoXY                           0x08003c1d   Thumb Code     8  ssd1306.o(i.SSD1306_GotoXY)
    SSD1306_Init                             0x08003c29   Thumb Code   350  ssd1306.o(i.SSD1306_Init)
    SSD1306_Putc                             0x08003d91   Thumb Code   156  ssd1306.o(i.SSD1306_Putc)
    SSD1306_Puts                             0x08003e31   Thumb Code    40  ssd1306.o(i.SSD1306_Puts)
    SSD1306_UpdateScreen                     0x08003e59   Thumb Code    66  ssd1306.o(i.SSD1306_UpdateScreen)
    StartDefaultTask                         0x08003ea1   Thumb Code     8  main.o(i.StartDefaultTask)
    StartTask02                              0x08003ea9   Thumb Code   230  main.o(i.StartTask02)
    StartTask03                              0x08003fa1   Thumb Code   316  main.o(i.StartTask03)
    StartTask04                              0x080040e9   Thumb Code     8  main.o(i.StartTask04)
    SysTick_Handler                          0x080040f1   Thumb Code    24  stm32f1xx_it.o(i.SysTick_Handler)
    SystemClock_Config                       0x08004109   Thumb Code    94  main.o(i.SystemClock_Config)
    SystemInit                               0x08004167   Thumb Code     2  system_stm32f1xx.o(i.SystemInit)
    TIM2_IRQHandler                          0x08004169   Thumb Code     6  stm32f1xx_it.o(i.TIM2_IRQHandler)
    TIM_Base_SetConfig                       0x08004175   Thumb Code   108  stm32f1xx_hal_tim.o(i.TIM_Base_SetConfig)
    TIM_ETR_SetConfig                        0x080041ed   Thumb Code    20  stm32f1xx_hal_tim.o(i.TIM_ETR_SetConfig)
    UART_Start_Receive_IT                    0x08004431   Thumb Code    54  stm32f1xx_hal_uart.o(i.UART_Start_Receive_IT)
    USART2_IRQHandler                        0x08004469   Thumb Code     6  stm32f1xx_it.o(i.USART2_IRQHandler)
    UsageFault_Handler                       0x08004475   Thumb Code     2  stm32f1xx_it.o(i.UsageFault_Handler)
    __ARM_fpclassify                         0x08004477   Thumb Code    40  fpclassify.o(i.__ARM_fpclassify)
    _is_digit                                0x080044bf   Thumb Code    14  __printf_wp.o(i._is_digit)
    main                                     0x080044cd   Thumb Code   330  main.o(i.main)
    osDelay                                  0x08004645   Thumb Code    26  cmsis_os2.o(i.osDelay)
    osKernelInitialize                       0x08004661   Thumb Code    32  cmsis_os2.o(i.osKernelInitialize)
    osKernelStart                            0x08004685   Thumb Code    48  cmsis_os2.o(i.osKernelStart)
    osMutexAcquire                           0x080046bd   Thumb Code    82  cmsis_os2.o(i.osMutexAcquire)
    osMutexNew                               0x0800470f   Thumb Code   104  cmsis_os2.o(i.osMutexNew)
    osMutexRelease                           0x08004777   Thumb Code    66  cmsis_os2.o(i.osMutexRelease)
    osThreadNew                              0x080047b9   Thumb Code   138  cmsis_os2.o(i.osThreadNew)
    pvPortMalloc                             0x08004ff1   Thumb Code   216  heap_4.o(i.pvPortMalloc)
    pvTaskIncrementMutexHeldCount            0x080050cd   Thumb Code    18  tasks.o(i.pvTaskIncrementMutexHeldCount)
    pxPortInitialiseStack                    0x080050e5   Thumb Code    32  port.o(i.pxPortInitialiseStack)
    ssd1306_I2C_Init                         0x08005109   Thumb Code     8  ssd1306.o(i.ssd1306_I2C_Init)
    ssd1306_I2C_Write                        0x08005115   Thumb Code    28  ssd1306.o(i.ssd1306_I2C_Write)
    ssd1306_I2C_WriteMulti                   0x08005135   Thumb Code    50  ssd1306.o(i.ssd1306_I2C_WriteMulti)
    uxListRemove                             0x0800516d   Thumb Code    38  list.o(i.uxListRemove)
    vApplicationGetIdleTaskMemory            0x08005195   Thumb Code    16  cmsis_os2.o(i.vApplicationGetIdleTaskMemory)
    vApplicationGetTimerTaskMemory           0x080051a9   Thumb Code    18  cmsis_os2.o(i.vApplicationGetTimerTaskMemory)
    vListInitialise                          0x080051c1   Thumb Code    22  list.o(i.vListInitialise)
    vListInitialiseItem                      0x080051d7   Thumb Code     6  list.o(i.vListInitialiseItem)
    vListInsert                              0x080051dd   Thumb Code    48  list.o(i.vListInsert)
    vListInsertEnd                           0x0800520d   Thumb Code    24  list.o(i.vListInsertEnd)
    vPortEnterCritical                       0x08005225   Thumb Code    54  port.o(i.vPortEnterCritical)
    vPortExitCritical                        0x08005265   Thumb Code    34  port.o(i.vPortExitCritical)
    vPortFree                                0x0800528d   Thumb Code    94  heap_4.o(i.vPortFree)
    vPortSetupTimerInterrupt                 0x080052f1   Thumb Code    32  port.o(i.vPortSetupTimerInterrupt)
    vPortValidateInterruptPriority           0x08005315   Thumb Code    74  port.o(i.vPortValidateInterruptPriority)
    vQueueAddToRegistry                      0x08005369   Thumb Code    34  queue.o(i.vQueueAddToRegistry)
    vQueueWaitForMessageRestricted           0x08005391   Thumb Code    68  queue.o(i.vQueueWaitForMessageRestricted)
    vTaskDelay                               0x080053d5   Thumb Code    66  tasks.o(i.vTaskDelay)
    vTaskInternalSetTimeOutState             0x08005421   Thumb Code    12  tasks.o(i.vTaskInternalSetTimeOutState)
    vTaskMissedYield                         0x08005431   Thumb Code     8  tasks.o(i.vTaskMissedYield)
    vTaskPlaceOnEventList                    0x0800543d   Thumb Code    44  tasks.o(i.vTaskPlaceOnEventList)
    vTaskPlaceOnEventListRestricted          0x0800546d   Thumb Code    52  tasks.o(i.vTaskPlaceOnEventListRestricted)
    vTaskPriorityDisinheritAfterTimeout      0x080054a5   Thumb Code   134  tasks.o(i.vTaskPriorityDisinheritAfterTimeout)
    vTaskStartScheduler                      0x08005535   Thumb Code   118  tasks.o(i.vTaskStartScheduler)
    vTaskSuspendAll                          0x080055bd   Thumb Code    10  tasks.o(i.vTaskSuspendAll)
    vTaskSwitchContext                       0x080055cd   Thumb Code    90  tasks.o(i.vTaskSwitchContext)
    xPortStartScheduler                      0x08005631   Thumb Code   154  port.o(i.xPortStartScheduler)
    xPortSysTickHandler                      0x080056d9   Thumb Code    38  port.o(i.xPortSysTickHandler)
    xQueueCreateMutex                        0x08005705   Thumb Code    22  queue.o(i.xQueueCreateMutex)
    xQueueCreateMutexStatic                  0x0800571b   Thumb Code    26  queue.o(i.xQueueCreateMutexStatic)
    xQueueGenericCreate                      0x08005735   Thumb Code    66  queue.o(i.xQueueGenericCreate)
    xQueueGenericCreateStatic                0x08005777   Thumb Code   102  queue.o(i.xQueueGenericCreateStatic)
    xQueueGenericReset                       0x080057dd   Thumb Code   132  queue.o(i.xQueueGenericReset)
    xQueueGenericSend                        0x08005865   Thumb Code   346  queue.o(i.xQueueGenericSend)
    xQueueGenericSendFromISR                 0x080059c5   Thumb Code   190  queue.o(i.xQueueGenericSendFromISR)
    xQueueGiveMutexRecursive                 0x08005a83   Thumb Code    62  queue.o(i.xQueueGiveMutexRecursive)
    xQueueReceive                            0x08005ac1   Thumb Code   308  queue.o(i.xQueueReceive)
    xQueueSemaphoreTake                      0x08005bf9   Thumb Code   372  queue.o(i.xQueueSemaphoreTake)
    xQueueTakeMutexRecursive                 0x08005d71   Thumb Code    64  queue.o(i.xQueueTakeMutexRecursive)
    xTaskCheckForTimeOut                     0x08005db1   Thumb Code   112  tasks.o(i.xTaskCheckForTimeOut)
    xTaskCreate                              0x08005e25   Thumb Code    90  tasks.o(i.xTaskCreate)
    xTaskCreateStatic                        0x08005e7f   Thumb Code    86  tasks.o(i.xTaskCreateStatic)
    xTaskGetCurrentTaskHandle                0x08005ed5   Thumb Code     6  tasks.o(i.xTaskGetCurrentTaskHandle)
    xTaskGetSchedulerState                   0x08005ee1   Thumb Code    22  tasks.o(i.xTaskGetSchedulerState)
    xTaskGetTickCount                        0x08005efd   Thumb Code     6  tasks.o(i.xTaskGetTickCount)
    xTaskIncrementTick                       0x08005f09   Thumb Code   192  tasks.o(i.xTaskIncrementTick)
    xTaskPriorityDisinherit                  0x08005fd1   Thumb Code   118  tasks.o(i.xTaskPriorityDisinherit)
    xTaskPriorityInherit                     0x08006051   Thumb Code   112  tasks.o(i.xTaskPriorityInherit)
    xTaskRemoveFromEventList                 0x080060c9   Thumb Code    98  tasks.o(i.xTaskRemoveFromEventList)
    xTaskResumeAll                           0x08006139   Thumb Code   182  tasks.o(i.xTaskResumeAll)
    xTimerCreateTimerTask                    0x080061fd   Thumb Code    78  timers.o(i.xTimerCreateTimerTask)
    xTimerGenericCommand                     0x0800625d   Thumb Code    98  timers.o(i.xTimerGenericCommand)
    _get_lc_numeric                          0x080062c5   Thumb Code    44  lc_numeric_c.o(locale$$code)
    _get_lc_ctype                            0x080062f1   Thumb Code    44  lc_ctype_c.o(locale$$code)
    __fpl_dretinf                            0x0800631d   Thumb Code    12  dretinf.o(x$fpl$dretinf)
    __aeabi_f2d                              0x08006329   Thumb Code     0  f2d.o(x$fpl$f2d)
    _f2d                                     0x08006329   Thumb Code    86  f2d.o(x$fpl$f2d)
    __fpl_fnaninf                            0x0800637f   Thumb Code   140  fnaninf.o(x$fpl$fnaninf)
    _printf_fp_dec                           0x0800640b   Thumb Code     4  printf1.o(x$fpl$printf1)
    __I$use$fp                               0x0800640e   Number         0  usenofp.o(x$fpl$usenofp)
    defaultTask_attributes                   0x08006410   Data          36  main.o(.constdata)
    ReceiveUART_attributes                   0x08006434   Data          36  main.o(.constdata)
    SendCAN_attributes                       0x08006458   Data          36  main.o(.constdata)
    ReadMPU6050_attributes                   0x0800647c   Data          36  main.o(.constdata)
    AHBPrescTable                            0x0800654e   Data          16  system_stm32f1xx.o(.constdata)
    APBPrescTable                            0x0800655e   Data           8  system_stm32f1xx.o(.constdata)
    Font7x10                                 0x08006566   Data        1900  fonts.o(.constdata)
    Font16x26                                0x08006cd2   Data        4940  fonts.o(.constdata)
    Region$$Table$$Base                      0x080080e0   Number         0  anon$$obj.o(Region$$Table)
    Region$$Table$$Limit                     0x08008100   Number         0  anon$$obj.o(Region$$Table)
    __ctype                                  0x08008129   Data           0  lc_ctype_c.o(locale$$data)
    blackButtonData                          0x20000000   Data           1  main.o(.data)
    pidMode                                  0x20000001   Data           1  main.o(.data)
    paramPosition                            0x20000002   Data           1  main.o(.data)
    u8_RxData                                0x20000003   Data           1  main.o(.data)
    TxData                                   0x20000004   Data           3  main.o(.data)
    joystickData                             0x20000008   Data           4  main.o(.data)
    defaultTaskHandle                        0x2000000c   Data           4  main.o(.data)
    ReceiveUARTHandle                        0x20000010   Data           4  main.o(.data)
    SendCANHandle                            0x20000014   Data           4  main.o(.data)
    ReadMPU6050Handle                        0x20000018   Data           4  main.o(.data)
    joystickMutexHandle                      0x2000001c   Data           4  main.o(.data)
    TxMailbox                                0x20000020   Data           4  main.o(.data)
    TxHeader                                 0x20000024   Data          24  main.o(.data)
    uwTickFreq                               0x2000003c   Data           1  stm32f1xx_hal.o(.data)
    uwTickPrio                               0x20000040   Data           4  stm32f1xx_hal.o(.data)
    uwTick                                   0x20000044   Data           4  stm32f1xx_hal.o(.data)
    SystemCoreClock                          0x20000048   Data           4  system_stm32f1xx.o(.data)
    Font_7x10                                0x2000004c   Data           8  fonts.o(.data)
    Font_16x26                               0x20000054   Data           8  fonts.o(.data)
    pxCurrentTCB                             0x20000064   Data           4  tasks.o(.data)
    uartBuffer                               0x200000e4   Data          76  main.o(.bss)
    hcan                                     0x20000130   Data          40  main.o(.bss)
    hi2c1                                    0x20000158   Data          84  main.o(.bss)
    htim2                                    0x200001ac   Data          72  main.o(.bss)
    huart2                                   0x200001f4   Data          72  main.o(.bss)
    huart3                                   0x2000023c   Data          72  main.o(.bss)
    pFlash                                   0x20000288   Data          32  stm32f1xx_hal_flash.o(.bss)
    xQueueRegistry                           0x200006a8   Data          64  queue.o(.bss)
    __libspace_start                         0x20001f7c   Data          96  libspace.o(.bss)
    __temporary_stack_top$libspace           0x20001fdc   Data           0  libspace.o(.bss)



==============================================================================

Memory Map of the image

  Image Entry point : 0x080000ed

  Load Region LR_IROM1 (Base: 0x08000000, Size: 0x00008310, Max: 0x00010000, ABSOLUTE)

    Execution Region ER_IROM1 (Exec base: 0x08000000, Load base: 0x08000000, Size: 0x0000822c, Max: 0x00010000, ABSOLUTE)

    Exec Addr    Load Addr    Size         Type   Attr      Idx    E Section Name        Object

    0x08000000   0x08000000   0x000000ec   Data   RO            3    RESET               startup_stm32f103xb.o
    0x080000ec   0x080000ec   0x00000008   Code   RO         5635  * !!!main             c_w.l(__main.o)
    0x080000f4   0x080000f4   0x00000034   Code   RO         5871    !!!scatter          c_w.l(__scatter.o)
    0x08000128   0x08000128   0x0000001a   Code   RO         5873    !!handler_copy      c_w.l(__scatter_copy.o)
    0x08000142   0x08000142   0x00000002   PAD
    0x08000144   0x08000144   0x0000001c   Code   RO         5875    !!handler_zi        c_w.l(__scatter_zi.o)
    0x08000160   0x08000160   0x00000000   Code   RO         5612    .ARM.Collect$$_printf_percent$$00000000  c_w.l(_printf_percent.o)
    0x08000160   0x08000160   0x00000006   Code   RO         5611    .ARM.Collect$$_printf_percent$$00000003  c_w.l(_printf_f.o)
    0x08000166   0x08000166   0x00000004   Code   RO         5653    .ARM.Collect$$_printf_percent$$00000017  c_w.l(_printf_percent_end.o)
    0x0800016a   0x0800016a   0x00000002   Code   RO         5744    .ARM.Collect$$libinit$$00000000  c_w.l(libinit.o)
    0x0800016c   0x0800016c   0x00000000   Code   RO         5746    .ARM.Collect$$libinit$$00000002  c_w.l(libinit2.o)
    0x0800016c   0x0800016c   0x00000000   Code   RO         5748    .ARM.Collect$$libinit$$00000004  c_w.l(libinit2.o)
    0x0800016c   0x0800016c   0x00000000   Code   RO         5751    .ARM.Collect$$libinit$$0000000A  c_w.l(libinit2.o)
    0x0800016c   0x0800016c   0x00000000   Code   RO         5753    .ARM.Collect$$libinit$$0000000C  c_w.l(libinit2.o)
    0x0800016c   0x0800016c   0x00000000   Code   RO         5755    .ARM.Collect$$libinit$$0000000E  c_w.l(libinit2.o)
    0x0800016c   0x0800016c   0x00000006   Code   RO         5756    .ARM.Collect$$libinit$$0000000F  c_w.l(libinit2.o)
    0x08000172   0x08000172   0x00000000   Code   RO         5758    .ARM.Collect$$libinit$$00000011  c_w.l(libinit2.o)
    0x08000172   0x08000172   0x0000000c   Code   RO         5759    .ARM.Collect$$libinit$$00000012  c_w.l(libinit2.o)
    0x0800017e   0x0800017e   0x00000000   Code   RO         5760    .ARM.Collect$$libinit$$00000013  c_w.l(libinit2.o)
    0x0800017e   0x0800017e   0x00000000   Code   RO         5762    .ARM.Collect$$libinit$$00000015  c_w.l(libinit2.o)
    0x0800017e   0x0800017e   0x0000000a   Code   RO         5763    .ARM.Collect$$libinit$$00000016  c_w.l(libinit2.o)
    0x08000188   0x08000188   0x00000000   Code   RO         5764    .ARM.Collect$$libinit$$00000017  c_w.l(libinit2.o)
    0x08000188   0x08000188   0x00000000   Code   RO         5766    .ARM.Collect$$libinit$$00000019  c_w.l(libinit2.o)
    0x08000188   0x08000188   0x00000000   Code   RO         5768    .ARM.Collect$$libinit$$0000001B  c_w.l(libinit2.o)
    0x08000188   0x08000188   0x00000000   Code   RO         5770    .ARM.Collect$$libinit$$0000001D  c_w.l(libinit2.o)
    0x08000188   0x08000188   0x00000000   Code   RO         5772    .ARM.Collect$$libinit$$0000001F  c_w.l(libinit2.o)
    0x08000188   0x08000188   0x00000000   Code   RO         5774    .ARM.Collect$$libinit$$00000021  c_w.l(libinit2.o)
    0x08000188   0x08000188   0x00000000   Code   RO         5776    .ARM.Collect$$libinit$$00000023  c_w.l(libinit2.o)
    0x08000188   0x08000188   0x00000000   Code   RO         5778    .ARM.Collect$$libinit$$00000025  c_w.l(libinit2.o)
    0x08000188   0x08000188   0x00000000   Code   RO         5782    .ARM.Collect$$libinit$$0000002C  c_w.l(libinit2.o)
    0x08000188   0x08000188   0x00000000   Code   RO         5784    .ARM.Collect$$libinit$$0000002E  c_w.l(libinit2.o)
    0x08000188   0x08000188   0x00000000   Code   RO         5786    .ARM.Collect$$libinit$$00000030  c_w.l(libinit2.o)
    0x08000188   0x08000188   0x00000000   Code   RO         5788    .ARM.Collect$$libinit$$00000032  c_w.l(libinit2.o)
    0x08000188   0x08000188   0x00000002   Code   RO         5789    .ARM.Collect$$libinit$$00000033  c_w.l(libinit2.o)
    0x0800018a   0x0800018a   0x00000002   Code   RO         5819    .ARM.Collect$$libshutdown$$00000000  c_w.l(libshutdown.o)
    0x0800018c   0x0800018c   0x00000000   Code   RO         5830    .ARM.Collect$$libshutdown$$00000002  c_w.l(libshutdown2.o)
    0x0800018c   0x0800018c   0x00000000   Code   RO         5832    .ARM.Collect$$libshutdown$$00000004  c_w.l(libshutdown2.o)
    0x0800018c   0x0800018c   0x00000000   Code   RO         5835    .ARM.Collect$$libshutdown$$00000007  c_w.l(libshutdown2.o)
    0x0800018c   0x0800018c   0x00000000   Code   RO         5838    .ARM.Collect$$libshutdown$$0000000A  c_w.l(libshutdown2.o)
    0x0800018c   0x0800018c   0x00000000   Code   RO         5840    .ARM.Collect$$libshutdown$$0000000C  c_w.l(libshutdown2.o)
    0x0800018c   0x0800018c   0x00000000   Code   RO         5843    .ARM.Collect$$libshutdown$$0000000F  c_w.l(libshutdown2.o)
    0x0800018c   0x0800018c   0x00000002   Code   RO         5844    .ARM.Collect$$libshutdown$$00000010  c_w.l(libshutdown2.o)
    0x0800018e   0x0800018e   0x00000000   Code   RO         5641    .ARM.Collect$$rtentry$$00000000  c_w.l(__rtentry.o)
    0x0800018e   0x0800018e   0x00000000   Code   RO         5667    .ARM.Collect$$rtentry$$00000002  c_w.l(__rtentry2.o)
    0x0800018e   0x0800018e   0x00000006   Code   RO         5679    .ARM.Collect$$rtentry$$00000004  c_w.l(__rtentry4.o)
    0x08000194   0x08000194   0x00000000   Code   RO         5669    .ARM.Collect$$rtentry$$00000009  c_w.l(__rtentry2.o)
    0x08000194   0x08000194   0x00000004   Code   RO         5670    .ARM.Collect$$rtentry$$0000000A  c_w.l(__rtentry2.o)
    0x08000198   0x08000198   0x00000000   Code   RO         5672    .ARM.Collect$$rtentry$$0000000C  c_w.l(__rtentry2.o)
    0x08000198   0x08000198   0x00000008   Code   RO         5673    .ARM.Collect$$rtentry$$0000000D  c_w.l(__rtentry2.o)
    0x080001a0   0x080001a0   0x00000002   Code   RO         5790    .ARM.Collect$$rtexit$$00000000  c_w.l(rtexit.o)
    0x080001a2   0x080001a2   0x00000000   Code   RO         5797    .ARM.Collect$$rtexit$$00000002  c_w.l(rtexit2.o)
    0x080001a2   0x080001a2   0x00000004   Code   RO         5798    .ARM.Collect$$rtexit$$00000003  c_w.l(rtexit2.o)
    0x080001a6   0x080001a6   0x00000006   Code   RO         5799    .ARM.Collect$$rtexit$$00000004  c_w.l(rtexit2.o)
    0x080001ac   0x080001ac   0x00000096   Code   RO         5504    .emb_text           port.o
    0x08000242   0x08000242   0x00000002   PAD
    0x08000244   0x08000244   0x00000040   Code   RO            4    .text               startup_stm32f103xb.o
    0x08000284   0x08000284   0x00000026   Code   RO         5583    .text               c_w.l(llushr.o)
    0x080002aa   0x080002aa   0x00000002   PAD
    0x080002ac   0x080002ac   0x00000028   Code   RO         5587    .text               c_w.l(noretval__2sprintf.o)
    0x080002d4   0x080002d4   0x0000010e   Code   RO         5599    .text               c_w.l(__printf_wp.o)
    0x080003e2   0x080003e2   0x0000001a   Code   RO         5613    .text               c_w.l(atoi.o)
    0x080003fc   0x080003fc   0x00000014   Code   RO         5615    .text               c_w.l(strchr.o)
    0x08000410   0x08000410   0x00000024   Code   RO         5617    .text               c_w.l(strstr.o)
    0x08000434   0x08000434   0x00000048   Code   RO         5619    .text               c_w.l(strcpy.o)
    0x0800047c   0x0800047c   0x0000008a   Code   RO         5623    .text               c_w.l(rt_memcpy_v6.o)
    0x08000506   0x08000506   0x00000064   Code   RO         5625    .text               c_w.l(rt_memcpy_w.o)
    0x0800056a   0x0800056a   0x00000010   Code   RO         5629    .text               c_w.l(aeabi_memset.o)
    0x0800057a   0x0800057a   0x0000004e   Code   RO         5631    .text               c_w.l(rt_memclr_w.o)
    0x080005c8   0x080005c8   0x00000006   Code   RO         5633    .text               c_w.l(heapauxi.o)
    0x080005ce   0x080005ce   0x00000002   PAD
    0x080005d0   0x080005d0   0x00000008   Code   RO         5645    .text               c_w.l(rt_errno_addr_intlibspace.o)
    0x080005d8   0x080005d8   0x0000041e   Code   RO         5647    .text               c_w.l(_printf_fp_dec.o)
    0x080009f6   0x080009f6   0x00000002   PAD
    0x080009f8   0x080009f8   0x00000030   Code   RO         5649    .text               c_w.l(_printf_char_common.o)
    0x08000a28   0x08000a28   0x0000000a   Code   RO         5651    .text               c_w.l(_sputc.o)
    0x08000a32   0x08000a32   0x00000070   Code   RO         5654    .text               c_w.l(strtol.o)
    0x08000aa2   0x08000aa2   0x00000044   Code   RO         5656    .text               c_w.l(rt_memclr.o)
    0x08000ae6   0x08000ae6   0x00000002   PAD
    0x08000ae8   0x08000ae8   0x00000008   Code   RO         5663    .text               c_w.l(libspace.o)
    0x08000af0   0x08000af0   0x00000010   Code   RO         5681    .text               c_w.l(rt_ctype_table.o)
    0x08000b00   0x08000b00   0x00000008   Code   RO         5686    .text               c_w.l(rt_locale_intlibspace.o)
    0x08000b08   0x08000b08   0x0000008a   Code   RO         5688    .text               c_w.l(lludiv10.o)
    0x08000b92   0x08000b92   0x00000002   PAD
    0x08000b94   0x08000b94   0x00000080   Code   RO         5690    .text               c_w.l(_printf_fp_infnan.o)
    0x08000c14   0x08000c14   0x0000009e   Code   RO         5694    .text               c_w.l(_strtoul.o)
    0x08000cb2   0x08000cb2   0x00000002   PAD
    0x08000cb4   0x08000cb4   0x000000e4   Code   RO         5696    .text               c_w.l(bigflt0.o)
    0x08000d98   0x08000d98   0x0000004a   Code   RO         5728    .text               c_w.l(sys_stackheap_outer.o)
    0x08000de2   0x08000de2   0x0000001c   Code   RO         5730    .text               c_w.l(_chval.o)
    0x08000dfe   0x08000dfe   0x00000012   Code   RO         5735    .text               c_w.l(exit.o)
    0x08000e10   0x08000e10   0x00000080   Code   RO         5737    .text               c_w.l(strcmpv7m.o)
    0x08000e90   0x08000e90   0x0000000c   Code   RO         5809    .text               c_w.l(sys_exit.o)
    0x08000e9c   0x08000e9c   0x00000002   Code   RO         5820    .text               c_w.l(use_no_semi.o)
    0x08000e9e   0x08000e9e   0x00000000   Code   RO         5822    .text               c_w.l(indicate_semi.o)
    0x08000e9e   0x08000e9e   0x0000003e   Code   RO         5699    CL$$btod_d2e        c_w.l(btod.o)
    0x08000edc   0x08000edc   0x00000046   Code   RO         5701    CL$$btod_d2e_denorm_low  c_w.l(btod.o)
    0x08000f22   0x08000f22   0x00000060   Code   RO         5700    CL$$btod_d2e_norm_op1  c_w.l(btod.o)
    0x08000f82   0x08000f82   0x00000338   Code   RO         5709    CL$$btod_div_common  c_w.l(btod.o)
    0x080012ba   0x080012ba   0x000000dc   Code   RO         5706    CL$$btod_e2e        c_w.l(btod.o)
    0x08001396   0x08001396   0x0000002a   Code   RO         5703    CL$$btod_ediv       c_w.l(btod.o)
    0x080013c0   0x080013c0   0x0000002a   Code   RO         5702    CL$$btod_emul       c_w.l(btod.o)
    0x080013ea   0x080013ea   0x00000244   Code   RO         5708    CL$$btod_mult_common  c_w.l(btod.o)
    0x0800162e   0x0800162e   0x00000002   Code   RO          299    i.BusFault_Handler  stm32f1xx_it.o
    0x08001630   0x08001630   0x000000d0   Code   RO           13    i.CAN_Send_Extended  main.o
    0x08001700   0x08001700   0x00000016   Code   RO         3523    i.Calculate_Checksum  flash_storage.o
    0x08001716   0x08001716   0x00000002   Code   RO          300    i.DebugMon_Handler  stm32f1xx_it.o
    0x08001718   0x08001718   0x00000064   Code   RO           14    i.DisplayPIDMenu    main.o
    0x0800177c   0x0800177c   0x000001cc   Code   RO           15    i.DisplayPIDParams  main.o
    0x08001948   0x08001948   0x00000006   Code   RO          301    i.EXTI0_IRQHandler  stm32f1xx_it.o
    0x0800194e   0x0800194e   0x00000006   Code   RO          302    i.EXTI1_IRQHandler  stm32f1xx_it.o
    0x08001954   0x08001954   0x00000006   Code   RO          303    i.EXTI2_IRQHandler  stm32f1xx_it.o
    0x0800195a   0x0800195a   0x00000002   PAD
    0x0800195c   0x0800195c   0x00000024   Code   RO         1555    i.FLASH_MassErase   stm32f1xx_hal_flash_ex.o
    0x08001980   0x08001980   0x00000024   Code   RO         1560    i.FLASH_PageErase   stm32f1xx_hal_flash_ex.o
    0x080019a4   0x080019a4   0x0000001c   Code   RO         1452    i.FLASH_Program_HalfWord  stm32f1xx_hal_flash.o
    0x080019c0   0x080019c0   0x0000005c   Code   RO         1453    i.FLASH_SetErrorCode  stm32f1xx_hal_flash.o
    0x08001a1c   0x08001a1c   0x00000054   Code   RO         1454    i.FLASH_WaitForLastOperation  stm32f1xx_hal_flash.o
    0x08001a70   0x08001a70   0x0000001e   Code   RO         3524    i.Flash_Load_Default_PID  flash_storage.o
    0x08001a8e   0x08001a8e   0x00000002   PAD
    0x08001a90   0x08001a90   0x00000078   Code   RO         3525    i.Flash_Read_PID    flash_storage.o
    0x08001b08   0x08001b08   0x00000098   Code   RO         3526    i.Flash_Write_PID   flash_storage.o
    0x08001ba0   0x08001ba0   0x00000008   Code   RO         3570    i.Get6Buttons       74165.o
    0x08001ba8   0x08001ba8   0x00000024   Code   RO          502    i.HAL_CAN_ActivateNotification  stm32f1xx_hal_can.o
    0x08001bcc   0x08001bcc   0x000000bc   Code   RO          503    i.HAL_CAN_AddTxMessage  stm32f1xx_hal_can.o
    0x08001c88   0x08001c88   0x000000ee   Code   RO          504    i.HAL_CAN_ConfigFilter  stm32f1xx_hal_can.o
    0x08001d76   0x08001d76   0x0000011a   Code   RO          515    i.HAL_CAN_Init      stm32f1xx_hal_can.o
    0x08001e90   0x08001e90   0x00000084   Code   RO          394    i.HAL_CAN_MspInit   stm32f1xx_hal_msp.o
    0x08001f14   0x08001f14   0x00000058   Code   RO          527    i.HAL_CAN_Start     stm32f1xx_hal_can.o
    0x08001f6c   0x08001f6c   0x00000046   Code   RO         1116    i.HAL_DMA_Abort     stm32f1xx_hal_dma.o
    0x08001fb2   0x08001fb2   0x00000002   PAD
    0x08001fb4   0x08001fb4   0x00000098   Code   RO         1117    i.HAL_DMA_Abort_IT  stm32f1xx_hal_dma.o
    0x0800204c   0x0800204c   0x000000a8   Code   RO         1561    i.HAL_FLASHEx_Erase  stm32f1xx_hal_flash_ex.o
    0x080020f4   0x080020f4   0x00000014   Code   RO         1458    i.HAL_FLASH_Lock    stm32f1xx_hal_flash.o
    0x08002108   0x08002108   0x00000080   Code   RO         1463    i.HAL_FLASH_Program  stm32f1xx_hal_flash.o
    0x08002188   0x08002188   0x00000028   Code   RO         1465    i.HAL_FLASH_Unlock  stm32f1xx_hal_flash.o
    0x080021b0   0x080021b0   0x00000002   Code   RO         1050    i.HAL_GPIO_EXTI_Callback  stm32f1xx_hal_gpio.o
    0x080021b2   0x080021b2   0x00000002   PAD
    0x080021b4   0x080021b4   0x00000018   Code   RO         1051    i.HAL_GPIO_EXTI_IRQHandler  stm32f1xx_hal_gpio.o
    0x080021cc   0x080021cc   0x000001e0   Code   RO         1052    i.HAL_GPIO_Init     stm32f1xx_hal_gpio.o
    0x080023ac   0x080023ac   0x0000000a   Code   RO         1054    i.HAL_GPIO_ReadPin  stm32f1xx_hal_gpio.o
    0x080023b6   0x080023b6   0x00000010   Code   RO         1055    i.HAL_GPIO_TogglePin  stm32f1xx_hal_gpio.o
    0x080023c6   0x080023c6   0x0000000a   Code   RO         1056    i.HAL_GPIO_WritePin  stm32f1xx_hal_gpio.o
    0x080023d0   0x080023d0   0x0000000c   Code   RO          746    i.HAL_GetTick       stm32f1xx_hal.o
    0x080023dc   0x080023dc   0x00000188   Code   RO         1723    i.HAL_I2C_Init      stm32f1xx_hal_i2c.o
    0x08002564   0x08002564   0x0000016c   Code   RO         1724    i.HAL_I2C_IsDeviceReady  stm32f1xx_hal_i2c.o
    0x080026d0   0x080026d0   0x0000012c   Code   RO         1736    i.HAL_I2C_Master_Transmit  stm32f1xx_hal_i2c.o
    0x080027fc   0x080027fc   0x0000005c   Code   RO          396    i.HAL_I2C_MspInit   stm32f1xx_hal_msp.o
    0x08002858   0x08002858   0x00000010   Code   RO          752    i.HAL_IncTick       stm32f1xx_hal.o
    0x08002868   0x08002868   0x00000024   Code   RO          753    i.HAL_Init          stm32f1xx_hal.o
    0x0800288c   0x0800288c   0x00000040   Code   RO          754    i.HAL_InitTick      stm32f1xx_hal.o
    0x080028cc   0x080028cc   0x00000048   Code   RO          397    i.HAL_MspInit       stm32f1xx_hal_msp.o
    0x08002914   0x08002914   0x0000001a   Code   RO         1212    i.HAL_NVIC_EnableIRQ  stm32f1xx_hal_cortex.o
    0x0800292e   0x0800292e   0x00000002   PAD
    0x08002930   0x08002930   0x00000040   Code   RO         1218    i.HAL_NVIC_SetPriority  stm32f1xx_hal_cortex.o
    0x08002970   0x08002970   0x00000024   Code   RO         1219    i.HAL_NVIC_SetPriorityGrouping  stm32f1xx_hal_cortex.o
    0x08002994   0x08002994   0x0000012c   Code   RO          910    i.HAL_RCC_ClockConfig  stm32f1xx_hal_rcc.o
    0x08002ac0   0x08002ac0   0x00000020   Code   RO          917    i.HAL_RCC_GetPCLK1Freq  stm32f1xx_hal_rcc.o
    0x08002ae0   0x08002ae0   0x00000020   Code   RO          918    i.HAL_RCC_GetPCLK2Freq  stm32f1xx_hal_rcc.o
    0x08002b00   0x08002b00   0x0000004c   Code   RO          919    i.HAL_RCC_GetSysClockFreq  stm32f1xx_hal_rcc.o
    0x08002b4c   0x08002b4c   0x00000320   Code   RO          922    i.HAL_RCC_OscConfig  stm32f1xx_hal_rcc.o
    0x08002e6c   0x08002e6c   0x00000028   Code   RO         1223    i.HAL_SYSTICK_Config  stm32f1xx_hal_cortex.o
    0x08002e94   0x08002e94   0x00000002   Code   RO         2855    i.HAL_TIMEx_BreakCallback  stm32f1xx_hal_tim_ex.o
    0x08002e96   0x08002e96   0x00000002   Code   RO         2856    i.HAL_TIMEx_CommutCallback  stm32f1xx_hal_tim_ex.o
    0x08002e98   0x08002e98   0x00000068   Code   RO         2874    i.HAL_TIMEx_MasterConfigSynchronization  stm32f1xx_hal_tim_ex.o
    0x08002f00   0x08002f00   0x0000005a   Code   RO         2151    i.HAL_TIM_Base_Init  stm32f1xx_hal_tim.o
    0x08002f5a   0x08002f5a   0x00000002   PAD
    0x08002f5c   0x08002f5c   0x00000038   Code   RO          399    i.HAL_TIM_Base_MspInit  stm32f1xx_hal_msp.o
    0x08002f94   0x08002f94   0x00000058   Code   RO         2156    i.HAL_TIM_Base_Start_IT  stm32f1xx_hal_tim.o
    0x08002fec   0x08002fec   0x000000dc   Code   RO         2160    i.HAL_TIM_ConfigClockSource  stm32f1xx_hal_tim.o
    0x080030c8   0x080030c8   0x00000002   Code   RO         2185    i.HAL_TIM_IC_CaptureCallback  stm32f1xx_hal_tim.o
    0x080030ca   0x080030ca   0x00000130   Code   RO         2199    i.HAL_TIM_IRQHandler  stm32f1xx_hal_tim.o
    0x080031fa   0x080031fa   0x00000002   Code   RO         2202    i.HAL_TIM_OC_DelayElapsedCallback  stm32f1xx_hal_tim.o
    0x080031fc   0x080031fc   0x00000002   Code   RO         2229    i.HAL_TIM_PWM_PulseFinishedCallback  stm32f1xx_hal_tim.o
    0x080031fe   0x080031fe   0x00000002   Code   RO         2237    i.HAL_TIM_PeriodElapsedCallback  stm32f1xx_hal_tim.o
    0x08003200   0x08003200   0x00000002   Code   RO         2242    i.HAL_TIM_TriggerCallback  stm32f1xx_hal_tim.o
    0x08003202   0x08003202   0x00000002   Code   RO         3134    i.HAL_UARTEx_RxEventCallback  stm32f1xx_hal_uart.o
    0x08003204   0x08003204   0x00000002   Code   RO         3148    i.HAL_UART_ErrorCallback  stm32f1xx_hal_uart.o
    0x08003206   0x08003206   0x00000002   PAD
    0x08003208   0x08003208   0x0000026c   Code   RO         3151    i.HAL_UART_IRQHandler  stm32f1xx_hal_uart.o
    0x08003474   0x08003474   0x00000064   Code   RO         3152    i.HAL_UART_Init     stm32f1xx_hal_uart.o
    0x080034d8   0x080034d8   0x000000d4   Code   RO          401    i.HAL_UART_MspInit  stm32f1xx_hal_msp.o
    0x080035ac   0x080035ac   0x0000001c   Code   RO         3157    i.HAL_UART_Receive_IT  stm32f1xx_hal_uart.o
    0x080035c8   0x080035c8   0x00000070   Code   RO           17    i.HAL_UART_RxCpltCallback  main.o
    0x08003638   0x08003638   0x00000002   Code   RO         3163    i.HAL_UART_TxCpltCallback  stm32f1xx_hal_uart.o
    0x0800363a   0x0800363a   0x00000002   Code   RO          304    i.HardFault_Handler  stm32f1xx_it.o
    0x0800363c   0x0800363c   0x0000002e   Code   RO         1766    i.I2C_IsAcknowledgeFailed  stm32f1xx_hal_i2c.o
    0x0800366a   0x0800366a   0x00000002   PAD
    0x0800366c   0x0800366c   0x0000009c   Code   RO         1770    i.I2C_MasterRequestWrite  stm32f1xx_hal_i2c.o
    0x08003708   0x08003708   0x00000056   Code   RO         1781    i.I2C_WaitOnBTFFlagUntilTimeout  stm32f1xx_hal_i2c.o
    0x0800375e   0x0800375e   0x00000002   PAD
    0x08003760   0x08003760   0x00000090   Code   RO         1782    i.I2C_WaitOnFlagUntilTimeout  stm32f1xx_hal_i2c.o
    0x080037f0   0x080037f0   0x000000bc   Code   RO         1783    i.I2C_WaitOnMasterAddressFlagUntilTimeout  stm32f1xx_hal_i2c.o
    0x080038ac   0x080038ac   0x00000056   Code   RO         1785    i.I2C_WaitOnTXEFlagUntilTimeout  stm32f1xx_hal_i2c.o
    0x08003902   0x08003902   0x00000002   PAD
    0x08003904   0x08003904   0x00000064   Code   RO           18    i.MX_CAN_Init       main.o
    0x08003968   0x08003968   0x00000100   Code   RO           19    i.MX_GPIO_Init      main.o
    0x08003a68   0x08003a68   0x00000068   Code   RO           20    i.MX_TIM2_Init      main.o
    0x08003ad0   0x08003ad0   0x00000002   Code   RO          305    i.MemManage_Handler  stm32f1xx_it.o
    0x08003ad2   0x08003ad2   0x00000002   Code   RO          306    i.NMI_Handler       stm32f1xx_it.o
    0x08003ad4   0x08003ad4   0x000000e0   Code   RO         3571    i.Read_74165        74165.o
    0x08003bb4   0x08003bb4   0x00000010   Code   RO         3638    i.SSD1306_Clear     ssd1306.o
    0x08003bc4   0x08003bc4   0x00000040   Code   RO         3645    i.SSD1306_DrawPixel  ssd1306.o
    0x08003c04   0x08003c04   0x00000018   Code   RO         3648    i.SSD1306_Fill      ssd1306.o
    0x08003c1c   0x08003c1c   0x0000000c   Code   RO         3649    i.SSD1306_GotoXY    ssd1306.o
    0x08003c28   0x08003c28   0x00000168   Code   RO         3650    i.SSD1306_Init      ssd1306.o
    0x08003d90   0x08003d90   0x000000a0   Code   RO         3654    i.SSD1306_Putc      ssd1306.o
    0x08003e30   0x08003e30   0x00000028   Code   RO         3655    i.SSD1306_Puts      ssd1306.o
    0x08003e58   0x08003e58   0x00000048   Code   RO         3662    i.SSD1306_UpdateScreen  ssd1306.o
    0x08003ea0   0x08003ea0   0x00000008   Code   RO           21    i.StartDefaultTask  main.o
    0x08003ea8   0x08003ea8   0x000000f8   Code   RO           22    i.StartTask02       main.o
    0x08003fa0   0x08003fa0   0x00000148   Code   RO           23    i.StartTask03       main.o
    0x080040e8   0x080040e8   0x00000008   Code   RO           24    i.StartTask04       main.o
    0x080040f0   0x080040f0   0x00000018   Code   RO          307    i.SysTick_Handler   stm32f1xx_it.o
    0x08004108   0x08004108   0x0000005e   Code   RO           25    i.SystemClock_Config  main.o
    0x08004166   0x08004166   0x00000002   Code   RO         3486    i.SystemInit        system_stm32f1xx.o
    0x08004168   0x08004168   0x0000000c   Code   RO          308    i.TIM2_IRQHandler   stm32f1xx_it.o
    0x08004174   0x08004174   0x00000078   Code   RO         2244    i.TIM_Base_SetConfig  stm32f1xx_hal_tim.o
    0x080041ec   0x080041ec   0x00000014   Code   RO         2255    i.TIM_ETR_SetConfig  stm32f1xx_hal_tim.o
    0x08004200   0x08004200   0x00000010   Code   RO         2256    i.TIM_ITRx_SetConfig  stm32f1xx_hal_tim.o
    0x08004210   0x08004210   0x00000022   Code   RO         2262    i.TIM_TI1_ConfigInputStage  stm32f1xx_hal_tim.o
    0x08004232   0x08004232   0x00000024   Code   RO         2264    i.TIM_TI2_ConfigInputStage  stm32f1xx_hal_tim.o
    0x08004256   0x08004256   0x00000010   Code   RO         3165    i.UART_DMAAbortOnError  stm32f1xx_hal_uart.o
    0x08004266   0x08004266   0x0000004e   Code   RO         3175    i.UART_EndRxTransfer  stm32f1xx_hal_uart.o
    0x080042b4   0x080042b4   0x000000c2   Code   RO         3177    i.UART_Receive_IT   stm32f1xx_hal_uart.o
    0x08004376   0x08004376   0x00000002   PAD
    0x08004378   0x08004378   0x000000b8   Code   RO         3178    i.UART_SetConfig    stm32f1xx_hal_uart.o
    0x08004430   0x08004430   0x00000036   Code   RO         3180    i.UART_Start_Receive_IT  stm32f1xx_hal_uart.o
    0x08004466   0x08004466   0x00000002   PAD
    0x08004468   0x08004468   0x0000000c   Code   RO          309    i.USART2_IRQHandler  stm32f1xx_it.o
    0x08004474   0x08004474   0x00000002   Code   RO          310    i.UsageFault_Handler  stm32f1xx_it.o
    0x08004476   0x08004476   0x00000028   Code   RO         5726    i.__ARM_fpclassify  m_ws.l(fpclassify.o)
    0x0800449e   0x0800449e   0x00000020   Code   RO         1225    i.__NVIC_SetPriority  stm32f1xx_hal_cortex.o
    0x080044be   0x080044be   0x0000000e   Code   RO         5601    i._is_digit         c_w.l(__printf_wp.o)
    0x080044cc   0x080044cc   0x00000178   Code   RO           26    i.main              main.o
    0x08004644   0x08004644   0x0000001a   Code   RO         4943    i.osDelay           cmsis_os2.o
    0x0800465e   0x0800465e   0x00000002   PAD
    0x08004660   0x08004660   0x00000024   Code   RO         4957    i.osKernelInitialize  cmsis_os2.o
    0x08004684   0x08004684   0x00000038   Code   RO         4960    i.osKernelStart     cmsis_os2.o
    0x080046bc   0x080046bc   0x00000052   Code   RO         4980    i.osMutexAcquire    cmsis_os2.o
    0x0800470e   0x0800470e   0x00000068   Code   RO         4983    i.osMutexNew        cmsis_os2.o
    0x08004776   0x08004776   0x00000042   Code   RO         4984    i.osMutexRelease    cmsis_os2.o
    0x080047b8   0x080047b8   0x0000008a   Code   RO         5002    i.osThreadNew       cmsis_os2.o
    0x08004842   0x08004842   0x00000002   PAD
    0x08004844   0x08004844   0x0000005c   Code   RO         4403    i.prvAddCurrentTaskToDelayedList  tasks.o
    0x080048a0   0x080048a0   0x000000d0   Code   RO         4404    i.prvAddNewTaskToReadyList  tasks.o
    0x08004970   0x08004970   0x00000058   Code   RO         4768    i.prvCheckForValidListAndQueue  timers.o
    0x080049c8   0x080049c8   0x00000026   Code   RO         4000    i.prvCopyDataFromQueue  queue.o
    0x080049ee   0x080049ee   0x0000006c   Code   RO         4001    i.prvCopyDataToQueue  queue.o
    0x08004a5a   0x08004a5a   0x00000034   Code   RO         4405    i.prvDeleteTCB      tasks.o
    0x08004a8e   0x08004a8e   0x00000002   PAD
    0x08004a90   0x08004a90   0x0000004c   Code   RO         5449    i.prvHeapInit       heap_4.o
    0x08004adc   0x08004adc   0x00000060   Code   RO         4406    i.prvIdleTask       tasks.o
    0x08004b3c   0x08004b3c   0x00000016   Code   RO         4002    i.prvInitialiseMutex  queue.o
    0x08004b52   0x08004b52   0x00000002   PAD
    0x08004b54   0x08004b54   0x00000022   Code   RO         4003    i.prvInitialiseNewQueue  queue.o
    0x08004b76   0x08004b76   0x00000002   PAD
    0x08004b78   0x08004b78   0x000000b0   Code   RO         4407    i.prvInitialiseNewTask  tasks.o
    0x08004c28   0x08004c28   0x0000004c   Code   RO         5450    i.prvInsertBlockIntoFreeList  heap_4.o
    0x08004c74   0x08004c74   0x00000038   Code   RO         4770    i.prvInsertTimerInActiveList  timers.o
    0x08004cac   0x08004cac   0x0000001c   Code   RO         4004    i.prvIsQueueEmpty   queue.o
    0x08004cc8   0x08004cc8   0x000000fc   Code   RO         4771    i.prvProcessReceivedCommands  timers.o
    0x08004dc4   0x08004dc4   0x000000c0   Code   RO         4772    i.prvProcessTimerOrBlockTask  timers.o
    0x08004e84   0x08004e84   0x00000020   Code   RO         4409    i.prvResetNextTaskUnblockTime  tasks.o
    0x08004ea4   0x08004ea4   0x00000028   Code   RO         4773    i.prvSampleTimeNow  timers.o
    0x08004ecc   0x08004ecc   0x0000006c   Code   RO         4774    i.prvSwitchTimerLists  timers.o
    0x08004f38   0x08004f38   0x00000028   Code   RO         5505    i.prvTaskExitError  port.o
    0x08004f60   0x08004f60   0x00000024   Code   RO         4775    i.prvTimerTask      timers.o
    0x08004f84   0x08004f84   0x0000006a   Code   RO         4005    i.prvUnlockQueue    queue.o
    0x08004fee   0x08004fee   0x00000002   PAD
    0x08004ff0   0x08004ff0   0x000000dc   Code   RO         5451    i.pvPortMalloc      heap_4.o
    0x080050cc   0x080050cc   0x00000018   Code   RO         4412    i.pvTaskIncrementMutexHeldCount  tasks.o
    0x080050e4   0x080050e4   0x00000024   Code   RO         5506    i.pxPortInitialiseStack  port.o
    0x08005108   0x08005108   0x0000000c   Code   RO         3663    i.ssd1306_I2C_Init  ssd1306.o
    0x08005114   0x08005114   0x00000020   Code   RO         3664    i.ssd1306_I2C_Write  ssd1306.o
    0x08005134   0x08005134   0x00000038   Code   RO         3665    i.ssd1306_I2C_WriteMulti  ssd1306.o
    0x0800516c   0x0800516c   0x00000026   Code   RO         3960    i.uxListRemove      list.o
    0x08005192   0x08005192   0x00000002   PAD
    0x08005194   0x08005194   0x00000014   Code   RO         5014    i.vApplicationGetIdleTaskMemory  cmsis_os2.o
    0x080051a8   0x080051a8   0x00000018   Code   RO         5015    i.vApplicationGetTimerTaskMemory  cmsis_os2.o
    0x080051c0   0x080051c0   0x00000016   Code   RO         3961    i.vListInitialise   list.o
    0x080051d6   0x080051d6   0x00000006   Code   RO         3962    i.vListInitialiseItem  list.o
    0x080051dc   0x080051dc   0x00000030   Code   RO         3963    i.vListInsert       list.o
    0x0800520c   0x0800520c   0x00000018   Code   RO         3964    i.vListInsertEnd    list.o
    0x08005224   0x08005224   0x00000040   Code   RO         5508    i.vPortEnterCritical  port.o
    0x08005264   0x08005264   0x00000028   Code   RO         5509    i.vPortExitCritical  port.o
    0x0800528c   0x0800528c   0x00000064   Code   RO         5452    i.vPortFree         heap_4.o
    0x080052f0   0x080052f0   0x00000024   Code   RO         5510    i.vPortSetupTimerInterrupt  port.o
    0x08005314   0x08005314   0x00000054   Code   RO         5511    i.vPortValidateInterruptPriority  port.o
    0x08005368   0x08005368   0x00000028   Code   RO         4011    i.vQueueAddToRegistry  queue.o
    0x08005390   0x08005390   0x00000044   Code   RO         4015    i.vQueueWaitForMessageRestricted  queue.o
    0x080053d4   0x080053d4   0x0000004c   Code   RO         4422    i.vTaskDelay        tasks.o
    0x08005420   0x08005420   0x00000010   Code   RO         4427    i.vTaskInternalSetTimeOutState  tasks.o
    0x08005430   0x08005430   0x0000000c   Code   RO         4428    i.vTaskMissedYield  tasks.o
    0x0800543c   0x0800543c   0x00000030   Code   RO         4430    i.vTaskPlaceOnEventList  tasks.o
    0x0800546c   0x0800546c   0x00000038   Code   RO         4431    i.vTaskPlaceOnEventListRestricted  tasks.o
    0x080054a4   0x080054a4   0x00000090   Code   RO         4433    i.vTaskPriorityDisinheritAfterTimeout  tasks.o
    0x08005534   0x08005534   0x00000088   Code   RO         4439    i.vTaskStartScheduler  tasks.o
    0x080055bc   0x080055bc   0x00000010   Code   RO         4441    i.vTaskSuspendAll   tasks.o
    0x080055cc   0x080055cc   0x00000064   Code   RO         4442    i.vTaskSwitchContext  tasks.o
    0x08005630   0x08005630   0x000000a8   Code   RO         5512    i.xPortStartScheduler  port.o
    0x080056d8   0x080056d8   0x0000002c   Code   RO         5513    i.xPortSysTickHandler  port.o
    0x08005704   0x08005704   0x00000016   Code   RO         4018    i.xQueueCreateMutex  queue.o
    0x0800571a   0x0800571a   0x0000001a   Code   RO         4019    i.xQueueCreateMutexStatic  queue.o
    0x08005734   0x08005734   0x00000042   Code   RO         4020    i.xQueueGenericCreate  queue.o
    0x08005776   0x08005776   0x00000066   Code   RO         4021    i.xQueueGenericCreateStatic  queue.o
    0x080057dc   0x080057dc   0x00000088   Code   RO         4022    i.xQueueGenericReset  queue.o
    0x08005864   0x08005864   0x00000160   Code   RO         4023    i.xQueueGenericSend  queue.o
    0x080059c4   0x080059c4   0x000000be   Code   RO         4024    i.xQueueGenericSendFromISR  queue.o
    0x08005a82   0x08005a82   0x0000003e   Code   RO         4028    i.xQueueGiveMutexRecursive  queue.o
    0x08005ac0   0x08005ac0   0x00000138   Code   RO         4033    i.xQueueReceive     queue.o
    0x08005bf8   0x08005bf8   0x00000178   Code   RO         4035    i.xQueueSemaphoreTake  queue.o
    0x08005d70   0x08005d70   0x00000040   Code   RO         4036    i.xQueueTakeMutexRecursive  queue.o
    0x08005db0   0x08005db0   0x00000074   Code   RO         4444    i.xTaskCheckForTimeOut  tasks.o
    0x08005e24   0x08005e24   0x0000005a   Code   RO         4445    i.xTaskCreate       tasks.o
    0x08005e7e   0x08005e7e   0x00000056   Code   RO         4446    i.xTaskCreateStatic  tasks.o
    0x08005ed4   0x08005ed4   0x0000000c   Code   RO         4449    i.xTaskGetCurrentTaskHandle  tasks.o
    0x08005ee0   0x08005ee0   0x0000001c   Code   RO         4450    i.xTaskGetSchedulerState  tasks.o
    0x08005efc   0x08005efc   0x0000000c   Code   RO         4451    i.xTaskGetTickCount  tasks.o
    0x08005f08   0x08005f08   0x000000c8   Code   RO         4453    i.xTaskIncrementTick  tasks.o
    0x08005fd0   0x08005fd0   0x00000080   Code   RO         4456    i.xTaskPriorityDisinherit  tasks.o
    0x08006050   0x08006050   0x00000078   Code   RO         4457    i.xTaskPriorityInherit  tasks.o
    0x080060c8   0x080060c8   0x00000070   Code   RO         4458    i.xTaskRemoveFromEventList  tasks.o
    0x08006138   0x08006138   0x000000c4   Code   RO         4459    i.xTaskResumeAll    tasks.o
    0x080061fc   0x080061fc   0x00000060   Code   RO         4784    i.xTimerCreateTimerTask  timers.o
    0x0800625c   0x0800625c   0x00000068   Code   RO         4785    i.xTimerGenericCommand  timers.o
    0x080062c4   0x080062c4   0x0000002c   Code   RO         5722    locale$$code        c_w.l(lc_numeric_c.o)
    0x080062f0   0x080062f0   0x0000002c   Code   RO         5733    locale$$code        c_w.l(lc_ctype_c.o)
    0x0800631c   0x0800631c   0x0000000c   Code   RO         5658    x$fpl$dretinf       fz_ws.l(dretinf.o)
    0x08006328   0x08006328   0x00000056   Code   RO         5637    x$fpl$f2d           fz_ws.l(f2d.o)
    0x0800637e   0x0800637e   0x0000008c   Code   RO         5660    x$fpl$fnaninf       fz_ws.l(fnaninf.o)
    0x0800640a   0x0800640a   0x00000004   Code   RO         5639    x$fpl$printf1       fz_ws.l(printf1.o)
    0x0800640e   0x0800640e   0x00000000   Code   RO         5662    x$fpl$usenofp       fz_ws.l(usenofp.o)
    0x0800640e   0x0800640e   0x00000002   PAD
    0x08006410   0x08006410   0x0000012c   Data   RO           28    .constdata          main.o
    0x0800653c   0x0800653c   0x00000012   Data   RO          923    .constdata          stm32f1xx_hal_rcc.o
    0x0800654e   0x0800654e   0x00000010   Data   RO         3487    .constdata          system_stm32f1xx.o
    0x0800655e   0x0800655e   0x00000008   Data   RO         3488    .constdata          system_stm32f1xx.o
    0x08006566   0x08006566   0x0000076c   Data   RO         3604    .constdata          fonts.o
    0x08006cd2   0x08006cd2   0x0000134c   Data   RO         3606    .constdata          fonts.o
    0x0800801e   0x0800801e   0x00000002   PAD
    0x08008020   0x08008020   0x00000094   Data   RO         5697    .constdata          c_w.l(bigflt0.o)
    0x080080b4   0x080080b4   0x0000002c   Data   RO           29    .conststring        main.o
    0x080080e0   0x080080e0   0x00000020   Data   RO         5869    Region$$Table       anon$$obj.o
    0x08008100   0x08008100   0x0000001c   Data   RO         5721    locale$$data        c_w.l(lc_numeric_c.o)
    0x0800811c   0x0800811c   0x00000110   Data   RO         5732    locale$$data        c_w.l(lc_ctype_c.o)


    Execution Region RW_IRAM1 (Exec base: 0x20000000, Load base: 0x0800822c, Size: 0x000025e0, Max: 0x00005000, ABSOLUTE)

    Exec Addr    Load Addr    Size         Type   Attr      Idx    E Section Name        Object

    0x20000000   0x0800822c   0x0000003c   Data   RW           30    .data               main.o
    0x2000003c   0x08008268   0x0000000c   Data   RW          760    .data               stm32f1xx_hal.o
    0x20000048   0x08008274   0x00000004   Data   RW         3489    .data               system_stm32f1xx.o
    0x2000004c   0x08008278   0x00000008   Data   RW         3607    .data               fonts.o
    0x20000054   0x08008280   0x00000008   Data   RW         3609    .data               fonts.o
    0x2000005c   0x08008288   0x00000006   Data   RW         3667    .data               ssd1306.o
    0x20000062   0x0800828e   0x00000002   PAD
    0x20000064   0x08008290   0x0000003c   Data   RW         4462    .data               tasks.o
    0x200000a0   0x080082cc   0x00000014   Data   RW         4793    .data               timers.o
    0x200000b4   0x080082e0   0x00000004   Data   RW         5017    .data               cmsis_os2.o
    0x200000b8   0x080082e4   0x00000020   Data   RW         5458    .data               heap_4.o
    0x200000d8   0x08008304   0x0000000c   Data   RW         5514    .data               port.o
    0x200000e4        -       0x000001a0   Zero   RW           27    .bss                main.o
    0x20000284   0x08008310   0x00000004   PAD
    0x20000288        -       0x00000020   Zero   RW         1466    .bss                stm32f1xx_hal_flash.o
    0x200002a8        -       0x00000400   Zero   RW         3666    .bss                ssd1306.o
    0x200006a8        -       0x00000040   Zero   RW         4037    .bss                queue.o
    0x200006e8        -       0x000004c4   Zero   RW         4461    .bss                tasks.o
    0x20000bac        -       0x00000118   Zero   RW         4792    .bss                timers.o
    0x20000cc4        -       0x000006b8   Zero   RW         5016    .bss                cmsis_os2.o
    0x2000137c        -       0x00000c00   Zero   RW         5457    .bss                heap_4.o
    0x20001f7c        -       0x00000060   Zero   RW         5664    .bss                c_w.l(libspace.o)
    0x20001fdc   0x08008310   0x00000004   PAD
    0x20001fe0        -       0x00000200   Zero   RW            2    HEAP                startup_stm32f103xb.o
    0x200021e0        -       0x00000400   Zero   RW            1    STACK               startup_stm32f103xb.o


==============================================================================

Image component sizes


      Code (inc. data)   RO Data    RW Data    ZI Data      Debug   Object Name

       232          8          0          0          0       1431   74165.o
       552         22          0          4       1720      60556   cmsis_os2.o
         0          0          0          0          0      19516   event_groups.o
       324         10          0          0          0       4436   flash_storage.o
         0          0       6840         16          0       1079   fonts.o
       472         24          0         32       3072       4651   heap_4.o
       138          0          0          0          0       3282   list.o
      2402        268        344         60        416     472944   main.o
       662         70          0         12          0      10497   port.o
      2152         24          0          0         64      22980   queue.o
       848         54          0          6       1024       8256   ssd1306.o
        64         26        236          0       1536        792   startup_stm32f103xb.o
       128         24          0         12          0       5165   stm32f1xx_hal.o
       832          0          0          0          0       4784   stm32f1xx_hal_can.o
       198         14          0          0          0      28827   stm32f1xx_hal_cortex.o
       222          4          0          0          0       1711   stm32f1xx_hal_dma.o
       392         46          0          0         32       4578   stm32f1xx_hal_flash.o
       240         26          0          0          0       3173   stm32f1xx_hal_flash_ex.o
       542         40          0          0          0       5104   stm32f1xx_hal_gpio.o
      1762         42          0          0          0      10345   stm32f1xx_hal_i2c.o
       564         68          0          0          0       3620   stm32f1xx_hal_msp.o
      1240         84         18          0          0       4996   stm32f1xx_hal_rcc.o
       938         24          0          0          0      10089   stm32f1xx_hal_tim.o
       108         12          0          0          0       2325   stm32f1xx_hal_tim_ex.o
      1280         10          0          0          0       8616   stm32f1xx_hal_uart.o
        78         12          0          0          0       5030   stm32f1xx_it.o
         0          0          0          0          0        392   stream_buffer.o
         2          0         24          4          0       1059   system_stm32f1xx.o
      2384        198          0         60       1220      28621   tasks.o
       972         80          0         20        280      31699   timers.o

    ----------------------------------------------------------------------
     19768       1190       7496        228       9368     770554   Object Totals
         0          0         32          0          0          0   (incl. Generated)
        40          0          2          2          4          0   (incl. Padding)

    ----------------------------------------------------------------------

      Code (inc. data)   RO Data    RW Data    ZI Data      Debug   Library Member Name

         8          0          0          0          0         68   __main.o
       284          0          0          0          0        156   __printf_wp.o
         0          0          0          0          0          0   __rtentry.o
        12          0          0          0          0          0   __rtentry2.o
         6          0          0          0          0          0   __rtentry4.o
        52          8          0          0          0          0   __scatter.o
        26          0          0          0          0          0   __scatter_copy.o
        28          0          0          0          0          0   __scatter_zi.o
        28          0          0          0          0         68   _chval.o
        48          6          0          0          0         96   _printf_char_common.o
         6          0          0          0          0          0   _printf_f.o
      1054          0          0          0          0        216   _printf_fp_dec.o
       128         16          0          0          0         84   _printf_fp_infnan.o
         0          0          0          0          0          0   _printf_percent.o
         4          0          0          0          0          0   _printf_percent_end.o
        10          0          0          0          0         68   _sputc.o
       158          0          0          0          0         92   _strtoul.o
        16          0          0          0          0         68   aeabi_memset.o
        26          0          0          0          0         80   atoi.o
       228          4        148          0          0         96   bigflt0.o
      1936        128          0          0          0        672   btod.o
        18          0          0          0          0         80   exit.o
         6          0          0          0          0        152   heapauxi.o
         0          0          0          0          0          0   indicate_semi.o
        44         10        272          0          0         76   lc_ctype_c.o
        44         10         28          0          0         76   lc_numeric_c.o
         2          0          0          0          0          0   libinit.o
        30          0          0          0          0          0   libinit2.o
         2          0          0          0          0          0   libshutdown.o
         2          0          0          0          0          0   libshutdown2.o
         8          4          0          0         96         68   libspace.o
       138          0          0          0          0         80   lludiv10.o
        38          0          0          0          0         68   llushr.o
        40          6          0          0          0         84   noretval__2sprintf.o
        16          4          0          0          0         76   rt_ctype_table.o
         8          4          0          0          0         68   rt_errno_addr_intlibspace.o
         8          4          0          0          0         68   rt_locale_intlibspace.o
        68          0          0          0          0         68   rt_memclr.o
        78          0          0          0          0         80   rt_memclr_w.o
       138          0          0          0          0         68   rt_memcpy_v6.o
       100          0          0          0          0         80   rt_memcpy_w.o
         2          0          0          0          0          0   rtexit.o
        10          0          0          0          0          0   rtexit2.o
        20          0          0          0          0         68   strchr.o
       128          0          0          0          0         68   strcmpv7m.o
        72          0          0          0          0         80   strcpy.o
        36          0          0          0          0         80   strstr.o
       112          0          0          0          0         88   strtol.o
        12          4          0          0          0         68   sys_exit.o
        74          0          0          0          0         80   sys_stackheap_outer.o
         2          0          0          0          0         68   use_no_semi.o
        12          0          0          0          0         68   dretinf.o
        86          4          0          0          0         84   f2d.o
       140          4          0          0          0         84   fnaninf.o
         4          0          0          0          0         68   printf1.o
         0          0          0          0          0          0   usenofp.o
        40          0          0          0          0         68   fpclassify.o

    ----------------------------------------------------------------------
      5612        216        448          0        100       3928   Library Totals
        16          0          0          0          4          0   (incl. Padding)

    ----------------------------------------------------------------------

      Code (inc. data)   RO Data    RW Data    ZI Data      Debug   Library Name

      5314        208        448          0         96       3556   c_w.l
       242          8          0          0          0        304   fz_ws.l
        40          0          0          0          0         68   m_ws.l

    ----------------------------------------------------------------------
      5612        216        448          0        100       3928   Library Totals

    ----------------------------------------------------------------------

==============================================================================


      Code (inc. data)   RO Data    RW Data    ZI Data      Debug   

     25380       1406       7944        228       9468     761842   Grand Totals
     25380       1406       7944        228       9468     761842   ELF Image Totals
     25380       1406       7944        228          0          0   ROM Totals

==============================================================================

    Total RO  Size (Code + RO Data)                33324 (  32.54kB)
    Total RW  Size (RW Data + ZI Data)              9696 (   9.47kB)
    Total ROM Size (Code + RO Data + RW Data)      33552 (  32.77kB)

==============================================================================

